Executing action: monitor
Running idf_monitor in directory /home/phil/work/esp32_btaudio/esp_bt_audio_source
Executing "/home/phil/.espressif/python_env/idf5.5_py3.12_env/bin/python /home/phil/esp/v5.5.1/esp-idf/tools/idf_monitor.py -p /dev/ttyUSB0 -b 115200 --toolchain-prefix xtensa-esp32-elf- --target esp32 --revision 0 /home/phil/work/esp32_btaudio/esp_bt_audio_source/build/esp_bt_audio_source.elf /home/phil/work/esp32_btaudio/esp_bt_audio_source/build/bootloader/bootloader.elf -m '/home/phil/.espressif/python_env/idf5.5_py3.12_env/bin/python' '/home/phil/esp/v5.5.1/esp-idf/tools/idf.py' '-p' '/dev/ttyUSB0'"...
ets Jul 29 2019 12:21:46

rst:0x1 (POWERON_RESET),boot:0x13 (SPI_FAST_FLASH_BOOT)
configsip: 0, SPIWP:0xee
clk_drv:0x00,q_drv:0x00,d_drv:0x00,cs0_drv:0x00,hd_drv:0x00,wp_drv:0x00
mode:DIO, clock div:2
load:0x3fff0030,len:6380
ho 0 tail 12 room 4
load:0x40078000,len:15916
load:0x40080400,len:3860
entry 0x40080638
[0;32mI (29) boot: ESP-IDF v5.5.1-dirty 2nd stage bootloader[0m
[0;32mI (29) boot: compile time Dec 20 2025 03:57:48[0m
[0;32mI (29) boot: Multicore bootloader[0m
[0;32mI (31) boot: chip revision: v3.1[0m
[0;32mI (34) boot.esp32: SPI Speed      : 40MHz[0m
[0;32mI (38) boot.esp32: SPI Mode       : DIO[0m
[0;32mI (41) boot.esp32: SPI Flash Size : 2MB[0m
[0;32mI (45) boot: Enabling RNG early entropy source...[0m
[0;32mI (49) boot: Partition Table:[0m
[0;32mI (52) boot: ## Label            Usage          Type ST Offset   Length[0m
[0;32mI (58) boot:  0 nvs              WiFi data        01 02 00009000 00006000[0m
[0;32mI (65) boot:  1 phy_init         RF data          01 01 0000f000 00001000[0m
[0;32mI (71) boot:  2 factory          factory app      00 00 00010000 001b0000[0m
[0;32mI (78) boot:  3 spiffs           Unknown data     01 82 001c0000 00040000[0m
[0;32mI (84) boot: End of partition table[0m
[0;32mI (88) esp_image: segment 0: paddr=00010020 vaddr=3f400020 size=27160h (160096) map[0m
[0;32mI (150) esp_image: segment 1: paddr=00037188 vaddr=3ffbdb60 size=0539ch ( 21404) load[0m
[0;32mI (158) esp_image: segment 2: paddr=0003c52c vaddr=40080000 size=03aech ( 15084) load[0m
[0;32mI (164) esp_image: segment 3: paddr=00040020 vaddr=400d0020 size=9e030h (647216) map[0m
[0;32mI (385) esp_image: segment 4: paddr=000de058 vaddr=40083aec size=17b1ch ( 97052) load[0m
[0;32mI (423) esp_image: segment 5: paddr=000f5b7c vaddr=50000000 size=00020h (    32) load[0m
[0;32mI (437) boot: Loaded app from partition at offset 0x10000[0m
[0;32mI (437) boot: Disabling RNG early entropy source...[0m
[0;32mI (448) cpu_start: Multicore app[0m
[0;32mI (456) cpu_start: Pro cpu start user code[0m
[0;32mI (457) cpu_start: cpu freq: 160000000 Hz[0m
[0;32mI (457) app_init: Application information:[0m
[0;32mI (457) app_init: Project name:     esp_bt_audio_source[0m
[0;32mI (462) app_init: App version:      v0.1.0-302-gcc45ac88[0m
[0;32mI (467) app_init: Compile time:     Dec 27 2025 02:30:57[0m
[0;32mI (472) app_init: ELF file SHA256:  e8d202441...[0m
[0;32mI (476) app_init: ESP-IDF:          v5.5.1-dirty[0m
[0;32mI (480) efuse_init: Min chip rev:     v0.0[0m
[0;32mI (484) efuse_init: Max chip rev:     v3.99 [0m
[0;32mI (488) efuse_init: Chip rev:         v3.1[0m
[0;32mI (492) heap_init: Initializing. RAM available for dynamic allocation:[0m
[0;32mI (498) heap_init: At 3FFAFF10 len 000000F0 (0 KiB): DRAM[0m
[0;32mI (503) heap_init: At 3FFB6388 len 00001C78 (7 KiB): DRAM[0m
[0;32mI (508) heap_init: At 3FFB9A20 len 00004108 (16 KiB): DRAM[0m
[0;32mI (514) heap_init: At 3FFD1850 len 0000E7B0 (57 KiB): DRAM[0m
[0;32mI (519) heap_init: At 3FFE0440 len 00003AE0 (14 KiB): D/IRAM[0m
[0;32mI (524) heap_init: At 3FFE4350 len 0001BCB0 (111 KiB): D/IRAM[0m
[0;32mI (530) heap_init: At 4009B608 len 000049F8 (18 KiB): IRAM[0m
[0;33mW (536) spi_flash: Detected boya flash chip but using generic driver. For optimal functionality, enable `SPI_FLASH_SUPPORT_BOYA_CHIP` in menuconfig[0m
[0;32mI (548) spi_flash: detected chip: generic[0m
[0;32mI (552) spi_flash: flash io: dio[0m
[0;33mW (555) spi_flash: Detected size(4096k) larger than the size in the binary image header(2048k). Using the size in the binary image header.[0m
[0;32mI (568) coexist: coex firmware version: b0bcc39[0m
[0;32mI (572) main_task: Started on CPU0[0m
[0;32mI (582) main_task: Calling app_main()[0m
DIAG|BOOT|EARLY_BOOT_MARKER
[0;32mI (582) BT_AV: ESP32 Bluetooth Audio Source starting[0m
[0;32mI (582) uart: ALREADY NULL[0m
DIAG|BOOT|EARLY_UART_INSTALL|ret=0,installed=1
DIAG|BOOT|UART_READY_FOR_CMD_LAYER
[0;32mI (632) BTDM_INIT: BT controller compile version [722c907][0m
[0;32mI (642) BTDM_INIT: Using main XTAL as clock source[0m
[0;32mI (642) BTDM_INIT: Bluetooth MAC: a0:b7:65:2b:e6:5e[0m
[0;32mI (642) BT_MGR: Controller initialized via bt_manager: mode=2 target_mode=0x2[0m
[0;32mI (652) phy_init: phy_version 4861,b71b5ad,Aug  5 2025,11:16:06[0m
[0;32mI (1192) BT_MGR: Controller enabled via bt_manager: mode=CLASSIC_BT[0m
[0;33mW (1282) BT_BTC: A2DP Enable without AVRC[0m
[0;32mI (1292) BT_MGR: Bluetooth manager initialized with name: ESP_A2DP_SRC[0m
[0;32mI (1302) BT_MGR: Loaded 1 persisted paired devices[0m
[0;32mI (1302) BT_AV: Bluetooth manager initialized[0m
INFO|CMD_IF|BOOT_DIAG|CMD_INIT_CALLED
INFO|CMD_IF|BOOT_DIAG|CMD_INIT_CALLED
INFO|CMD_IF|CMD_TASK_STARTED
INFO|CMD_IF|CMD_TASK_STARTED
DIAG|CMD_IF|UART_DRIVER_INSTALLED|uart=0|installed=1
[0;33mW (1322) AUDIO_PROC: Runtime: PSRAM not available — reducing DRAM allocation targets to relieve pressure[0m
[0;33mW (1332) AUDIO_PROC: Runtime: PSRAM absent — capping initial audio buffer target to 16384 bytes to reduce DRAM pressure[0m
DIAG|AUDIO|STATUS|initialized=1|running=1|volume=80|mute=0|rate=44100|bits=16|ch=2
[0;32mI (1352) BT_AV: ====================================================[0m
[0;32mI (1352) BT_AV: Bluetooth will scan for and connect to audio devices[0m
[0;32mI (1362) BT_AV: Will play a short beep once per minute[0m
[0;32mI (1362) BT_AV: ====================================================[0m
PARSE-DIAG: token='python3'
PARSE-DIAG: token='import'
PARSE-DIAG: token='p='/dev/ttyUSB0''
PARSE-DIAG: token='cmds=["DEBUG'
[0;33mW (19772) CMD_IF: cmd_process: line buffer overflow, resetting buffer[0m
PARSE-DIAG: token='moment'
PARSE-DIAG: token='time.sleep(1.0)'
PARSE-DIAG: token='try:'
PARSE-DIAG: token='with'
PARSE-DIAG: token='for'
PARSE-DIAG: token='f.write((c+'\r\n').encode())'
PARSE-DIAG: token='f.flush()'
PARSE-DIAG: token='time.sleep(0.45)'
PARSE-DIAG: token='print('SENT')'
PARSE-DIAG: token='except'
PARSE-DIAG: token='print('ERR','
PARSE-DIAG: token='PY'
[0;33mW (20172) BT_HCI: hcif conn complete: hdl 0x80, st 0x0[0m
[0;32mI (22312) BT_LOG: bta_av_link_role_ok hndl:x41 role:1 conn_audio:x0 bits:2 features:x8400[0m

[0;33mW (22362) BT_L2CAP: L2CAP - rcvd conn req for unknown PSM: 23[0m
[0;33mW (22472) BT_APPL: new conn_srvc id:18, app_id:0[0m
[0;32mI (22472) BT_MGR: Connected to device: 00:18:6b:76:d7:1c[0m
[0;32mI (22472) BT_CONNECTION_MGR: Connection state changed: 2[0m
[0;32mI (22472) BT_CONNECTION_MGR: Connected to device[0m
[0;32mI (22482) BT_MGR: Started audio streaming[0m
[0;32mI (22482) BT_MGR: Auto-start after connect -> OK[0m
[0;33mW (22492) BT_APPL: new conn_srvc id:18, app_id:1[0m
[0;32mI (22532) BT_LOG: bta_av_link_role_ok hndl:x41 role:1 conn_audio:x1 bits:1 features:x8400[0m

[0;32mI (22532) BT_MGR: Audio streaming started[0m
[0;32mI (22532) BT_CONNECTION_MGR: Audio state changed: 1[0m
[0;32mI (22542) BT_CONNECTION_MGR: Audio streaming starting[0m
[0;32mI (22642) BT_CONNECTION_MGR: Audio streaming started[0m
[0;33mW (231632) CMD_IF: cmd_process: line buffer overflow, resetting buffer[0m
PARSE-DIAG: token='DIO_DIAG_SUMMARY\r\n''
PARSE-DIAG: token=''
PARSE-DIAG: token='0.35'
PARSE-DIAG: token='pkill'
[0;33mW (264352) CMD_IF: cmd_process: line buffer overflow, resetting buffer[0m
PARSE-DIAG: token='python3'
PARSE-DIAG: token='import'
PARSE-DIAG: token='p='/dev/ttyUSB0''
PARSE-DIAG: token='#'
PARSE-DIAG: token='os.system("stty'
PARSE-DIAG: token='try:'
PARSE-DIAG: token='f'
PARSE-DIAG: token='except'
PARSE-DIAG: token='print('OPEN_ERR','
PARSE-DIAG: token='sys.exit(1)'
PARSE-DIAG: token='cmds=["DEBUG'
PARSE-DIAG: token='#'
PARSE-DIAG: token='time.sleep(0.2)'
PARSE-DIAG: token='for'
PARSE-DIAG: token='print('SEND:','
[0;33mW (264412) CMD_IF: cmd_process: line buffer overflow, resetting buffer[0m
PARSE-DIAG: token='.encode())'
PARSE-DIAG: token='f.flush()'
PARSE-DIAG: token='#'
PARSE-DIAG: token='end'
PARSE-DIAG: token='buf'
PARSE-DIAG: token='while'
PARSE-DIAG: token='r,_,_'
PARSE-DIAG: token='if'
PARSE-DIAG: token='try:'
[0;33mW (264452) CMD_IF: cmd_process: line buffer overflow, resetting buffer[0m
PARSE-DIAG: token='ad(f.fileno(),'
PARSE-DIAG: token='except'
PARSE-DIAG: token='break'
PARSE-DIAG: token='if'
PARSE-DIAG: token='break'
PARSE-DIAG: token='buf'
PARSE-DIAG: token='#'
PARSE-DIAG: token='sys.stdout.buffer.write(data)'
PARSE-DIAG: token='sys.stdout.buffer.flush()'
PARSE-DIAG: token='#'
PARSE-DIAG: token='time.sleep(0.2)'
PARSE-DIAG: token='print('DONE')'
PARSE-DIAG: token='f.close()'
PARSE-DIAG: token='PY'
PARSE-DIAG: token='ps'
