Script started on 2025-12-27 03:26:35-08:00 [COMMAND="idf.py -C esp_bt_audio_source -p /dev/ttyUSB0 monitor" TERM="xterm-256color" TTY="/dev/pts/10" COLUMNS="66" LINES="22"]
Executing action: monitor
Running idf_monitor in directory /home/phil/work/esp32_btaudio/esp_bt_audio_source
Executing "/home/phil/.espressif/python_env/idf5.5_py3.12_env/bin/python /home/phil/esp/v5.5.1/esp-idf/tools/idf_monitor.py -p /dev/ttyUSB0 -b 115200 --toolchain-prefix xtensa-esp32-elf- --target esp32 --revision 0 /home/phil/work/esp32_btaudio/esp_bt_audio_source/build/esp_bt_audio_source.elf /home/phil/work/esp32_btaudio/esp_bt_audio_source/build/bootloader/bootloader.elf -m '/home/phil/.espressif/python_env/idf5.5_py3.12_env/bin/python' '/home/phil/esp/v5.5.1/esp-idf/tools/idf.py' '-C' 'esp_bt_audio_source' '-p' '/dev/ttyUSB0'"...
[0;33m--- esp-idf-monitor 1.8.0 on /dev/ttyUSB0 115200[0m
[0;33m--- Quit: Ctrl+] | Menu: Ctrl+T | Help: Ctrl+T followed by Ctrl+H[0m
ets Jul 29 2019 12:21:46

rst:0x1 (POWERON_RESET),boot:0x13 (SPI_FAST_FLASH_BOOT)
configsip: 0, SPIWP:0xee
clk_drv:0x00,q_drv:0x00,d_drv:0x00,cs0_drv:0x00,hd_drv:0x00,wp_drv:0x00
mode:DIO, clock div:2
load:0x3fff0030,len:6380
ho 0 tail 12 room 4
load:0x40078000,len:15916
load:0x40080400,len:3860
[0m--- 0x40080400: [0;33m_invalid_pc_placeholder[0m[0m at [0;32m/home/phil/esp/v5.5.1/esp-idf/components/xtensa/xtensa_vectors.S[0m[0m:[1;31m2235[0m
entry 0x40080638
[0m--- 0x40080638: [0;33mcall_start_cpu0[0m[0m at [0;32m/home/phil/esp/v5.5.1/esp-idf/components/bootloader/subproject/main/bootloader_start.c[0m[0m:[1;31m25[0m
[0;32mI (29) boot: ESP-IDF v5.5.1-dirty 2nd stage bootloader[0m
[0;32mI (29) boot: compile time Dec 20 2025 03:57:48[0m
[0;32mI (29) boot: Multicore bootloader[0m
[0;32mI (31) boot: chip revision: v3.1[0m
[0;32mI (34) boot.esp32: SPI Speed      : 40MHz[0m
[0;32mI (38) boot.esp32: SPI Mode       : DIO[0m
[0;32mI (41) boot.esp32: SPI Flash Size : 2MB[0m
[0;32mI (45) boot: Enabling RNG early entropy source...[0m
[0;32mI (49) boot: Partition Table:[0m
[0;32mI (52) boot: ## Label            Usage          Type ST Offset   Length[0m
[0;32mI (58) boot:  0 nvs              WiFi data        01 02 00009000 00006000[0m
[0;32mI (65) boot:  1 phy_init         RF data          01 01 0000f000 00001000[0m
[0;32mI (71) boot:  2 factory          factory app      00 00 00010000 001b0000[0m
[0;32mI (78) boot:  3 spiffs           Unknown data     01 82 001c0000 00040000[0m
[0;32mI (84) boot: End of partition table[0m
[0;32mI (88) esp_image: segment 0: paddr=00010020 vaddr=3f400020 size=27030h (159792) map[0m
[0;32mI (150) esp_image: segment 1: paddr=00037058 vaddr=3ffbdb60 size=0539ch ( 21404) load[0m
[0;32mI (158) esp_image: segment 2: paddr=0003c3fc vaddr=40080000 size=03c1ch ( 15388) load[0m
[0;32mI (164) esp_image: segment 3: paddr=00040020 vaddr=400d0020 size=9de64h (646756) map[0m
[0;32mI (385) esp_image: segment 4: paddr=000dde8c vaddr=40083c1c size=179ech ( 96748) load[0m
[0;32mI (423) esp_image: segment 5: paddr=000f5880 vaddr=50000000 size=00020h (    32) load[0m
[0;32mI (437) boot: Loaded app from partition at offset 0x10000[0m
[0;32mI (437) boot: Disabling RNG early entropy source...[0m
[0;32mI (448) cpu_start: Multicore app[0m
[0;32mI (456) cpu_start: Pro cpu start user code[0m
[0;32mI (456) cpu_start: cpu freq: 160000000 Hz[0m
[0;32mI (456) app_init: Application information:[0m
[0;32mI (456) app_init: Project name:     esp_bt_audio_source[0m
[0;32mI (461) app_init: App version:      v0.1.0-302-gcc45ac88[0m
[0;32mI (466) app_init: Compile time:     Dec 27 2025 02:30:57[0m
[0;32mI (471) app_init: ELF file SHA256:  221b5494f...[0m
[0;32mI (476) app_init: ESP-IDF:          v5.5.1-dirty[0m
[0;32mI (480) efuse_init: Min chip rev:     v0.0[0m
[0;32mI (484) efuse_init: Max chip rev:     v3.99 [0m
[0;32mI (488) efuse_init: Chip rev:         v3.1[0m
[0;32mI (492) heap_init: Initializing. RAM available for dynamic allocation:[0m
[0;32mI (498) heap_init: At 3FFAFF10 len 000000F0 (0 KiB): DRAM[0m
[0;32mI (503) heap_init: At 3FFB6388 len 00001C78 (7 KiB): DRAM[0m
[0;32mI (508) heap_init: At 3FFB9A20 len 00004108 (16 KiB): DRAM[0m
[0;32mI (513) heap_init: At 3FFD1848 len 0000E7B8 (57 KiB): DRAM[0m
[0;32mI (519) heap_init: At 3FFE0440 len 00003AE0 (14 KiB): D/IRAM[0m
[0;32mI (524) heap_init: At 3FFE4350 len 0001BCB0 (111 KiB): D/IRAM[0m
[0;32mI (530) heap_init: At 4009B608 len 000049F8 (18 KiB): IRAM[0m
[0;33mW (536) spi_flash: Detected boya flash chip but using generic driver. For optimal functionality, enable `SPI_FLASH_SUPPORT_BOYA_CHIP` in menuconfig[0m
[0;32mI (548) spi_flash: detected chip: generic[0m
[0;32mI (551) spi_flash: flash io: dio[0m
[0;33mW (554) spi_flash: Detected size(4096k) larger than the size in the binary image header(2048k). Using the size in the binary image header.[0m
[0;32mI (568) coexist: coex firmware version: b0bcc39[0m
[0;32mI (572) main_task: Started on CPU0[0m
[0;32mI (582) main_task: Calling app_main()[0m
DIAG|BOOT|EARLY_BOOT_MARKER
[0;32mI (582) BT_AV: ESP32 Bluetooth Audio Source starting[0m
[0;32mI (582) uart: ALREADY NULL[0m
DIAG|BOOT|EARLY_UART_INSTALL|ret=0,installed=1
DIAG|BOOT|UART_READY_FOR_CMD_LAYER
[0;32mI (632) BTDM_INIT: BT controller compile version [722c907][0m
[0;32mI (642) BTDM_INIT: Using main XTAL as clock source[0m
[0;32mI (642) BTDM_INIT: Bluetooth MAC: a0:b7:65:2b:e6:5e[0m
[0;32mI (642) BT_MGR: Controller initialized via bt_manager: mode=2 target_mode=0x2[0m
[0;32mI (652) phy_init: phy_version 4861,b71b5ad,Aug  5 2025,11:16:06[0m
[0;32mI (732) phy_init: Saving new calibration data due to checksum failure or outdated calibration data, mode(0)[0m
[0;32mI (1312) BT_MGR: Controller enabled via bt_manager: mode=CLASSIC_BT[0m
[0;33mW (1402) BT_BTC: A2DP Enable without AVRC[0m
[0;32mI (1412) BT_MGR: Bluetooth manager initialized with name: ESP_A2DP_SRC[0m
[0;32mI (1422) BT_MGR: Loaded 1 persisted paired devices[0m
[0;32mI (1422) BT_AV: Bluetooth manager initialized[0m
INFO|CMD_IF|BOOT_DIAG|CMD_INIT_CALLED
INFO|CMD_IF|BOOT_DIAG|CMD_INIT_CALLED
INFO|CMD_IF|CMD_TASK_STARTED
INFO|CMD_IF|CMD_TASK_STARTED
DIAG|CMD_IF|UART_DRIVER_INSTALLED|uart=0|installed=1
[0;33mW (1442) AUDIO_PROC: Runtime: PSRAM not available — reducing DRAM allocation targets to relieve pressure[0m
[0;33mW (1452) AUDIO_PROC: Runtime: PSRAM absent — capping initial audio buffer target to 16384 bytes to reduce DRAM pressure[0m
DIAG|AUDIO|STATUS|initialized=1|running=1|volume=80|mute=0|rate=44100|bits=16|ch=2
[0;32mI (1462) BT_AV: ====================================================[0m
[0;32mI (1472) BT_AV: Bluetooth will scan for and connect to audio devices[0m
[0;32mI (1482) BT_AV: Will play a short beep once per minute[0m
[0;32mI (1482) BT_AV: ====================================================[0m
[0;33mW (21572) BT_HCI: hcif conn complete: hdl 0x80, st 0x0[0m
[0;32mI (23712) BT_LOG: bta_av_link_role_ok hndl:x41 role:1 conn_audio:x0 bits:2 features:x8400[0m

[0;33mW (23762) BT_L2CAP: L2CAP - rcvd conn req for unknown PSM: 23[0m
[0;33mW (23872) BT_APPL: new conn_srvc id:18, app_id:0[0m
[0;32mI (23882) BT_MGR: Connected to device: 00:18:6b:76:d7:1c[0m
[0;32mI (23882) BT_CONNECTION_MGR: Connection state changed: 2[0m
[0;32mI (23882) BT_CONNECTION_MGR: Connected to device[0m
[0;32mI (23882) BT_MGR: Started audio streaming[0m
[0;32mI (23892) BT_MGR: Auto-start after connect -> OK[0m
[0;33mW (23902) BT_APPL: new conn_srvc id:18, app_id:1[0m
[0;32mI (23932) BT_LOG: bta_av_link_role_ok hndl:x41 role:1 conn_audio:x1 bits:1 features:x8400[0m

[0;32mI (23932) BT_MGR: Audio streaming started[0m
[0;32mI (23932) BT_CONNECTION_MGR: Audio state changed: 1[0m
[0;32mI (23932) BT_CONNECTION_MGR: Audio streaming starting[0m
[0;32mI (24042) BT_CONNECTION_MGR: Audio streaming started[0m
PARSE-DIAG: token='BEEP_DIAG'
PARSE-DIAG: token='BEEP'
[0;32mI (66452) CMD_IF: DIAG-BEEP: bt_get_connection_state=1 bt_get_streaming_state_int=1 bt_manager_conn=1[0m
DIAG-BEEP: bt_get_connection_state=1 bt_get_streaming_state_int=1 bt_manager_conn=1
[0;33mW (66472) AUDIO_PROC: I2S read failed: 263 (ESP_ERR_TIMEOUT) requested=1024 aligned_frame_bytes=4 got_bytes=0[0m
[0;33mW (66472) AUDIO_PROC: TAG-MISS path=audio_rb push=4276 take=4276 last_push_id=4275 last_take_id=4275 tag_free=8192[0m
[0;33mW (66482) AUDIO_PROC: TAG-MISS-DIAG debt=0 fallback_active=0 fallback_frames=0[0m
OK|BEEP|SENT|
[0;33mW (77102) AUDIO_PROC: TAG-MISS path=audio_rb push=4795 take=4795 last_push_id=4794 last_take_id=4794 tag_free=8192[0m
[0;33mW (77102) AUDIO_PROC: TAG-MISS-DIAG debt=0 fallback_active=0 fallback_frames=0[0m
[0m

Script done on 2025-12-27 03:28:03-08:00 [COMMAND_EXIT_CODE="0"]
