Executing action: flash
Running ninja in directory /home/phil/work/esp32_btaudio/esp_bt_audio_source/build
Executing "ninja flash"...
[1/10] Performing build step for 'bootloader'
[1/1] cd /home/phil/work/esp32_btaudio/esp_bt_audio_source/build/bootloader/esp-idf/esptool_py && /home/phil/.espressif/python_env/idf5.5_py3.12_env/bin/python /home/phil/esp/v5.5.1/esp-idf/components/partition_table/check_sizes.py --offset 0x8000 bootloader 0x1000 /home/phil/work/esp32_btaudio/esp_bt_audio_source/build/bootloader/bootloader.bin
Bootloader binary size 0x6680 bytes. 0x980 bytes (8%) free.
[2/10] No install step for 'bootloader'
[3/10] Completed 'bootloader'
[4/10] Building C object esp-idf/main/CMakeFiles/__idf_main.dir/audio_processor.c.obj
[5/10] Linking C static library esp-idf/main/libmain.a
[6/10] Generating esp-idf/esp_system/ld/sections.ld
[7/10] Linking CXX executable esp_bt_audio_source.elf
[8/10] Generating binary image from built executable
esptool.py v4.11.dev1
Creating esp32 image...
Merged 2 ELF sections
Successfully created esp32 image.
Generated /home/phil/work/esp32_btaudio/esp_bt_audio_source/build/esp_bt_audio_source.bin
[9/10] cd /home/phil/work/esp32_btaudio/esp_bt_audio_source/build/esp-idf/esptool_py && /home/phil/.espressif/python_env/idf5.5_py3.12_env/bin/python /home/phil/esp/v5.5.1/esp-idf/components/partition_table/check_sizes.py --offset 0x8000 partition --type app /home/phil/work/esp32_btaudio/esp_bt_audio_source/build/partition_table/partition-table.bin /home/phil/work/esp32_btaudio/esp_bt_audio_source/build/esp_bt_audio_source.bin
esp_bt_audio_source.bin binary size 0xe58d0 bytes. Smallest app partition is 0x1b0000 bytes. 0xca730 bytes (47%) free.
[9/10] cd /home/phil/esp/v5.5.1/esp-idf/components/esptool_py && /usr/bin/cmake -D IDF_PATH=/home/phil/esp/v5.5.1/esp-idf -D "SERIAL_TOOL=/home/phil/.espressif/python_env/idf5.5_py3.12_env/bin/python;;/home/phil/esp/v5.5.1/esp-idf/components/esptool_py/esptool/esptool.py;--chip;esp32" -D "SERIAL_TOOL_ARGS=--before=default_reset;--after=hard_reset;write_flash;@flash_args" -D WORKING_DIRECTORY=/home/phil/work/esp32_btaudio/esp_bt_audio_source/build -P /home/phil/esp/v5.5.1/esp-idf/components/esptool_py/run_serial_tool.cmake
esptool.py --chip esp32 -p /dev/ttyUSB0 -b 460800 --before=default_reset --after=hard_reset write_flash --flash_mode dio --flash_freq 40m --flash_size 2MB 0x1000 bootloader/bootloader.bin 0x10000 esp_bt_audio_source.bin 0x8000 partition_table/partition-table.bin
esptool.py v4.11.dev1
Serial port /dev/ttyUSB0
Connecting.......
Chip is ESP32-D0WD-V3 (revision v3.1)
Features: WiFi, BT, Dual Core, 240MHz, VRef calibration in efuse, Coding Scheme None
Crystal is 40MHz
MAC: a0:b7:65:2b:e6:5c
Uploading stub...
Running stub...
Stub running...
Changing baud rate to 460800
Changed.
Configuring flash size...
Flash will be erased from 0x00001000 to 0x00007fff...
Flash will be erased from 0x00010000 to 0x000f5fff...
Flash will be erased from 0x00008000 to 0x00008fff...
SHA digest in image updated
Compressed 26240 bytes to 16491...
Writing at 0x00001000... (50 %)
Writing at 0x000075f5... (100 %)
Wrote 26240 bytes (16491 compressed) at 0x00001000 in 0.8 seconds (effective 273.7 kbit/s)...
Hash of data verified.
Compressed 940240 bytes to 559051...
Writing at 0x00010000... (2 %)
Writing at 0x0001cf3a... (5 %)
Writing at 0x0002b647... (8 %)
Writing at 0x000358b2... (11 %)
Writing at 0x0003f9f1... (14 %)
Writing at 0x00045998... (17 %)
Writing at 0x0004b98e... (20 %)
Writing at 0x000512ff... (22 %)
Writing at 0x00056f29... (25 %)
Writing at 0x0005cccf... (28 %)
Writing at 0x00062bc1... (31 %)
Writing at 0x000690a3... (34 %)
Writing at 0x0006f187... (37 %)
Writing at 0x00074f6f... (40 %)
Writing at 0x0007ad71... (42 %)
Writing at 0x00080cb7... (45 %)
Writing at 0x00086c01... (48 %)
Writing at 0x0008cf4c... (51 %)
Writing at 0x000929f0... (54 %)
Writing at 0x000987e3... (57 %)
Writing at 0x0009e2b4... (60 %)
Writing at 0x000a44b9... (62 %)
Writing at 0x000aa12b... (65 %)
Writing at 0x000afc03... (68 %)
Writing at 0x000b5789... (71 %)
Writing at 0x000bb02f... (74 %)
Writing at 0x000c0ae2... (77 %)
Writing at 0x000c6665... (80 %)
Writing at 0x000cf69f... (82 %)
Writing at 0x000d7219... (85 %)
Writing at 0x000dd783... (88 %)
Writing at 0x000e31b2... (91 %)
Writing at 0x000e8758... (94 %)
Writing at 0x000ee77c... (97 %)
Writing at 0x000f4a71... (100 %)
Wrote 940240 bytes (559051 compressed) at 0x00010000 in 13.0 seconds (effective 579.7 kbit/s)...
Hash of data verified.
Compressed 3072 bytes to 120...
Writing at 0x00008000... (100 %)
Wrote 3072 bytes (120 compressed) at 0x00008000 in 0.1 seconds (effective 481.7 kbit/s)...
Hash of data verified.

Leaving...
Hard resetting via RTS pin...
Executing action: monitor
Running idf_monitor in directory /home/phil/work/esp32_btaudio/esp_bt_audio_source
Executing "/home/phil/.espressif/python_env/idf5.5_py3.12_env/bin/python /home/phil/esp/v5.5.1/esp-idf/tools/idf_monitor.py -p /dev/ttyUSB0 -b 115200 --toolchain-prefix xtensa-esp32-elf- --target esp32 --revision 0 /home/phil/work/esp32_btaudio/esp_bt_audio_source/build/esp_bt_audio_source.elf /home/phil/work/esp32_btaudio/esp_bt_audio_source/build/bootloader/bootloader.elf -m '/home/phil/.espressif/python_env/idf5.5_py3.12_env/bin/python' '/home/phil/esp/v5.5.1/esp-idf/tools/idf.py' '-p' '/dev/ttyUSB0'"...
ets Jul 29 2019 12:21:46

rst:0x1 (POWERON_RESET),boot:0x13 (SPI_FAST_FLASH_BOOT)
configsip: 0, SPIWP:0xee
clk_drv:0x00,q_drv:0x00,d_drv:0x00,cs0_drv:0x00,hd_drv:0x00,wp_drv:0x00
mode:DIO, clock div:2
load:0x3fff0030,len:6380
ho 0 tail 12 room 4
load:0x40078000,len:15916
load:0x40080400,len:3860
entry 0x40080638
[0;32mI (29) boot: ESP-IDF v5.5.1-dirty 2nd stage bootloader[0m
[0;32mI (29) boot: compile time Dec 20 2025 03:57:48[0m
[0;32mI (29) boot: Multicore bootloader[0m
[0;32mI (31) boot: chip revision: v3.1[0m
[0;32mI (34) boot.esp32: SPI Speed      : 40MHz[0m
[0;32mI (38) boot.esp32: SPI Mode       : DIO[0m
[0;32mI (41) boot.esp32: SPI Flash Size : 2MB[0m
[0;32mI (45) boot: Enabling RNG early entropy source...[0m
[0;32mI (49) boot: Partition Table:[0m
[0;32mI (52) boot: ## Label            Usage          Type ST Offset   Length[0m
[0;32mI (58) boot:  0 nvs              WiFi data        01 02 00009000 00006000[0m
[0;32mI (65) boot:  1 phy_init         RF data          01 01 0000f000 00001000[0m
[0;32mI (71) boot:  2 factory          factory app      00 00 00010000 001b0000[0m
[0;32mI (78) boot:  3 spiffs           Unknown data     01 82 001c0000 00040000[0m
[0;32mI (84) boot: End of partition table[0m
[0;32mI (88) esp_image: segment 0: paddr=00010020 vaddr=3f400020 size=27030h (159792) map[0m
[0;32mI (150) esp_image: segment 1: paddr=00037058 vaddr=3ffbdb60 size=0539ch ( 21404) load[0m
[0;32mI (158) esp_image: segment 2: paddr=0003c3fc vaddr=40080000 size=03c1ch ( 15388) load[0m
[0;32mI (164) esp_image: segment 3: paddr=00040020 vaddr=400d0020 size=9de64h (646756) map[0m
[0;32mI (385) esp_image: segment 4: paddr=000dde8c vaddr=40083c1c size=179ech ( 96748) load[0m
[0;32mI (423) esp_image: segment 5: paddr=000f5880 vaddr=50000000 size=00020h (    32) load[0m
[0;32mI (437) boot: Loaded app from partition at offset 0x10000[0m
[0;32mI (437) boot: Disabling RNG early entropy source...[0m
[0;32mI (448) cpu_start: Multicore app[0m
[0;32mI (456) cpu_start: Pro cpu start user code[0m
[0;32mI (456) cpu_start: cpu freq: 160000000 Hz[0m
[0;32mI (456) app_init: Application information:[0m
[0;32mI (456) app_init: Project name:     esp_bt_audio_source[0m
[0;32mI (461) app_init: App version:      v0.1.0-302-gcc45ac88[0m
[0;32mI (466) app_init: Compile time:     Dec 27 2025 02:30:57[0m
[0;32mI (471) app_init: ELF file SHA256:  53b3a3816...[0m
[0;32mI (476) app_init: ESP-IDF:          v5.5.1-dirty[0m
[0;32mI (480) efuse_init: Min chip rev:     v0.0[0m
[0;32mI (484) efuse_init: Max chip rev:     v3.99 [0m
[0;32mI (488) efuse_init: Chip rev:         v3.1[0m
[0;32mI (492) heap_init: Initializing. RAM available for dynamic allocation:[0m
[0;32mI (498) heap_init: At 3FFAFF10 len 000000F0 (0 KiB): DRAM[0m
[0;32mI (503) heap_init: At 3FFB6388 len 00001C78 (7 KiB): DRAM[0m
[0;32mI (508) heap_init: At 3FFB9A20 len 00004108 (16 KiB): DRAM[0m
[0;32mI (513) heap_init: At 3FFD1848 len 0000E7B8 (57 KiB): DRAM[0m
[0;32mI (519) heap_init: At 3FFE0440 len 00003AE0 (14 KiB): D/IRAM[0m
[0;32mI (524) heap_init: At 3FFE4350 len 0001BCB0 (111 KiB): D/IRAM[0m
[0;32mI (529) heap_init: At 4009B608 len 000049F8 (18 KiB): IRAM[0m
[0;33mW (536) spi_flash: Detected boya flash chip but using generic driver. For optimal functionality, enable `SPI_FLASH_SUPPORT_BOYA_CHIP` in menuconfig[0m
[0;32mI (548) spi_flash: detected chip: generic[0m
[0;32mI (551) spi_flash: flash io: dio[0m
[0;33mW (554) spi_flash: Detected size(4096k) larger than the size in the binary image header(2048k). Using the size in the binary image header.[0m
[0;32mI (567) coexist: coex firmware version: b0bcc39[0m
[0;32mI (572) main_task: Started on CPU0[0m
[0;32mI (582) main_task: Calling app_main()[0m
DIAG|BOOT|EARLY_BOOT_MARKER
[0;32mI (582) BT_AV: ESP32 Bluetooth Audio Source starting[0m
[0;32mI (582) uart: ALREADY NULL[0m
DIAG|BOOT|EARLY_UART_INSTALL|ret=0,installed=1
DIAG|BOOT|UART_READY_FOR_CMD_LAYER
[0;32mI (642) BTDM_INIT: BT controller compile version [722c907][0m
[0;32mI (642) BTDM_INIT: Using main XTAL as clock source[0m
[0;32mI (642) BTDM_INIT: Bluetooth MAC: a0:b7:65:2b:e6:5e[0m
[0;32mI (642) BT_MGR: Controller initialized via bt_manager: mode=2 target_mode=0x2[0m
[0;32mI (652) phy_init: phy_version 4861,b71b5ad,Aug  5 2025,11:16:06[0m
[0;32mI (1202) BT_MGR: Controller enabled via bt_manager: mode=CLASSIC_BT[0m
[0;33mW (1292) BT_BTC: A2DP Enable without AVRC[0m
[0;32mI (1302) BT_MGR: Bluetooth manager initialized with name: ESP_A2DP_SRC[0m
[0;32mI (1312) BT_MGR: Loaded 1 persisted paired devices[0m
[0;32mI (1312) BT_AV: Bluetooth manager initialized[0m
INFO|CMD_IF|BOOT_DIAG|CMD_INIT_CALLED
INFO|CMD_IF|BOOT_DIAG|CMD_INIT_CALLED
INFO|CMD_IF|CMD_TASK_STARTED
INFO|CMD_IF|CMD_TASK_STARTED
DIAG|CMD_IF|UART_DRIVER_INSTALLED|uart=0|installed=1
[0;33mW (1332) AUDIO_PROC: Runtime: PSRAM not available — reducing DRAM allocation targets to relieve pressure[0m
[0;33mW (1332) AUDIO_PROC: Runtime: PSRAM absent — capping initial audio buffer target to 16384 bytes to reduce DRAM pressure[0m
DIAG|AUDIO|STATUS|initialized=1|running=1|volume=80|mute=0|rate=44100|bits=16|ch=2
[0;32mI (1352) BT_AV: ====================================================[0m
[0;32mI (1362) BT_AV: Bluetooth will scan for and connect to audio devices[0m
[0;32mI (1362) BT_AV: Will play a short beep once per minute[0m
[0;32mI (1372) BT_AV: ====================================================[0m
[0;33mW (3372) BT_HCI: hcif conn complete: hdl 0x80, st 0x0[0m
[0;32mI (5512) BT_LOG: bta_av_link_role_ok hndl:x41 role:1 conn_audio:x0 bits:2 features:x8400[0m

[0;33mW (5562) BT_L2CAP: L2CAP - rcvd conn req for unknown PSM: 23[0m
[0;33mW (5692) BT_APPL: new conn_srvc id:18, app_id:0[0m
[0;32mI (5692) BT_MGR: Connected to device: 00:18:6b:76:d7:1c[0m
[0;32mI (5692) BT_CONNECTION_MGR: Connection state changed: 2[0m
[0;32mI (5692) BT_CONNECTION_MGR: Connected to device[0m
[0;32mI (5692) BT_MGR: Started audio streaming[0m
[0;32mI (5702) BT_MGR: Auto-start after connect -> OK[0m
[0;33mW (5712) BT_APPL: new conn_srvc id:18, app_id:1[0m
[0;32mI (5742) BT_LOG: bta_av_link_role_ok hndl:x41 role:1 conn_audio:x1 bits:1 features:x8400[0m

[0;32mI (5742) BT_MGR: Audio streaming started[0m
[0;32mI (5742) BT_CONNECTION_MGR: Audio state changed: 1[0m
[0;32mI (5742) BT_CONNECTION_MGR: Audio streaming starting[0m
[0;32mI (5852) BT_CONNECTION_MGR: Audio streaming started[0m
PARSE-DIAG: token='BEEP_DIAG'
PARSE-DIAG: token='BEEP'
[0;32mI (121092) CMD_IF: DIAG-BEEP: bt_get_connection_state=1 bt_get_streaming_state_int=1 bt_manager_conn=1[0m
DIAG-BEEP: bt_get_connection_state=1 bt_get_streaming_state_int=1 bt_manager_conn=1
[0;33mW (121112) AUDIO_PROC: I2S read failed: 263 (ESP_ERR_TIMEOUT) requested=1024 aligned_frame_bytes=4 got_bytes=0[0m
[0;33mW (121122) AUDIO_PROC: TAG-MISS path=audio_rb push=11547 take=11547 last_push_id=11546 last_take_id=11546 tag_free=8192[0m
[0;33mW (121122) AUDIO_PROC: TAG-MISS-DIAG debt=0 fallback_active=0 fallback_frames=0[0m
[0;33mW (121942) AUDIO_PROC: TAG-MISS path=audio_rb push=11646 take=11646 last_push_id=11645 last_take_id=11645 tag_free=8192[0m
[0;33mW (121942) AUDIO_PROC: TAG-MISS-DIAG debt=0 fallback_active=0 fallback_frames=0[0m
[0;33mW (123352) AUDIO_PROC: TAG-MISS path=audio_rb push=11829 take=11827 last_push_id=11828 last_take_id=11828 tag_free=8192[0m
[0;33mW (123352) AUDIO_PROC: TAG-MISS-DIAG debt=0 fallback_active=0 fallback_frames=0[0m
[0;33mW (131692) AUDIO_PROC: TAG-MISS path=audio_rb push=12202 take=12199 last_push_id=12201 last_take_id=12201 tag_free=8192[0m
[0;33mW (131692) AUDIO_PROC: TAG-MISS-DIAG debt=0 fallback_active=0 fallback_frames=0[0m
OK|BEEP|SENT|
[0;33mW (132562) AUDIO_PROC: TAG-MISS path=audio_rb push=12242 take=12238 last_push_id=12241 last_take_id=12241 tag_free=8192[0m
[0;33mW (132562) AUDIO_PROC: TAG-MISS-DIAG debt=0 fallback_active=0 fallback_frames=0[0m
PARSE-DIAG: token='DISCONNECT'
[0;32mI (139702) BT_MGR: Suspended audio streaming[0m
[0;32mI (139702) BT_MGR: Disconnecting from device: 00:18:6b:76:d7:1c[0m
[0;33mW (139712) BT_APPL: bta_av_str_stopped status 0[0m
[0;33mW (139712) BT_BTC: btc_av_state_closing_handler : unhandled event:BTC_AV_SUSPEND_STREAM_REQ_EVT[0m

OK|DISCONNECT|DONE|
[0;33mW (139782) BT_HCI: hci cmd send: sniff: hdl 0x80, intv(400 800)[0m
[0;32mI (139782) BT_MGR: Disconnected from device: 00:18:6b:76:d7:1c[0m
[0;32mI (139782) BT_CONNECTION_MGR: Connection state changed: 0[0m
[0;32mI (139782) BT_CONNECTION_MGR: Device disconnected[0m
[0;32mI (139792) BT_CONNECTION_MGR: Attempting reconnection (1/5) to 00:18:6B:76:D7:1C[0m
[0;33mW (139802) BT_HCI: hcif mode change: hdl 0x80, mode 2, intv 800, status 0x0[0m
[0;33mW (141792) BT_APPL: reset flags[0m
[0;33mW (141792) BT_HCI: hci cmd send: unsniff: hdl 0x80[0m
[0;33mW (142232) BT_HCI: hcif mode change: hdl 0x80, mode 0, intv 0, status 0x0[0m
[0;33mW (142302) BT_HCI: hcif disc complete: hdl 0x80, rsn 0x13 dev_find 1[0m
[0;33mW (144982) BT_HCI: hcif conn complete: hdl 0x80, st 0x0[0m
[0;33mW (145482) BT_APPL: new conn_srvc id:18, app_id:0[0m
[0;32mI (145482) BT_MGR: Connected to device: 00:18:6b:76:d7:1c[0m
[0;32mI (145482) BT_CONNECTION_MGR: Connection state changed: 2[0m
[0;32mI (145492) BT_CONNECTION_MGR: Connected to device[0m
[0;32mI (145492) BT_MGR: Started audio streaming[0m
[0;32mI (145492) BT_MGR: Auto-start after connect -> OK[0m
[0;33mW (145502) BT_APPL: new conn_srvc id:18, app_id:1[0m
[0;32mI (145542) BT_LOG: bta_av_link_role_ok hndl:x41 role:1 conn_audio:x1 bits:1 features:x8400[0m

[0;32mI (145542) BT_MGR: Audio streaming started[0m
[0;32mI (145542) BT_CONNECTION_MGR: Audio state changed: 1[0m
[0;32mI (145552) BT_CONNECTION_MGR: Audio streaming starting[0m
[0;32mI (145652) BT_CONNECTION_MGR: Audio streaming started[0m
[0;33mW (147302) BT_L2CAP: L2CAP - rcvd conn req for unknown PSM: 23[0m
[0;33mW (147822) BT_L2CAP: L2CAP - rcvd conn req for unknown PSM: 23[0m
PARSE-DIAG: token='BEEP_DIAG'
PARSE-DIAG: token='BEEP'
[0;32mI (164722) CMD_IF: DIAG-BEEP: bt_get_connection_state=1 bt_get_streaming_state_int=1 bt_manager_conn=1[0m
DIAG-BEEP: bt_get_connection_state=1 bt_get_streaming_state_int=1 bt_manager_conn=1
[0;33mW (164742) AUDIO_PROC: TAG-MISS path=audio_rb push=14898 take=14894 last_push_id=14897 last_take_id=14897 tag_free=8192[0m
[0;33mW (164742) AUDIO_PROC: TAG-MISS-DIAG debt=0 fallback_active=0 fallback_frames=0[0m
OK|BEEP|SENT|
[0;33mW (175602) AUDIO_PROC: TAG-MISS path=audio_rb push=15408 take=15404 last_push_id=15407 last_take_id=15407 tag_free=8192[0m
[0;33mW (175612) AUDIO_PROC: TAG-MISS-DIAG debt=0 fallback_active=0 fallback_frames=0[0m
Done
