ets Jul 29 2019 12:21:46

rst:0x1 (POWERON_RESET),boot:0x13 (SPI_FAST_FLASH_BOOT)
configsip: 0, SPIWP:0xee
clk_drv:0x00,q_drv:0x00,d_drv:0x00,cs0_drv:0x00,hd_drv:0x00,wp_drv:0x00
mode:DIO, clock div:2
load:0x3fff0030,len:6276
load:0x40078000,len:15748
load:0x40080400,len:4
ho 8 tail 4 room 4
load:0x40080404,len:3860
entry 0x4008063c
[0;32mI (31) boot: ESP-IDF v5.4.1-dirty 2nd stage bootloader[0m
[0;32mI (31) boot: compile time Jun  1 2025 13:54:42[0m
[0;32mI (31) boot: Multicore bootloader[0m
[0;32mI (33) boot: chip revision: v3.1[0m
[0;32mI (36) boot.esp32: SPI Speed      : 40MHz[0m
[0;32mI (40) boot.esp32: SPI Mode       : DIO[0m
[0;32mI (43) boot.esp32: SPI Flash Size : 2MB[0m
[0;32mI (47) boot: Enabling RNG early entropy source...[0m
[0;32mI (51) boot: Partition Table:[0m
[0;32mI (54) boot: ## Label            Usage          Type ST Offset   Length[0m
[0;32mI (60) boot:  0 nvs              WiFi data        01 02 00009000 00006000[0m
[0;32mI (67) boot:  1 phy_init         RF data          01 01 0000f000 00001000[0m
[0;32mI (73) boot:  2 factory          factory app      00 00 00010000 00100000[0m
[0;32mI (80) boot: End of partition table[0m
[0;32mI (83) esp_image: segment 0: paddr=00010020 vaddr=3f400020 size=0c0e8h ( 49384) map[0m
[0;32mI (107) esp_image: segment 1: paddr=0001c110 vaddr=3ff80000 size=0001ch (    28) load[0m
[0;32mI (108) esp_image: segment 2: paddr=0001c134 vaddr=3ffbdb60 size=03ac4h ( 15044) load[0m
[0;32mI (117) esp_image: segment 3: paddr=0001fc00 vaddr=40080000 size=00418h (  1048) load[0m
[0;32mI (119) esp_image: segment 4: paddr=00020020 vaddr=400d0020 size=1c978h (117112) map[0m
[0;32mI (166) esp_image: segment 5: paddr=0003c9a0 vaddr=40080418 size=0d8a0h ( 55456) load[0m
[0;32mI (195) boot: Loaded app from partition at offset 0x10000[0m
[0;32mI (195) boot: Disabling RNG early entropy source...[0m
[0;32mI (206) cpu_start: Multicore app[0m
[0;32mI (214) cpu_start: Pro cpu start user code[0m
[0;32mI (214) cpu_start: cpu freq: 160000000 Hz[0m
[0;32mI (214) app_init: Application information:[0m
[0;32mI (214) app_init: Project name:     esp_bt_audio_source_test[0m
[0;32mI (219) app_init: App version:      v0.1.0-48-g5911cc75-dirty[0m
[0;32mI (225) app_init: Compile time:     Jun  1 2025 13:54:35[0m
[0;32mI (230) app_init: ELF file SHA256:  0d9b09ff0...[0m
[0;32mI (234) app_init: ESP-IDF:          v5.4.1-dirty[0m
[0;32mI (239) efuse_init: Min chip rev:     v0.0[0m
[0;32mI (242) efuse_init: Max chip rev:     v3.99 [0m
[0;32mI (246) efuse_init: Chip rev:         v3.1[0m
[0;32mI (250) heap_init: Initializing. RAM available for dynamic allocation:[0m
[0;32mI (257) heap_init: At 3FFAE6E0 len 0000F480 (61 KiB): DRAM[0m
[0;32mI (262) heap_init: At 3FFC1F60 len 0001E0A0 (120 KiB): DRAM[0m
[0;32mI (267) heap_init: At 3FFE0440 len 00003AE0 (14 KiB): D/IRAM[0m
[0;32mI (272) heap_init: At 3FFE4350 len 0001BCB0 (111 KiB): D/IRAM[0m
[0;32mI (278) heap_init: At 4008DCB8 len 00012348 (72 KiB): IRAM[0m
[0;32mI (285) spi_flash: detected chip: generic[0m
[0;32mI (287) spi_flash: flash io: dio[0m
[0;33mW (290) spi_flash: Detected size(4096k) larger than the size in the binary image header(2048k). Using the size in the binary image header.[0m
[0;32mI (303) coexist: coex firmware version: e727207[0m
[0;32mI (307) main_task: Started on CPU0[0m
[0;32mI (317) main_task: Calling app_main()[0m
[0;32mI (317) BT_AUDIO_TEST: Starting ESP32 BT Audio Source Tests[0m
[0;32mI (317) BT_AUDIO_TEST: Bluetooth tests are DISABLED - focusing on I2S implementation[0m
[0;32mI (317) BT_AUDIO_TEST: Running I2S audio tests[0m
[0;32mI (327) I2S_AUDIO_TEST: Starting I2S audio driver tests[0m
[0;32mI (327) I2S_AUDIO_TEST: Testing I2S channel initialization[0m
./main/i2s_audio_test.c:139:test_i2s_driver_init:PASS
[0;32mI (347) I2S_AUDIO_TEST: Testing I2S standard config: 44100Hz, 16-bit, stereo[0m
./main/i2s_audio_test.c:140:test_i2s_standard_mode:PASS

-----------------------
2 Tests 0 Failures 0 Ignored 
OK
[0;32mI (467) I2S_AUDIO_TEST: I2S audio driver tests completed with 0 failures[0m
[0;32mI (967) BT_AUDIO_TEST: Running audio buffer and pipeline tests[0m
[0;32mI (967) AUDIO_PIPELINE_TEST: Starting audio buffer and pipeline tests[0m
[0;32mI (967) AUDIO_PIPELINE_TEST: Testing audio buffer pool initialization[0m
[0;32mI (967) AUDIO_PIPELINE: Audio buffer pool initialized: 8 buffers of 1024 bytes each[0m
[0;32mI (977) AUDIO_PIPELINE: Audio buffer pool deinitialized[0m
./main/audio_pipeline_test.c:837:test_audio_buffer_pool_init:PASS
[0;32mI (997) AUDIO_PIPELINE_TEST: Testing audio buffer allocation and release[0m
[0;32mI (997) AUDIO_PIPELINE: Audio buffer pool initialized: 4 buffers of 1024 bytes each[0m
[0;33mW (1007) AUDIO_PIPELINE: No free buffers available[0m
[0;32mI (1007) AUDIO_PIPELINE: Audio buffer pool deinitialized[0m
./main/audio_pipeline_test.c:838:test_audio_buffer_allocation:PASS
[0;32mI (1027) AUDIO_PIPELINE_TEST: Testing single audio processing stage[0m
[0;32mI (1027) AUDIO_PIPELINE: Audio buffer pool initialized: 4 buffers of 1024 bytes each[0m
[0;32mI (1037) AUDIO_PIPELINE: Audio pipeline created with 1 stages[0m
[0;32mI (1037) AUDIO_PIPELINE: Added processing stage 'Double Amplitude' at index 0[0m
[0;32mI (1047) AUDIO_PIPELINE: Audio pipeline started[0m
[0;32mI (1047) AUDIO_PIPELINE: Audio pipeline stopped[0m
[0;32mI (1057) AUDIO_PIPELINE: Audio pipeline deinitialized[0m
[0;32mI (1057) AUDIO_PIPELINE: Audio buffer pool deinitialized[0m
./main/audio_pipeline_test.c:839:test_audio_single_processing_stage:PASS
[0;32mI (1087) AUDIO_PIPELINE_TEST: Testing multi-stage audio processing pipeline[0m
[0;32mI (1087) AUDIO_PIPELINE: Audio buffer pool initialized: 6 buffers of 1024 bytes each[0m
[0;32mI (1087) AUDIO_PIPELINE: Audio pipeline created with 2 stages[0m
[0;32mI (1097) AUDIO_PIPELINE: Added processing stage 'Double Amplitude' at index 0[0m
[0;32mI (1097) AUDIO_PIPELINE: Added processing stage 'Invert Signal' at index 1[0m
[0;32mI (1107) AUDIO_PIPELINE: Audio pipeline started[0m
[0;32mI (1107) AUDIO_PIPELINE: Audio pipeline stopped[0m
[0;32mI (1117) AUDIO_PIPELINE: Audio pipeline deinitialized[0m
[0;32mI (1117) AUDIO_PIPELINE: Audio buffer pool deinitialized[0m
./main/audio_pipeline_test.c:840:test_audio_multi_stage_pipeline:PASS
[0;32mI (1147) AUDIO_PIPELINE_TEST: Testing audio buffer init (simplified test)[0m
[0;32mI (1147) AUDIO_PIPELINE: Audio buffer pool initialized: 4 buffers of 1024 bytes each[0m
[0;32mI (1147) AUDIO_PIPELINE: Audio buffer pool deinitialized[0m
[0;32mI (1157) AUDIO_PIPELINE_TEST: Basic audio buffer test passed[0m
./main/audio_pipeline_test.c:841:test_audio_buffer_init_basic:PASS
[0;32mI (1177) AUDIO_PIPELINE_TEST: Testing volume set/get functionality[0m
[0;32mI (1177) AUDIO_PIPELINE: Audio buffer pool initialized: 4 buffers of 1024 bytes each[0m
[0;32mI (1177) AUDIO_PIPELINE: Audio pipeline created with 1 stages[0m
[0;32mI (1187) AUDIO_PIPELINE: Audio pipeline volume set to 75%[0m
[0;32mI (1187) AUDIO_PIPELINE: Audio pipeline volume set to 0%[0m
[0;32mI (1197) AUDIO_PIPELINE: Audio pipeline volume set to 100%[0m
[0;32mI (1197) AUDIO_PIPELINE: Audio pipeline volume set to 0%[0m
[0;32mI (1207) AUDIO_PIPELINE: Audio pipeline volume set to 100%[0m
[0;32mI (1207) AUDIO_PIPELINE: Audio pipeline deinitialized[0m
[0;32mI (1217) AUDIO_PIPELINE: Audio buffer pool deinitialized[0m
./main/audio_pipeline_test.c:844:test_volume_set_get:PASS
[0;32mI (1237) AUDIO_PIPELINE_TEST: Testing mute/unmute functionality[0m
[0;32mI (1237) AUDIO_PIPELINE: Audio buffer pool initialized: 4 buffers of 1024 bytes each[0m
[0;32mI (1237) AUDIO_PIPELINE: Audio pipeline created with 1 stages[0m
[0;32mI (1247) AUDIO_PIPELINE: Audio pipeline volume set to 75%[0m
[0;32mI (1247) AUDIO_PIPELINE: Audio pipeline muted[0m
[0;32mI (1257) AUDIO_PIPELINE: Audio pipeline unmuted, volume restored to 75%[0m
[0;32mI (1257) AUDIO_PIPELINE: Audio pipeline m