ets Jul 29 2019 12:21:46

rst:0x1 (POWERON_RESET),boot:0x13 (SPI_FAST_FLASH_BOOT)
configsip: 0, SPIWP:0xee
clk_drv:0x00,q_drv:0x00,d_drv:0x00,cs0_drv:0x00,hd_drv:0x00,wp_drv:0x00
mode:DIO, clock div:2
load:0x3fff0030,len:6276
load:0x40078000,len:15748
load:0x40080400,len:4
ho 8 tail 4 room 4
load:0x40080404,len:3860
entry 0x4008063c
[0;32mI (31) boot: ESP-IDF v5.4.1-dirty 2nd stage bootloader[0m
[0;32mI (31) boot: compile time Jun  1 2025 03:04:55[0m
[0;32mI (31) boot: Multicore bootloader[0m
[0;32mI (33) boot: chip revision: v3.1[0m
[0;32mI (36) boot.esp32: SPI Speed      : 40MHz[0m
[0;32mI (40) boot.esp32: SPI Mode       : DIO[0m
[0;32mI (43) boot.esp32: SPI Flash Size : 2MB[0m
[0;32mI (47) boot: Enabling RNG early entropy source...[0m
[0;32mI (51) boot: Partition Table:[0m
[0;32mI (54) boot: ## Label            Usage          Type ST Offset   Length[0m
[0;32mI (60) boot:  0 nvs              WiFi data        01 02 00009000 00006000[0m
[0;32mI (67) boot:  1 phy_init         RF data          01 01 0000f000 00001000[0m
[0;32mI (73) boot:  2 factory          factory app      00 00 00010000 00100000[0m
[0;32mI (80) boot: End of partition table[0m
[0;32mI (83) esp_image: segment 0: paddr=00010020 vaddr=3f400020 size=0a1a0h ( 41376) map[0m
[0;32mI (105) esp_image: segment 1: paddr=0001a1c8 vaddr=3ff80000 size=0001ch (    28) load[0m
[0;32mI (105) esp_image: segment 2: paddr=0001a1ec vaddr=3ffbdb60 size=03cech ( 15596) load[0m
[0;32mI (114) esp_image: segment 3: paddr=0001dee0 vaddr=40080000 size=02138h (  8504) load[0m
[0;32mI (119) esp_image: segment 4: paddr=00020020 vaddr=400d0020 size=178b8h ( 96440) map[0m
[0;32mI (156) esp_image: segment 5: paddr=000378e0 vaddr=40082138 size=0b368h ( 45928) load[0m
[0;32mI (181) boot: Loaded app from partition at offset 0x10000[0m
[0;32mI (181) boot: Disabling RNG early entropy source...[0m
[0;32mI (192) cpu_start: Multicore app[0m
[0;32mI (200) cpu_start: Pro cpu start user code[0m
[0;32mI (200) cpu_start: cpu freq: 160000000 Hz[0m
[0;32mI (200) app_init: Application information:[0m
[0;32mI (200) app_init: Project name:     esp_bt_audio_source_test[0m
[0;32mI (206) app_init: App version:      v0.1.0-40-g468bceda-dirty[0m
[0;32mI (211) app_init: Compile time:     Jun  1 2025 03:04:47[0m
[0;32mI (216) app_init: ELF file SHA256:  d8e8e9f46...[0m
[0;32mI (221) app_init: ESP-IDF:          v5.4.1-dirty[0m
[0;32mI (225) efuse_init: Min chip rev:     v0.0[0m
[0;32mI (229) efuse_init: Max chip rev:     v3.99 [0m
[0;32mI (233) efuse_init: Chip rev:         v3.1[0m
[0;32mI (237) heap_init: Initializing. RAM available for dynamic allocation:[0m
[0;32mI (243) heap_init: At 3FFAE6E0 len 0000F480 (61 KiB): DRAM[0m
[0;32mI (248) heap_init: At 3FFC2200 len 0001DE00 (119 KiB): DRAM[0m
[0;32mI (253) heap_init: At 3FFE0440 len 00003AE0 (14 KiB): D/IRAM[0m
[0;32mI (259) heap_init: At 3FFE4350 len 0001BCB0 (111 KiB): D/IRAM[0m
[0;32mI (264) heap_init: At 4008D4A0 len 00012B60 (74 KiB): IRAM[0m
[0;32mI (271) spi_flash: detected chip: generic[0m
[0;32mI (273) spi_flash: flash io: dio[0m
[0;33mW (276) spi_flash: Detected size(4096k) larger than the size in the binary image header(2048k). Using the size in the binary image header.[0m
[0;32mI (289) coexist: coex firmware version: e727207[0m
[0;32mI (293) main_task: Started on CPU0[0m
[0;32mI (303) main_task: Calling app_main()[0m
Running Bluetooth scan starts successfully...
[0;32mI (313) BT_STUB: Stub: Initializing Bluetooth stack[0m
[0;32mI (313) BT_STUB: Stub: Starting BT scan[0m
[0;32mI (313) BT_STUB: Stub: Stopping BT scan[0m
[0;32mI (313) BT_STUB: Stub: Stopping BT scan[0m
./main/test_app_main.c:34:Bluetooth scan starts successfully:PASS
Running Bluetooth connects to A2DP sink...
[0;32mI (423) BT_STUB: Stub: Initializing Bluetooth stack[0m
[0;32mI (423) BT_STUB: Stub: Connecting to device 11:22:33:44:55:66[0m
[0;32mI (423) BT_STUB: Stub: Disconnecting from device[0m
[0;32mI (423) BT_STUB: Stub: Stopping BT scan[0m
./main/test_app_main.c:42:Bluetooth connects to A2DP sink:PASS
Running A2DP starts and stops streaming...
[0;32mI (543) BT_STUB: Stub: Initializing Bluetooth stack[0m
[0;32mI (543) BT_STUB: Stub: Connecting to device 11:22:33:44:55:66[0m
[0;32mI (543) BT_STUB: Stub: Starting audio streaming[0m
[0;32mI (543) BT_STUB: Stub: Stopping audio streaming[0m
[0;32mI (553) BT_STUB: Stub: Disconnecting from device[0m
[0;32mI (553) BT_STUB: Stub: Stopping BT scan[0m
./main/test_app_main.c:52:A2DP starts and stops streaming:PASS
Running Bluetooth disconnects properly...
[0;32mI (663) BT_STUB: Stub: Initializing Bluetooth stack[0m
[0;32mI (663) BT_STUB: Stub: Connecting to device 11:22:33:44:55:66[0m
[0;32mI (663) BT_STUB: Stub: Disconnecting from device[0m
[0;32mI (663) BT_STUB: Stub: Stopping BT scan[0m
./main/test_app_main.c:74:Bluetooth disconnects properly:PASS
Running Bluetooth stack initializes successfully...
[0;32mI (783) BT_STUB: Stub: Initializing Bluetooth stack[0m
[0;32mI (783) BT_STUB: Stub: Initializing Bluetooth stack[0m
[0;32mI (783) BT_STUB: Stub: Stopping BT scan[0m
./main/test_app_main.c:88:Bluetooth stack initializes successfully:PASS
Running Bluetooth scan reports discovered devices...
[0;32mI (893) BT_STUB: Stub: Initializing Bluetooth stack[0m
[0;32mI (893) BT_STUB: Stub: Starting BT scan[0m
[0;32mI (1893) BT_STUB: Stub: Stopping BT scan[0m
[0;32mI (1893) BT_STUB: Stub: Getting discovered device count: 3[0m
[0;32mI (1893) BT_STUB: Stub: Stopping BT scan[0m
./main/test_app_main.c:96:Bluetooth scan reports discovered devices:PASS
Running Bluetooth scan filters by device type...
[0;32mI (2003) BT_STUB: Stub: Initializing Bluetooth stack[0m
[0;32mI (2003) BT_STUB: Stub: Starting BT scan with filter 5[0m
[0;32mI (3003) BT_STUB: Stub: Stopping BT scan[0m
[0;32mI (3003) BT_STUB: Stub: Stopping BT scan[0m
./main/test_app_main.c:116:Bluetooth scan filters by device type:PASS
Running Bluetooth scanning basic functionality...
[0;32mI (3113) BT_STUB: Stub: Initializing Bluetooth stack[0m
[0;32mI (3113) BT_STUB: Stub: Starting BT scan[0m
[0;32mI (3613) BT_STUB: Stub: Stopping BT scan[0m
[0;32mI (3613) BT_STUB: Stub: Stopping BT scan[0m
./main/test_app_main.c:136:Bluetooth scanning basic functionality:PASS
Running Bluetooth scan filters devices by type...
[0;32mI (3723) BT_STUB: Stub: Initializing Bluetooth stack[0m
[0;32mI (3723) BT_STUB: Stub: Starting BT scan with filter 5[0m
[0;32mI (4723) BT_STUB: Stub: Stopping BT scan[0m
[0;32mI (4723) BT_STUB: Stub: Stopping BT scan[0m
./main/test_app_main.c:151:Bluetooth scan filters devices by type:PASS
Running Bluetooth scan returns device details...
[0;32mI (4833) BT_STUB: Stub: Initializing Bluetooth stack[0m
[0;32mI (4833) BT_STUB: Stub: Starting BT scan[0m
[0;32mI (5833) BT_STUB: Stub: Stopping BT scan[0m
[0;32mI (5833) BT_STUB: Stub: Stopping BT scan[0m
./main/test_app_main.c:161:Bluetooth scan returns device details:PASS
Running Bluetooth scan times out properly...
[0;32mI (5943) BT_STUB: Stub: Initializing Bluetooth stack[0m
[0;32mI (5943) BT_STUB: Stub: Starting BT scan[0m
[0;32mI (6943) BT_STUB: Stub: Stopping BT scan[0m
[0;32mI (6943) BT_STUB: Stub: Stopping BT scan[0m
./main/test_app_main.c:196:Bluetooth scan times out properly:PASS
Running Bluetooth scan can be stopped early...
[0;32mI (7053) BT_STUB: Stub: Initializing Bluetooth stack[0m
[0;32mI (7053) BT_STUB: Stub: Starting BT scan[0m
[0;32mI (7153) BT_STUB: Stub: Stopping BT scan[0m
[0;32mI (7153) BT_STUB: Stub: Stopping BT scan[0m
./main/test_app_main.c:209:Bluetooth scan can be stopped early:PASS
Running Connect to a device by address...
[0;32mI (7263) BT_STUB: Stub: Initializing Bluetooth stack[0m
[0;32mI (7263) BT_STUB: Stub: Connecting to device 11:22:33:44:55:66[0m
[0;32mI (7263) BT_STUB: Stub: Disconnecting from device[0m
[0;32mI (7263) BT_STUB: Stub: Stopping BT scan[0m
./main/test_app_main.c:222:Connect to a device b