luetooth Audio Source starting
[0;32mI (587) BT_AV: [BT DEBUG] Initi�ets Jul 29 2019 12:21:46[0m

rst:0x1 (POWERON_RESET),boot:0x13 (SPI_FAST_FLASH_BOOT)
configsip: 0, SPIWP:0xee
clk_drv:0x00,q_drv:0x00,d_drv:0x00,cs0_drv:0x00,hd_drv:0x00,wp_drv:0x00
mode:DIO, clock div:2
load:0x3fff0030,len:6276
load:0x40078000,len:15748
load:0x40080400,len:4
ho 8 tail 4 room 4
load:0x40080404,len:3860
entry 0x4008063c
[0;32mI (31) boot: ESP-IDF v5.4.1-dirty 2nd stage bootloader[0m
[0;32mI (31) boot: compile time May 31 2025 22:24:36[0m
[0;32mI (31) boot: Multicore bootloader[0m
[0;32mI (33) boot: chip revision: v3.1[0m
[0;32mI (36) boot.esp32: SPI Speed      : 40MHz[0m
[0;32mI (40) boot.esp32: SPI Mode       : DIO[0m
[0;32mI (43) boot.esp32: SPI Flash Size : 2MB[0m
[0;32mI (47) boot: Enabling RNG early entropy source...[0m
[0;32mI (51) boot: Partition Table:[0m
[0;32mI (54) boot: ## Label            Usage          Type ST Offset   Length[0m
[0;32mI (60) boot:  0 nvs              WiFi data        01 02 00009000 00006000[0m
[0;32mI (67) boot:  1 phy_init         RF data          01 01 0000f000 00001000[0m
[0;32mI (73) boot:  2 factory          factory app      00 00 00010000 001f0000[0m
[0;32mI (80) boot: End of partition table[0m
[0;32mI (83) esp_image: segment 0: paddr=00010020 vaddr=3f400020 size=290bch (168124) map[0m
[0;32mI (148) esp_image: segment 1: paddr=000390e4 vaddr=3ff80000 size=0001ch (    28) load[0m
[0;32mI (148) esp_image: segment 2: paddr=00039108 vaddr=3ffbdb60 size=04bc0h ( 19392) load[0m
[0;32mI (159) esp_image: segment 3: paddr=0003dcd0 vaddr=40080000 size=02348h (  9032) load[0m
[0;32mI (163) esp_image: segment 4: paddr=00040020 vaddr=400d0020 size=a7150h (684368) map[0m
[0;32mI (401) esp_image: segment 5: paddr=000e7178 vaddr=40082348 size=14f04h ( 85764) load[0m
[0;32mI (445) boot: Loaded app from partition at offset 0x10000[0m
[0;32mI (445) boot: Disabling RNG early entropy source...[0m
[0;32mI (456) cpu_start: Multicore app[0m
[0;32mI (464) cpu_start: Pro cpu start user code[0m
[0;32mI (464) cpu_start: cpu freq: 160000000 Hz[0m
[0;32mI (465) app_init: Application information:[0m
[0;32mI (465) app_init: Project name:     esp_bt_audio_source[0m
[0;32mI (469) app_init: App version:      v0.1.0-37-gbc4cd7ac-dirty[0m
[0;32mI (475) app_init: Compile time:     May 31 2025 22:24:29[0m
[0;32mI (480) app_init: ELF file SHA256:  2f2abb93d...[0m
[0;32mI (484) app_init: ESP-IDF:          v5.4.1-dirty[0m
[0;32mI (489) efuse_init: Min chip rev:     v0.0[0m
[0;32mI (492) efuse_init: Max chip rev:     v3.99 [0m
[0;32mI (496) efuse_init: Chip rev:         v3.1[0m
[0;32mI (501) heap_init: Initializing. RAM available for dynamic allocation:[0m
[0;32mI (507) heap_init: At 3FFAFF10 len 000000F0 (0 KiB): DRAM[0m
[0;32mI (512) heap_init: At 3FFB6388 len 00001C78 (7 KiB): DRAM[0m
[0;32mI (517) heap_init: At 3FFB9A20 len 00004108 (16 KiB): DRAM[0m
[0;32mI (522) heap_init: At 3FFCC528 len 00013AD8 (78 KiB): DRAM[0m
[0;32mI (527) heap_init: At 3FFE0440 len 00003AE0 (14 KiB): D/IRAM[0m
[0;32mI (533) heap_init: At 3FFE4350 len 0001BCB0 (111 KiB): D/IRAM[0m
[0;32mI (538) heap_init: At 4009724C len 00008DB4 (35 KiB): IRAM[0m
[0;32mI (545) spi_flash: detected chip: generic[0m
[0;32mI (547) spi_flash: flash io: dio[0m
[0;33mW (550) spi_flash: Detected size(4096k) larger than the size in the binary image header(2048k). Using the size in the binary image header.[0m
[0;32mI (563) coexist: coex firmware version: e727207[0m
[0;32mI (567) main_task: Started on CPU0[0m
[0;32mI (577) main_task: Calling app_main()[0m
[0;32mI (577) BT_AV: ESP32 Bluetooth Audio Source starting[0m
[0;32mI (587) BT_AV: [BT DEBUG] Initializing Bluetooth...[0m
[0;32mI (587) BT_AV: [BT DEBUG] Configuring controller...[0m
[0;32mI (587) BTDM_INIT: BT controller compile version [dc1cd58][0m
[0;32mI (587) BTDM_INIT: Bluetooth MAC: a0:b7:65:2c:7f:56[0m
[0;32mI (597) BT_AV: [BT DEBUG] Enabling controller...[0m
[0;32mI (597) phy_init: phy_version 4860,6b7a6e5,Feb  6 2025,14:47:07[0m
[0;32mI (1157) BT_AV: [BT DEBUG] Initializing Bluedroid...[0m
[0;32mI (1167) BT_AV: [BT DEBUG] Enabling Bluedroid...[0m
[0;32mI (1267) BT_AV: Own Bluetooth address: [a0:b7:65:2c:7f:56][0m

assert failed: xQueueReceive queue.c:1531 (( pxQueue ))


Backtrace: 0x40081bd5:0x3ffd6410 0x4008ed3d:0x3ffd6430 0x400953c1:0x3ffd6450 0x4008f466:0x3ffd6570 0x400da049:0x3ffd65b0 0x4008f761:0x3ffd65f0




ELF file SHA256: 2f2abb93d

Rebooting...
ets Jul 29 2019 12:21:46

rst:0xc (SW_CPU_RESET),boot:0x13 (SPI_FAST_FLASH_BOOT)
configsip: 0, SPIWP:0xee
clk_drv:0x00,q_drv:0x00,d_drv:0x00,cs0_drv:0x00,hd_drv:0x00,wp_drv:0x00
mode:DIO, clock div:2
load:0x3fff0030,len:6276
load:0x40078000,len:15748
load:0x40080400,len:4
ho 8 tail 4 room 4
load:0x40080404,len:3860
entry 0x4008063c
[0;32mI (31) boot: ESP-IDF v5.4.1-dirty 2nd stage bootloader[0m
[0;32mI (31) boot: compile time May 31 2025 22:24:36[0m
[0;32mI (31) boot: Multicore bootloader[0m
[0;32mI (33) boot: chip revision: v3.1[0m
[0;32mI (36) boot.esp32: SPI Speed      : 40MHz[0m
[0;32mI (39) boot.esp32: SPI Mode       : DIO[0m
[0;32mI (43) boot.esp32: SPI Flash Size : 2MB[0m
[0;32mI (47) boot: Enabling RNG early entropy source...[0m
[0;32mI (51) boot: Partition Table:[0m
[0;32mI (54) boot: ## Label            Usage          Type ST Offset   Length[0m
[0;32mI (60) boot:  0 nvs              WiFi data        01 02 00009000 00006000[0m
[0;32mI (67) boot:  1 phy_init         RF data          01 01 0000f000 00001000[0m
[0;32mI (73) boot:  2 factory          factory app      00 00 00010000 001f0000[0m
[0;32mI (80) boot: End of partition table[0m
[0;32mI (83) esp_image: segment 0: paddr=00010020 vaddr=3f400020 size=290bch (168124) map[0m
[0;32mI (148) esp_image: segment 1: paddr=000390e4 vaddr=3ff80000 size=0001ch (    28) load[0m
[0;32mI (148) esp_image: segment 2: paddr=00039108 vaddr=3ffbdb60 size=04bc0h ( 19392) load[0m
[0;32mI (159) esp_image: segment 3: paddr=0003dcd0 vaddr=40080000 size=02348h (  9032) load[0m
[0;32mI (163) esp_image: segment 4: paddr=00040020 vaddr=400d0020 size=a7150h (684368) map[0m
[0;32mI (400) esp_image: segment 5: paddr=000e7178 vaddr=40082348 size=14f04h ( 85764) load[0m
[0;32mI (445) boot: Loaded app from partition at offset 0x10000[0m
[0;32mI (445) boot: Disabling RNG early entropy source...[0m
[0;32mI (456) cpu_start: Multicore app[0m
[0;32mI (464) cpu_start: Pro cpu start user code[0m
[0;32mI (464) cpu_start: cpu freq: 160000000 Hz[0m
[0;32mI (464) app_init: Application information:[0m
[0;32mI (464) app_init: Project name:     esp_bt_audio_source[0m
[0;32mI (469) app_init: App version:      v0.1.0-37-gbc4cd7ac-dirty[0m
[0;32mI (475) app_init: Compile time:     May 31 2025 22:24:29[0m
[0;32mI (480) app_init: ELF file SHA256:  2f2abb93d...[0m
[0;32mI (484) app_init: ESP-IDF:          v5.4.1-dirty[0m
[0;32mI (489) efuse_init: Min chip rev:     v0.0[0m
[0;32mI (492) efuse_init: Max chip rev:     v3.99 [0m
[0;32mI (496) efuse_init: Chip rev:         v3.1[0m
[0;32mI (501) heap_init: Initializing. RAM available for dynamic allocation:[0m
[0;32mI (507) heap_init: At 3FFAFF10 len 000000F0 (0 KiB): DRAM[0m
[0;32mI (512) heap_init: At 3FFB6388 len 00001C78 (7 KiB): DRAM[0m
[0;32mI (517) heap_init: At 3FFB9A20 len 00004108 (16 KiB): DRAM[0m
[0;32mI (522) heap_init: At 3FFCC528 len 00013AD8 (78 KiB): DRAM[0m
[0;32mI (527) heap_init: At 3FFE0440 len 00003AE0 (14 KiB): D/IRAM[0m
[0;32mI (533) heap_init: At 3FFE4350 len 0001BCB0 (111 KiB): D/IRAM[0m
[0;32mI (538) heap_init: At 4009724C len 00008DB4 (35 KiB): IRAM[0m
[0;32mI (545) spi_flash: detected chip: generic[0m
[0;32mI (547) spi_flash: flash io: dio[0m
[0;33mW (550) spi_flash: Detected size(4096k) larger than the size in the binary image header(2048k). Using the size in the binary image header.[0m
[0;32mI (563) coexist: coex firmware version: e727207[0m
[0;32mI (567) main_task: Started on CPU0[0m
[0;32mI (577) main_task: Calling app_main()[0m
[0;32mI (577) BT_AV: ESP32 Bluetooth Audio Source starting[0m
[0;32mI (587) BT_AV: [BT DEBUG] Initializing Bluetooth...[0m
[0;32mI (587) BT_AV: [BT DEBUG] Configuring controller...[0m
[0;32mI (587) BTDM_INIT: BT controller compile version [dc1cd58][0m
[0;32mI (587) BTDM_INIT: Bluetooth MAC: a0:b7:65:2c:7f:56[0m
[0;32mI (597) BT_AV: [BT DEBUG] Enabling controller...[0m
[0;32mI (597) phy_init: phy_version 4860,6b7a6e5,Feb  6 2025,14:47:07[0m
[0;32mI (1167) BT_AV: [BT DEBUG] Initializing Bluedroid...[0m
[0;32mI (1177) BT_AV: [BT DEBUG] Enabling Bluedroid...[0m
[0;32mI (1277) BT_AV: Own Bluetooth address: [a0:b7:65:2c:7f:56][0m

assert failed: xQueueReceive queue.c:1531 (( pxQueue ))


Backtrace: 0x40081bd5:0x3ffd6410 0x4008ed3d:0x3ffd6430 0x400953c1:0x3ffd6450 0x4008f466:0x3ffd6570 0x400da049:0x3ffd65b0 0x4008f761:0x3ffd65f0




ELF file SHA256: 2f2abb93d

Rebooting...
ets Jul 29 2019 12:21:46

rst:0xc (SW_CPU_RESET),boot:0x13 (SPI_FAST_FLASH_BOOT)
configsip: 0, SPIWP:0xee
clk_drv:0x00,q_drv:0x00,d_drv:0x00,cs0_drv:0x00,hd_drv:0x00,wp_drv:0x00
mode:DIO, clock div:2
load:0x3fff0030,len:6276
load:0x40078000,len:15748
load:0x40080400,len:4
ho 8 tail 4 room 4
load:0x40080404,len:3860
entry 0x4008063c
[0;32mI (31) boot: ESP-IDF v5.4.1-dirty 2nd stage bootloader[0m
[0;32mI (31) boot: compile time May 31 2025 22:24:36[0m
[0;32mI (31) boot: Multicore bootloader[0m
[0;32mI (33) boot: chip revision: v3.1[0m
[0;32mI (36) boot.esp32: SPI Speed      : 40MHz[0m
[0;32mI (39) boot.esp32: SPI Mode       : DIO[0m
[0;32mI (43) boot.esp32: SPI Flash Size : 2MB[0m
[0;32mI (47) boot: Enabling RNG early entropy source...[0m
[0;32mI (51) boot: Partition Table:[0m
[0;32mI (54) boot: ## Label            Usage          Type ST Offset   Length[0m
[0;32mI (60) boot:  0 nvs              WiFi data        01 02 00009000 00006000[0m
[0;32mI (67) boot:  1 phy_init         RF data          01 01 0000f000 00001000[0m
[0;32mI (73) boot:  2 factory          factory app      00 00 00010000 001f0000[0m
[0;32mI (80) boot: End of partition table[0m
[0;32mI (83) esp_image: segment 0: paddr=00010020 vaddr=3f400020 size=290bch (168124) map[0m
[0;32mI (148) esp_image: segment 1: paddr=000390e4 vaddr=3ff80000 size=0001ch (    28) load[0m
[0;32mI (148) esp_image: segment 2: paddr=00039108 vaddr=3ffbdb60 size=04bc0h ( 19392) load[0m
[0;32mI (159) esp_image: segment 3: paddr=0003dcd0 vaddr=40080000 size=02348h (  9032) load[0m
[0;32mI (163) esp_image: segment 4: paddr=00040020 vaddr=400d0020 size=a7150h (684368) map[0m
[0;32mI (400) esp_image: segment 5: paddr=000e7178 vaddr=40082348 size=14f04h ( 85764) load[0m
[0;32mI (445) boot: Loaded app from partition at offset 0x10000[0m
[0;32mI (445) boot: Disabling RNG early entropy source...[0m
[0;32mI (456) cpu_start: Multicore app[0m
[0;32mI (464) cpu_start: Pro cpu start user code[0m
[0;32mI (464) cpu_start: cpu freq: 160000000 Hz[0m
[0;32mI (464) app_init: Application information:[0m
[0;32mI (464) app_init: Project name:     esp_bt_audio_source[0m
[0;32mI (469) app_init: App version:      v0.1.0-37-gbc4cd7ac-dirty[0m
[0;32mI (475) app_init: Compile time:     May 31 2025 22:24:29[0m
[0;32mI (480) app_init: ELF file SHA256:  2f2abb93d...[0m
[0;32mI (484) app_init: ESP-IDF:          v5.4.1-dirty[0m
[0;32mI (489) efuse_init: Min chip rev:     v0.0[0m
[0;32mI (492) efuse_init: Max chip rev:     v3.99 [0m
[0;32mI (496) efuse_init: Chip rev:         v3.1[0m
[0;32mI (501) heap_init: Initializing. RAM available for dynamic allocation:[0m
[0;32mI (507) heap_init: At 3FFAFF10 len 000000F0 (0 KiB): DRAM[0m
[0;32mI (512) heap_init: At 3FFB6388 len 00001C78 (7 KiB): DRAM[0m
[0;32mI (517) heap_init: At 3FFB9A20 len 00004108 (16 KiB): DRAM[0m
[0;32mI (522) heap_init: At 3FFCC528 len 00013AD8 (78 KiB): DRAM[0m
[0;32mI (527) heap_init: At 3FFE0440 len 00003AE0 (14 KiB): D/IRAM[0m
[0;32mI (533) heap_init: At 3FFE4350 len 0001BCB0 (111 KiB): D/IRAM[0m
[0;32mI (538) heap_init: At 4009724C len 00008DB4 (35 KiB): IRAM[0m
[0;32mI (545) spi_flash: detected chip: generic[0m
[0;32mI (547) spi_flash: flash io: dio[0m
[0;33mW (550) spi_flash: Detected size(4096k) larger than the size in the binary image header(2048k). Using the size in the binary image header.[0m
[0;32mI (563) coexist: coex firmware version: e727207[0m
[0;32mI (567) main_task: Started on CPU0[0m
[0;32mI (577) main_task: Calling app_main()[0m
[0;32mI (577) BT_AV: ESP32 Bluetooth Audio Source starting[0m
[0;32mI (587) BT_AV: [BT DEBUG] Initializing Bluetooth...[0m
[0;32mI (587) BT_AV: [BT DEBUG] Configuring controller...[0m
[0;32mI (587) BTDM_INIT: BT controller compile version [dc1cd58][0m
[0;32mI (587) BTDM_INIT: Bluetooth MAC: a0:b7:65:2c:7f:56[0m
[0;32mI (597) BT_AV: [BT DEBUG] Enabling controller...[0m
[0;32mI (597) phy_init: phy_version 4860,6b7a6e5,Feb  6 2025,14:47:07[0m
[0;32mI (1157) BT_AV: [BT DEBUG] Initializing Bluedroid...[0m
[0;32mI (1177) BT_AV: [BT DEBUG] Enabling Bluedroid...[0m
[0;32mI (1277) BT_AV: Own Bluetooth address: [a0:b7:65:2c:7f:56][0m

assert failed: xQueueReceive queue.c:1531 (( pxQueue ))


Backtrace: 0x40081bd5:0x3ffd6410 0x4008ed3d:0x3ffd6430 0x400953c1:0x3ffd6450 0x4008f466:0x3ffd6570 0x400da049:0x3ffd65b0 0x4008f761:0x3ffd65f0




ELF file SHA256: 2f2abb93d

Rebooting...
ets Jul 29 2019 12:21:46

rst:0xc (SW_CPU_RESET),boot:0x13 (SPI_FAST_FLASH_BOOT)
configsip: 0, SPIWP:0xee
clk_drv:0x00,q_drv:0x00,d_drv:0x00,cs0_drv:0x00,hd_drv:0x00,wp_drv:0x00
mode:DIO, clock div:2
load:0x3fff0030,len:6276
load:0x40078000,len:15748
load:0x40080400,len:4
ho 8 tail 4 room 4
load:0x40080404,len:3860
entry 0x4008063c
[0;32mI (31) boot: ESP-IDF v5.4.1-dirty 2nd stage bootloader[0m
[0;32mI (31) boot: compile time May 31 2025 22:24:36[0m
[0;32mI (31) boot: Multicore bootloader[0m
[0;32mI (33) boot: chip revision: v3.1[0m
[0;32mI (36) boot.esp32: SPI Speed      : 40MHz[0m
[0;32mI (39) boot.esp32: SPI Mode       : DIO[0m
[0;32mI (43) boot.esp32: SPI Flash Size : 2MB[0m
[0;32mI (47) boot: Enabling RNG early entropy source...[0m
[0;32mI (51) boot: Partition Table:[0m
[0;32mI (54) boot: ## Label            Usage          Type ST Offset   Length[0m
[0;32mI (60) boot:  0 nvs              WiFi data        01 02 00009000 00006000[0m
[0;32mI (67) boot:  1 phy_init         RF data          01 01 0000f000 00001000[0m
[0;32mI (73) boot:  2 factory          factory app      00 00 00010000 001f0000[0m
[0;32mI (80) boot: End of partition table[0m
[0;32mI (83) esp_image: segment 0: paddr=00010020 vaddr=3f400020 size=290bch (168124) map[0m
[0;32mI (148) esp_image: segment 1: paddr=000390e4 vaddr=3ff80000 size=0001ch (    28) load[0m
[0;32mI (148) esp_image: segment 2: paddr=00039108 vaddr=3ffbdb60 size=04bc0h ( 19392) load[0m
[0;32mI (159) esp_image: segment 3: paddr=0003dcd0 vaddr=40080000 size=02348h (  9032) load[0m
[0;32mI (163) esp_image: segment 4: paddr=00040020 vaddr=400d0020 size=a7150h (684368) map[0m
[0;32mI (400) esp_image: segment 5: paddr=000e7178 vaddr=40082348 size=14f04h ( 85764) load[0m
[0;32mI (445) boot: Loaded app from partition at offset 0x10000[0m
[0;32mI (445) boot: Disabling RNG early entropy source...[0m
[0;32mI (456) cpu_start: Multicore app[0m
[0;32mI (464) cpu_start: Pro cpu start user code[0m
[0;32mI (464) cpu_start: cpu freq: 160000000 Hz[0m
[0;32mI (464) app_init: Application information:[0m
[0;32mI (465) app_init: Project name:     esp_bt_audio_source[0m
[0;32mI (469) app_init: App version:      v0.1.0-37-gbc4cd7ac-dirty[0m
[0;32mI (475) app_init: Compile time:     May 31 2025 22:24:29[0m
[0;32mI (480) app_init: ELF file SHA256:  2f2abb93d...[0m
[0;32mI (484) app_init: ESP-IDF:          v5.4.1-dirty[0m
[0;32mI (489) efuse_init: Min chip rev:     v0.0[0m
[0;32mI (492) efuse_init: Max chip rev:     v3.99 [0m
[0;32mI (496) efuse_init: Chip rev:         v3.1[0m
[0;32mI (501) heap_init: Initializing. RAM available for dynamic allocation:[0m
[0;32mI (507) heap_init: At 3FFAFF10 len 000000F0 (0 KiB): DRAM[0m
[0;32mI (512) heap_init: At 3FFB6388 len 00001C78 (7 KiB): DRAM[0m
[0;32mI (517) heap_init: At 3FFB9A20 len 00004108 (16 KiB): DRAM[0m
[0;32mI (522) heap_init: At 3FFCC528 len 00013AD8 (78 KiB): DRAM[0m
[0;32mI (527) heap_init: At 3FFE0440 len 00003AE0 (14 KiB): D/IRAM[0m
[0;32mI (533) heap_init: At 3FFE4350 len 0001BCB0 (111 KiB): D/IRAM[0m
[0;32mI (538) heap_init: At 4009724C len 00008DB4 (35 KiB): IRAM[0m
[0;32mI (545) spi_flash: detected chip: generic[0m
[0;32mI (547) spi_flash: flash io: dio[0m
[0;33mW (550) spi_flash: Detected size(4096k) larger than the size in the binary image header(2048k). Using the size in the binary image header.[0m
[0;32mI (563) coexist: coex firmware version: e727207[0m
[0;32mI (567) main_task: Started on CPU0[0m
[0;32mI (577) main_task: Calling app_main()[0m
[0;32mI (577) BT_AV: ESP32 Bluetooth Audio Source starting[0m
[0;32mI (587) BT_AV: [BT DEBUG] Initializing Bluetooth...[0m
[0;32mI (587) BT_AV: [BT DEBUG] Configuring controller...[0m
[0;32mI (587) BTDM_INIT: BT controller compile version [dc1cd58][0m
[0;32mI (587) BTDM_INIT: Bluetooth MAC: a0:b7:65:2c:7f:56[0m
[0;32mI (597) BT_AV: [BT DEBUG] Enabling controller...[0m
[0;32mI (597) phy_init: phy_version 4860,6b7a6e5,Feb  6 2025,14:47:07[0m
[0;32mI (1167) BT_AV: [BT DEBUG] Initializing Bluedroid...[0m
[0;32mI (1177) BT_AV: [BT DEBUG] Enabling Bluedroid...[0m
[0;32mI (1277) BT_AV: Own Bluetooth address: [a0:b7:65:2c:7f:56][0m

assert failed: xQueueReceive queue.c:1531 (( pxQueue ))


Backtrace: 0x40081bd5:0x3ffd6410 0x4008ed3d:0x3ffd6430 0x400953c1:0x3ffd6450 0x4008f466:0x3ffd6570 0x400da049:0x3ffd65b0 0x4008f761:0x3ffd65f0




ELF file SHA256: 2f2abb93d

Rebooting...
ets Jul 29 2019 12:21:46

rst:0xc (SW_CPU_RESET),boot:0x13 (SPI_FAST_FLASH_BOOT)
configsip: 0, SPIWP:0xee
clk_drv:0x00,q_drv:0x00,d_drv:0x00,cs0_drv:0x00,hd_drv:0x00,wp_drv:0x00
mode:DIO, clock div:2
load:0x3fff0030,len:6276
load:0x40078000,len:15748
load:0x40080400,len:4
ho 8 tail 4 room 4
load:0x40080404,len:3860
entry 0x4008063c
[0;32mI (31) boot: ESP-IDF v5.4.1-dirty 2nd stage bootloader[0m
[0;32mI (31) boot: compile time May 31 2025 22:24:36[0m
[0;32mI (31) boot: Multicore bootloader[0m
[0;32mI (33) boot: chip revision: v3.1[0m
[0;32mI (36) boot.esp32: SPI Speed      : 40MHz[0m
[0;32mI (39) boot.esp32: SPI Mode       : DIO[0m
[0;32mI (43) boot.esp32: SPI Flash Size : 2MB[0m
[0;32mI (47) boot: Enabling RNG early entropy source...[0m
[0;32mI (51) boot: Partition Table:[0m
[0;32mI (54) boot: ## Label            Usage          Type ST Offset   Length[0m
[0;32mI (60) boot:  0 nvs              WiFi data        01 02 00009000 00006000[0m
[0;32mI (67) boot:  1 phy_init         RF data          01 01 0000f000 00001000[0m
[0;32mI (73) boot:  2 factory          factory app      00 00 00010000 001f0000[0m
[0;32mI (80) boot: End of partition table[0m
[0;32mI (83) esp_image: segment 0: paddr=00010020 vaddr=3f400020 size=290bch (168124) map[0m
[0;32mI (148) esp_image: segment 1: paddr=000390e4 vaddr=3ff80000 size=0001ch (    28) load[0m
[0;32mI (148) esp_image: segment 2: paddr=00039108 vaddr=3ffbdb60 size=04bc0h ( 19392) load[0m
[0;32mI (159) esp_image: segment 3: paddr=0003dcd0 vaddr=40080000 size=02348h (  9032) load[0m
[0;32mI (163) esp_image: segment 4: paddr=00040020 vaddr=400d0020 size=a7150h (684368) map[0m
[0;32mI (400) esp_image: segment 5: paddr=000e7178 vaddr=40082348 size=14f04h ( 85764) load[0m
[0;32mI (445) boot: Loaded app from partition at offset 0x10000[0m
[0;32mI (445) boot: Disabling RNG early entropy source...[0m
[0;32mI (456) cpu_start: Multicore app[0m
[0;32mI (464) cpu_start: Pro cpu start user code[0m
[0;32mI (464) cpu_start: cpu freq: 160000000 Hz[0m
[0;32mI (464) app_init: Application information:[0m
I (464) app_init: Project name:     esp_bt_audio_source
[0;32mI (469) app_init: App version:      v0.1.0-37-gbc4cd7ac-dirty[0m
[0;32mI (475) app_init: Compile time:     May 31 2025 22:24:29[0m
[0;32mI (480) app_init: ELF file SHA256:  2f2abb93d...[0m
[0;32mI (484) app_init: ESP-IDF:          v5.4.1-dirty[0m
[0;32mI (489) efuse_init: Min chip rev:     v0.0[0m
[0;32mI (492) efuse_init: Max chip rev:     v3.99 [0m
[0;32mI (496) efuse_init: Chip rev:         v3.1[0m
[0;32mI (501) heap_init: Initializing. RAM available for dynamic allocation:[0m
[0;32mI (507) heap_init: At 3FFAFF10 len 000000F0 (0 KiB): DRAM[0m
[0;32mI (512) heap_init: At 3FFB6388 len 00001C78 (7 KiB): DRAM[0m
[0;32mI (517) heap_init: At 3FFB9A20 len 00004108 (16 KiB): DRAM[0m
[0;32mI (522) heap_init: At 3FFCC528 len 00013AD8 (78 KiB): DRAM[0m
[0;32mI (527) heap_init: At 3FFE0440 len 00003AE0 (14 KiB): D/IRAM[0m
[0;32mI (533) heap_init: At 3FFE4350 len 0001BCB0 (111 KiB): D/IRAM[0m
[0;32mI (538) heap_init: At 4009724C len 00008DB4 (35 KiB): IRAM[0m
[0;32mI (545) spi_flash: detected chip: generic[0m
[0;32mI (547) spi_flash: flash io: dio[0m
[0;33mW (550) spi_flash: Detected size(4096k) larger than the size in the binary image header(2048k). Using the size in the binary image header.[0m
[0;32mI (563) coexist: coex firmware version: e727207[0m
[0;32mI (567) main_task: Started on CPU0[0m
[0;32mI (577) main_task: Calling app_main()[0m
[0;32mI (577) BT_AV: ESP32 Bluetooth Audio Source starting[0m
[0;32mI (587) BT_AV: [BT DEBUG] Initializing Bluetooth...[0m
[0;32mI (587) BT_AV: [BT DEBUG] Configuring controller...[0m
[0;32mI (587) BTDM_INIT: BT controller compile version [dc1cd58][0m
[0;32mI (587) BTDM_INIT: Bluetooth MAC: a0:b7:65:2c:7f:56[0m
[0;32mI (597) BT_AV: [BT DEBUG] Enabling controller...[0m
[0;32mI (597) phy_init: phy_version 4860,6b7a6e5,Feb  6 2025,14:47:07[0m
[0;32mI (687) phy_init: Saving new calibration data due to checksum failure or outdated calibration data, mode(0)[0m
[0;32mI (1167) BT_AV: [BT DEBUG] Initializing Bluedroid...[0m
[0;32mI (1187) BT_AV: [BT DEBUG] Enabling Bluedroid...[0m
[0;32mI (1287) BT_AV: Own Bluetooth address: [a0:b7:65:2c:7f:56][0m

assert failed: xQueueReceive queue.c:1531 (( pxQueue ))


Backtrace: 0x40081bd5:0x3ffd6490 0x4008ed3d:0x3ffd64b0 0x400953c1:0x3ffd64d0 0x4008f466:0x3ffd65f0 0x400da049:0x3ffd6630 0x4008f761:0x3ffd6670




ELF file SHA256: 2f2abb93d

Rebooting...
ets Jul 29 2019 12:21:46

rst:0xc (SW_CPU_RESET),boot:0x13 (SPI_FAST_FLASH_BOOT)
configsip: 0, SPIWP:0xee
clk_drv:0x00,q_drv:0x00,d_drv:0x00,cs0_drv:0x00,hd_drv:0x00,wp_drv:0x00
mode:DIO, clock div:2
load:0x3fff0030,len:6276
load:0x40078000,len:15748
load:0x40080400,len:4
ho 8 tail 4 room 4
load:0x40080404,len:3860
entry 0x4008063c
[0;32mI (31) boot: ESP-IDF v5.4.1-dirty 2nd stage bootloader[0m
[0;32mI (31) boot: compile time May 31 2025 22:24:36[0m
[0;32mI (31) boot: Multicore bootloader[0m
[0;32mI (33) boot: chip revision: v3.1[0m
[0;32mI (36) boot.esp32: SPI Speed      : 40MHz[0m
[0;32mI (39) boot.esp32: SPI Mode       : DIO[0m
[0;32mI (43) boot.esp32: SPI Flash Size : 2MB[0m
[0;32mI (47) boot: Enabling RNG early entropy source...[0m
[0;32mI (51) boot: Partition Table:[0m
[0;32mI (54) boot: ## Label            Usage          Type ST Offset   Length[0m
[0;32mI (60) boot:  0 nvs              WiFi data        01 02 00009000 00006000[0m
[0;32mI (67) boot:  1 phy_init         RF data          01 01 0000f000 00001000[0m
[0;32mI (73) boot:  2 factory          factory app      00 00 00010000 001f0000[0m
[0;32mI (80) boot: End of partition table[0m
[0;32mI (83) esp_image: segment 0: paddr=00010020 vaddr=3f400020 size=290bch (168124) map[0m
[0;32mI (148) esp_image: segment 1: paddr=000390e4 vaddr=3ff80000 size=0001ch (    28) load[0m
[0;32mI (148) esp_image: segment 2: paddr=00039108 vaddr=3ffbdb60 size=04bc0h ( 19392) load[0m
[0;32mI (159) esp_image: segment 3: paddr=0003dcd0 vaddr=40080000 size=02348h (  9032) load[0m
[0;32mI (163) esp_image: segment 4: paddr=00040020 vaddr=400d0020 size=a7150h (684368) map[0m
[0;32mI (400) esp_image: segment 5: paddr=000e7178 vaddr=40082348 size=14f04h ( 85764) load[0m
[0;32mI (445) boot: Loaded app from partition at offset 0x10000[0m
[0;32mI (445) boot: Disabling RNG early entropy source...[0m
[0;32mI (456) cpu_start: Multicore app[0m
[0;32mI (464) cpu_start: Pro cpu start user code[0m
[0;32mI (464) cpu_start: cpu freq: 160000000 Hz[0m
[0;32mI (464) app_init: Application information:[0m
[0;32mI (464) app_init: Project name:     esp_bt_audio_source[0m
[0;32mI (469) app_init: App version:      v0.1.0-37-gbc4cd7ac-dirty[0m
[0;32mI (475) app_init: Compile time:     May 31 2025 22:24:29[0m
[0;32mI (480) app_init: ELF file SHA256:  2f2abb93d...[0m
[0;32mI (484) app_init: ESP-IDF:          v5.4.1-dirty[0m
[0;32mI (489) efuse_init: Min chip rev:     v0.0[0m
[0;32mI (492) efuse_init: Max chip rev:     v3.99 [0m
[0;32mI (496) efuse_init: Chip rev:         v3.1[0m
[0;32mI (501) heap_init: Initializing. RAM available for dynamic allocation:[0m
[0;32mI (507) heap_init: At 3FFAFF10 len 000000F0 (0 KiB): DRAM[0m
[0;32mI (512) heap_init: At 3FFB6388 len 00001C78 (7 KiB): DRAM[0m
[0;32mI (517) heap_init: At 3FFB9A20 len 00004108 (16 KiB): DRAM[0m
[0;32mI (522) heap_init: At 3FFCC528 len 00013AD8 (78 KiB): DRAM[0m
[0;32mI (527) heap_init: At 3FFE0440 len 00003AE0 (14 KiB): D/IRAM[0m
[0;32mI (533) heap_init: At 3FFE4350 len 0001BCB0 (111 KiB): D/IRAM[0m
[0;32mI (538) heap_init: At 4009724C len 00008DB4 (35 KiB): IRAM[0m
[0;32mI (545) spi_flash: detected chip: generic[0m
[0;32mI (547) spi_flash: flash io: dio[0m
[0;33mW (550) spi_flash: Detected size(4096k) larger than the size in the binary image header(2048k). Using the size in the binary image header.[0m
[0;32mI (563) coexist: coex firmware version: e727207[0m
[0;32mI (567) main_task: Started on CPU0[0m
[0;32mI (577) main_task: Calling app_main()[0m
[0;32mI (577) BT_AV: ESP32 Bluetooth Audio Source starting[0m
[0;32mI (587) BT_AV: [BT DEBUG] Initializing Bluetooth...[0m
[0;32mI (587) BT_AV: [BT DEBUG] Configuring controller...[0m
[0;32mI (587) BTDM_INIT: BT controller compile version [dc1cd58][0m
[0;32mI (587) BTDM_INIT: Bluetooth MAC: a0:b7:65:2c:7f:56[0m
[0;32mI (597) BT_AV: [BT DEBUG] Enabling controller...[0m
[0;32mI (597) phy_init: phy_version 4860,6b7a6e5,Feb  6 2025,14:47:07[0m
[0;32mI (1157) BT_AV: [BT DEBUG] Initializing Bluedroid...[0m
[0;32mI (1167) BT_AV: [BT DEBUG] Enabling Bluedroid...[0m
[0;32mI (1277) BT_AV: Own Bluetooth address: [a0:b7:65:2c:7f:56][0m

assert failed: xQueueReceive queue.c:1531 (( pxQueue ))


Backtrace: 0x40081bd5:0x3ffd6490 0x4008ed3d:0x3ffd64b0 0x400953c1:0x3ffd64d0 0x4008f466:0x3ffd65f0 0x400da049:0x3ffd6630 0x4008f761:0x3ffd6670




ELF file SHA256: 2f2abb93d

Rebooting...
ets Jul 29 2019 12:21:46

rst:0xc (SW_CPU_RESET),boot:0x13 (SPI_FAST_FLASH_BOOT)
configsip: 0, SPIWP:0xee
clk_drv:0x00,q_drv:0x00,d_drv:0x00,cs0_drv:0x00,hd_drv:0x00,wp_drv:0x00
mode:DIO, clock div:2
load:0x3fff0030,len:6276
load:0x40078000,len:15748
load:0x40080400,len:4
ho 8 tail 4 room 4
load:0x40080404,len:3860
entry 0x4008063c
[0;32mI (31) boot: ESP-IDF v5.4.1-dirty 2nd stage bootloader[0m
[0;32mI (31) boot: compile time May 31 2025 22:24:36[0m
[0;32mI (31) boot: Multicore bootloader[0m
[0;32mI (33) boot: chip revision: v3.1[0m
[0;32mI (36) boot.esp32: SPI Speed      : 40MHz[0m
[0;32mI (39) boot.esp32: SPI Mode       : DIO[0m
[0;32mI (43) boot.esp32: SPI Flash Size : 2MB[0m
[0;32mI (47) boot: Enabling RNG early entropy source...[0m
[0;32mI (51) boot: Partition Table:[0m
[0;32mI (54) boot: ## Label            Usage          Type ST Offset   Length[0m
[0;32mI (60) boot:  0 nvs              WiFi data        01 02 00009000 00006000[0m
[0;32mI (67) boot:  1 phy_init         RF data          01 01 0000f000 00001000[0m
[0;32mI (73) boot:  2 factory          factory app      00 00 00010000 001f0000[0m
[0;32mI (80) boot: End of partition table[0m
[0;32mI (83) esp_image: segment 0: paddr=00010020 vaddr=3f400020 size=290bch (168124) map[0m
[0;32mI (148) esp_image: segment 1: paddr=000390e4 vaddr=3ff80000 size=0001ch (    28) load[0m
[0;32mI (148) esp_image: segment 2: paddr=00039108 vaddr=3ffbdb60 size=04bc0h ( 19392) load[0m
[0;32mI (159) esp_image: segment 3: paddr=0003dcd0 vaddr=40080000 size=02348h (  9032) load[0m
[0;32mI (163) esp_image: segment 4: paddr=00040020 vaddr=400d0020 size=a7150h (684368) map[0m
[0;32mI (400) esp_image: segment 5: paddr=000e7178 vaddr=40082348 size=14f04h ( 85764) load[0m
[0;32mI (445) boot: Loaded app from partition at offset 0x10000[0m
[0;32mI (445) boot: Disabling RNG early entropy source...[0m
[0;32mI (456) cpu_start: Multicore app[0m
[0;32mI (464) cpu_start: Pro cpu start user code[0m
[0;32mI (464) cpu_start: cpu freq: 160000000 Hz[0m
[0;32mI (464) app_init: Application information:[0m
[0;32mI (464) app_init: Project name:     esp_bt_audio_source[0m
[0;32mI (469) app_init: App version:      v0.1.0-37-gbc4cd7ac-dirty[0m
[0;32mI (475) app_init: Compile time:     May 31 2025 22:24:29[0m
[0;32mI (480) app_init: ELF file SHA256:  2f2abb93d...[0m
[0;32mI (484) app_init: ESP-IDF:          v5.4.1-dirty[0m
[0;32mI (489) efuse_init: Min chip rev:     v0.0[0m
[0;32mI (492) efuse_init: Max chip rev:     v3.99 [0m
[0;32mI (496) efuse_init: Chip rev:         v3.1[0m
[0;32mI (501) heap_init: Initializing. RAM available for dynamic allocation:[0m
[0;32mI (507) heap_init: At 3FFAFF10 len 000000F0 (0 KiB): DRAM[0m
[0;32mI (512) heap_init: At 3FFB6388 len 00001C78 (7 KiB): DRAM[0m
[0;32mI (517) heap_init: At 3FFB9A20 len 00004108 (16 KiB): DRAM[0m
[0;32mI (522) heap_init: At 3FFCC528 len 00013AD8 (78 KiB): DRAM[0m
[0;32mI (527) heap_init: At 3FFE0440 len 00003AE0 (14 KiB): D/IRAM[0m
[0;32mI (533) heap_init: At 3FFE4350 len 0001BCB0 (111 KiB): D/IRAM[0m
[0;32mI (538) heap_init: At 4009724C len 00008DB4 (35 KiB): IRAM[0m
[0;32mI (545) spi_flash: detected chip: generic[0m
[0;32mI (547) spi_flash: flash io: dio[0m
[0;33mW (550) spi_flash: Detected size(4096k) larger than the size in the binary image header(2048k). Using the size in the binary image header.[0m
[0;32mI (563) coexist: coex firmware version: e727207[0m
[0;32mI (567) main_task: Started on CPU0[0m
[0;32mI (577) main_task: Calling app_main()[0m
[0;32mI (577) BT_AV: ESP32 Bluetooth Audio Source starting[0m
[0;32mI (587) BT_AV: [BT DEBUG] Initializing Bluetooth...[0m
[0;32mI (587) BT_AV: [BT DEBUG] Configuring controller...[0m
[0;32mI (587) BTDM_INIT: BT controller compile version [dc1cd58][0m
[0;32mI (587) BTDM_INIT: Bluetooth MAC: a0:b7:65:2c:7f:56[0m
[0;32mI (597) BT_AV: [BT DEBUG] Enabling controller...[0m
[0;32mI (597) phy_init: phy_version 4860,6b7a6e5,Feb  6 2025,14:47:07[0m
[0;32mI (687) phy_init: Saving new calibration data due to checksum failure or outdated calibration data, mode(0)[0m
[0;32mI (1177) BT_AV: [BT DEBUG] Initializing Bluedroid...[0m
[0;32mI (1197) BT_AV: [BT DEBUG] Enabling Bluedroid...[0m
[0;32mI (1297) BT_AV: Own Bluetooth address: [a0:b7:65:2c:7f:56][0m

assert failed: xQueueReceive queue.c:1531 (( pxQueue ))


Backtrace: 0x40081bd5:0x3ffd6420 0x4008ed3d:0x3ffd6440 0x400953c1:0x3ffd6460 0x4008f466:0x3ffd6580 0x400da049:0x3ffd65c0 0x4008f761:0x3ffd6600




ELF file SHA256: 2f2abb93d

Rebooting...
ets Jul 29 2019 12:21:46

rst:0xc (SW_CPU_RESET),boot:0x13 (SPI_FAST_FLASH_BOOT)
configsip: 0, SPIWP:0xee
clk_drv:0x00,q_drv:0x00,d_drv:0x00,cs0_drv:0x00,hd_drv:0x00,wp_drv:0x00
mode:DIO, clock div:2
load:0x3fff0030,len:6276
load:0x40078000,len:15748
load:0x40080400,len:4
ho 8 tail 4 room 4
load:0x40080404,len:3860
entry 0x4008063c
[0;32mI (31) boot: ESP-IDF v5.4.1-dirty 2nd stage bootloader[0m
[0;32mI (31) boot: compile time May 31 2025 22:24:36[0m
[0;32mI (31) boot: Multicore bootloader[0m
[0;32mI (33) boot: chip revision: v3.1[0m
[0;32mI (36) boot.esp32: SPI Speed      : 40MHz[0m
[0;32mI (39) boot.esp32: SPI Mode       : DIO[0m
[0;32mI (43) boot.esp32: SPI Flash Size : 2MB[0m
[0;32mI (47) boot: Enabling RNG early entropy source...[0m
[0;32mI (51) boot: Partition Table:[0m
[0;32mI (54) boot: ## Label            Usage          Type ST Offset   Length[0m
[0;32mI (60) boot:  0 nvs              WiFi data        01 02 00009000 00006000[0m
[0;32mI (67) boot:  1 phy_init         RF data          01 01 0000f000 00001000[0m
[0;32mI (73) boot:  2 factory          factory app      00 00 00010000 001f0000[0m
[0;32mI (80) boot: End of partition table[0m
[0;32mI (83) esp_image: segment 0: paddr=00010020 vaddr=3f400020 size=290bch (168124) map[0m
[0;32mI (148) esp_image: segment 1: paddr=000390e4 vaddr=3ff80000 size=0001ch (    28) load[0m
[0;32mI (148) esp_image: segment 2: paddr=00039108 vaddr=3ffbdb60 size=04bc0h ( 19392) load[0m
[0;32mI (159) esp_image: segment 3: paddr=0003dcd0 vaddr=40080000 size=02348h (  9032) load[0m
[0;32mI (163) esp_image: segment 4: paddr=00040020 vaddr=400d0020 size=a7150h (684368) map[0m
[0;32mI (400) esp_image: segment 5: paddr=000e7178 vaddr=40082348 size=14f04h ( 85764) load[0m
[0;32mI (445) boot: Loaded app from partition at offset 0x10000[0m
[0;32mI (445) boot: Disabling RNG early entropy source...[0m
[0;32mI (456) cpu_start: Multicore app[0m
[0;32mI (464) cpu_start: Pro cpu start user code[0m
[0;32mI (464) cpu_start: cpu freq: 160000000 Hz[0m
[0;32mI (464) app_init: Application information:[0m
[0;32mI (464) app_init: Project name:     esp_bt_audio_source[0m
[0;32mI (469) app_init: App version:      v0.1.0-37-gbc4cd7ac-dirty[0m
[0;32mI (475) app_init: Compile time:     May 31 2025 22:24:29[0m
[0;32mI (480) app_init: ELF file SHA256:  2f2abb93d...[0m
[0;32mI (484) app_init: ESP-IDF:          v5.4.1-dirty[0m
[0;32mI (489) efuse_init: Min chip rev:     v0.0[0m
[0;32mI (492) efuse_init: Max chip rev:     v3.99 [0m
[0;32mI (496) efuse_init: Chip rev:         v3.1[0m
[0;32mI (501) heap_init: Initializing. RAM available for dynamic allocation:[0m
[0;32mI (507) heap_init: At 3FFAFF10 len 000000F0 (0 KiB): DRAM[0m
[0;32mI (512) heap_init: At 3FFB6388 len 00001C78 (7 KiB): DRAM[0m
[0;32mI (517) heap_init: At 3FFB9A20 len 00004108 (16 KiB): DRAM[0m
[0;32mI (522) heap_init: At 3FFCC528 len 00013AD8 (78 KiB): DRAM[0m
[0;32mI (527) heap_init: At 3FFE0440 len 00003AE0 (14 KiB): D/IRAM[0m
[0;32mI (533) heap_init: At 3FFE4350 len 0001BCB0 (111 KiB): D/IRAM[0m
[0;32mI (538) heap_init: At 4009724C len 00008DB4 (35 KiB): IRAM[0m
[0;32mI (545) spi_flash: detected chip: generic[0m
[0;32mI (547) spi_flash: flash io: dio[0m
[0;33mW (550) spi_flash: Detected size(4096k) larger than the size in the binary image header(2048k). Using the size in the binary image header.[0m
[0;32mI (563) coexist: coex firmware version: e727207[0m
[0;32mI (567) main_task: Started on CPU0[0m
[0;32mI (577) main_task: Calling app_main()[0m
[0;32mI (577) BT_AV: ESP32 Bluetooth Audio Source starting[0m
[0;32mI (587) BT_AV: [BT DEBUG] Initializing Bluetooth...[0m
[0;32mI (587) BT_AV: [BT DEBUG] Configuring controller...[0m
[0;32mI (587) BTDM_INIT: BT controller compile version [dc1cd58][0m
[0;32mI (587) BTDM_INIT: Bluetooth MAC: a0:b7:65:2c:7f:56[0m
[0;32mI (597) BT_AV: [BT DEBUG] Enabling controller...[0m
[0;32mI (597) phy_init: phy_version 4860,6b7a6e5,Feb  6 2025,14:47:07[0m
[0;32mI (1147) BT_AV: [BT DEBUG] Initializing Bluedroid...[0m
[0;32mI (1167) BT_AV: [BT DEBUG] Enabling Bluedroid...[0m
[0;32mI (1267) BT_AV: Own Bluetooth address: [a0:b7:65:2c:7f:56][0m

assert failed: xQueueReceive queue.c:1531 (( pxQueue ))


Backtrace: 0x40081bd5:0x3ffd6410 0x4008ed3d:0x3ffd6430 0x400953c1:0x3ffd6450 0x4008f466:0x3ffd6570 0x400da049:0x3ffd65b0 0x4008f761:0x3ffd65f0




ELF file SHA256: 2f2abb93d

Rebooting...
ets Jul 29 2019 12:21:46

rst:0xc (SW_CPU_RESET),boot:0x13 (SPI_FAST_FLASH_BOOT)
configsip: 0, SPIWP:0xee
clk_drv:0x00,q_drv:0x00,d_drv:0x00,cs0_drv:0x00,hd_drv:0x00,wp_drv:0x00
mode:DIO, clock div:2
load:0x3fff0030,len:6276
load:0x40078000,len:15748
load:0x40080400,len:4
ho 8 tail 4 room 4
load:0x40080404,len:3860
entry 0x4008063c
[0;32mI (31) boot: ESP-IDF v5.4.1-dirty 2nd stage bootloader[0m
[0;32mI (31) boot: compile time May 31 2025 22:24:36[0m
[0;32mI (31) boot: Multicore bootloader[0m
[0;32mI (33) boot: chip revision: v3.1[0m
[0;32mI (36) boot.esp32: SPI Speed      : 40MHz[0m
[0;32mI (39) boot.esp32: SPI Mode       : DIO[0m
[0;32mI (43) boot.esp32: SPI Flash Size : 2MB[0m
[0;32mI (47) boot: Enabling RNG early entropy source...[0m
[0;32mI (51) boot: Partition Table:[0m
[0;32mI (54) boot: ## Label            Usage          Type ST Offset   Length[0m
[0;32mI (60) boot:  0 nvs              WiFi data        01 02 00009000 00006000[0m
[0;32mI (67) boot:  1 phy_init         RF data          01 01 0000f000 00001000[0m
[0;32mI (73) boot:  2 factory          factory app      00 00 00010000 001f0000[0m
[0;32mI (80) boot: End of partition table[0m
[0;32mI (83) esp_image: segment 0: paddr=00010020 vaddr=3f400020 size=290bch (168124) map[0m
[0;32mI (148) esp_image: segment 1: paddr=000390e4 vaddr=3ff80000 size=0001ch (    28) load[0m
[0;32mI (148) esp_image: segment 2: paddr=00039108 vaddr=3ffbdb60 size=04bc0h ( 19392) load[0m
[0;32mI (159) esp_image: segment 3: paddr=0003dcd0 vaddr=40080000 size=02348h (  9032) load[0m
[0;32mI (163) esp_image: segment 4: paddr=00040020 vaddr=400d0020 size=a7150h (684368) map[0m
[0;32mI (400) esp_image: segment 5: paddr=000e7178 vaddr=40082348 size=14f04h ( 85764) load[0m
[0;32mI (445) boot: Loaded app from partition at offset 0x10000[0m
[0;32mI (445) boot: Disabling RNG early entropy source...[0m
[0;32mI (456) cpu_start: Multicore app[0m
[0;32mI (464) cpu_start: Pro cpu start user code[0m
[0;32mI (464) cpu_start: cpu freq: 160000000 Hz[0m
[0;32mI (464) app_init: Application information:[0m
[0;32mI (465) app_init: Project name:     esp_bt_audio_source[0m
[0;32mI (469) app_init: App version:      v0.1.0-37-gbc4cd7ac-dirty[0m
[0;32mI (475) app_init: Compile time:     May 31 2025 22:24:29[0m
[0;32mI (480) app_init: ELF file SHA256:  2f2abb93d...[0m
[0;32mI (484) app_init: ESP-IDF:          v5.4.1-dirty[0m
[0;32mI (489) efuse_init: Min chip rev:     v0.0[0m
[0;32mI (492) efuse_init: Max chip rev:     v3.99 [0m
[0;32mI (496) efuse_init: Chip rev:         v3.1[0m
[0;32mI (501) heap_init: Initializing. RAM available for dynamic allocation:[0m
[0;32mI (507) heap_init: At 3FFAFF10 len 000000F0 (0 KiB): DRAM[0m
[0;32mI (512) heap_init: At 3FFB6388 len 00001C78 (7 KiB): DRAM[0m
[0;32mI (517) heap_init: At 3FFB9A20 len 00004108 (16 KiB): DRAM[0m
[0;32mI (522) heap_init: At 3FFCC528 len 00013AD8 (78 KiB): DRAM[0m
[0;32mI (527) heap_init: At 3FFE0440 len 00003AE0 (14 KiB): D/IRAM[0m
[0;32mI (533) heap_init: At 3FFE4350 len 0001BCB0 (111 KiB): D/IRAM[0m
[0;32mI (538) heap_init: At 4009724C len 00008DB4 (35 KiB): IRAM[0m
[0;32mI (545) spi_flash: detected chip: generic[0m
[0;32mI (547) spi_flash: flash io: dio[0m
[0;33mW (550) spi_flash: Detected size(4096k) larger than the size in the binary image header(2048k). Using the size in the binary image header.[0m
[0;32mI (563) coexist: coex firmware version: e727207[0m
[0;32mI (567) main_task: Started on CPU0[0m
[0;32mI (577) main_task: Calling app_main()[0m
[0;32mI (577) BT_AV: ESP32 Bluetooth Audio Source starting[0m
[0;32mI (587) BT_AV: [BT DEBUG] Initializing Bluetooth...[0m
[0;32mI (587) BT_AV: [BT DEBUG] Configuring controller...[0m
[0;32mI (587) BTDM_INIT: BT controller compile version [dc1cd58][0m
[0;32mI (587) BTDM_INIT: Bluetooth MAC: a0:b7:65:2c:7f:56[0m
[0;32mI (597) BT_AV: [BT DEBUG] Enabling controller...[0m
[0;32mI (597) phy_init: phy_version 4860,6b7a6e5,Feb  6 2025,14:47:07[0m
[0;32mI (687) phy_init: Saving new calibration data due to checksum failure or outdated calibration data, mode(0)[0m
[0;32mI (1167) BT_AV: [BT DEBUG] Initializing Bluedroid...[0m
[0;32mI (1187) BT_AV: [BT DEBUG] Enabling Bluedroid...[0m
[0;32mI (1287) BT_AV: Own Bluetooth address: [a0:b7:65:2c:7f:56][0m

assert failed: xQueueReceive queue.c:1531 (( pxQueue ))


Backtrace: 0x40081bd5:0x3ffd6490 0x4008ed3d:0x3ffd64b0 0x400953c1:0x3ffd64d0 0x4008f466:0x3ffd65f0 0x400da049:0x3ffd6630 0x4008f761:0x3ffd6670




ELF file SHA256: 2f2abb93d

Rebooting...
ets Jul 29 2019 12:21:46

rst:0xc (SW_CPU_RESET),boot:0x13 (SPI_FAST_FLASH_BOOT)
configsip: 0, SPIWP:0xee
clk_drv:0x00,q_drv:0x00,d_drv:0x00,cs0_drv:0x00,hd_drv:0x00,wp_drv:0x00
mode:DIO, clock div:2
load:0x3fff0030,len:6276
load:0x40078000,len:15748
load:0x40080400,len:4
ho 8 tail 4 room 4
load:0x40080404,len:3860
entry 0x4008063c
[0;32mI (31) boot: ESP-IDF v5.4.1-dirty 2nd stage bootloader[0m
[0;32mI (31) boot: compile time May 31 2025 22:24:36[0m
[0;32mI (31) boot: Multicore bootloader[0m
[0;32mI (33) boot: chip revision: v3.1[0m
[0;32mI (36) boot.esp32: SPI Speed      : 40MHz[0m
[0;32mI (39) boot.esp32: SPI Mode       : DIO[0m
[0;32mI (43) boot.esp32: SPI Flash Size : 2MB[0m
[0;32mI (47) boot: Enabling RNG early entropy source...[0m
[0;32mI (51) boot: Partition Table:[0m
[0;32mI (54) boot: ## Label            Usage          Type ST Offset   Length[0m
[0;32mI (60) boot:  0 nvs              WiFi data        01 02 00009000 00006000[0m
[0;32mI (67) boot:  1 phy_init         RF data          01 01 0000f000 00001000[0m
[0;32mI (73) boot:  2 factory          factory app      00 00 00010000 001f0000[0m
[0;32mI (80) boot: End of partition table[0m
[0;32mI (83) esp_image: segment 0: paddr=00010020 vaddr=3f400020 size=290bch (168124) map[0m
[0;32mI (148) esp_image: segment 1: paddr=000390e4 vaddr=3ff80000 size=0001ch (    28) load[0m
[0;32mI (148) esp_image: segment 2: paddr=00039108 vaddr=3ffbdb60 size=04bc0h ( 19392) load[0m
[0;32mI (159) esp_image: segment 3: paddr=0003dcd0 vaddr=40080000 size=02348h (  9032) load[0m
[0;32mI (163) esp_image: segment 4: paddr=00040020 vaddr=400d0020 size=a7150h (684368) map[0m
[0;32mI (400) esp_image: segment 5: paddr=000e7178 vaddr=40082348 size=14f04h ( 85764) load[0m
[0;32mI (445) boot: Loaded app from partition at offset 0x10000[0m
[0;32mI (445) boot: Disabling RNG early entropy source...[0m
[0;32mI (456) cpu_start: Multicore app[0m
[0;32mI (464) cpu_start: Pro cpu start user code[0m
[0;32mI (464) cpu_start: cpu freq: 160000000 Hz[0m
[0;32mI (464) app_init: Application information:[0m
[0;32mI (464) app_init: Project name:     esp_bt_audio_source[0m
[0;32mI (469) app_init: App version:      v0.1.0-37-gbc4cd7ac-dirty[0m
[0;32mI (475) app_init: Compile time:     May 31 2025 22:24:29[0m
[0;32mI (480) app_init: ELF file SHA256:  2f2abb93d...[0m
[0;32mI (484) app_init: ESP-IDF:          v5.4.1-dirty[0m
[0;32mI (489) efuse_init: Min chip rev:     v0.0[0m
[0;32mI (492) efuse_init: Max chip rev:     v3.99 [0m
[0;32mI (496) efuse_init: Chip rev:         v3.1[0m
[0;32mI (501) heap_init: Initializing. RAM available for dynamic allocation:[0m
[0;32mI (507) heap_init: At 3FFAFF10 len 000000F0 (0 KiB): DRAM[0m
[0;32mI (512) heap_init: At 3FFB6388 len 00001C78 (7 KiB): DRAM[0m
[0;32mI (517) heap_init: At 3FFB9A20 len 00004108 (16 KiB): DRAM[0m
[0;32mI (522) heap_init: At 3FFCC528 len 00013AD8 (78 KiB): DRAM[0m
[0;32mI (527) heap_init: At 3FFE0440 len 00003AE0 (14 KiB): D/IRAM[0m
[0;32mI (533) heap_init: At 3FFE4350 len 0001BCB0 (111 KiB): D/IRAM[0m
[0;32mI (538) heap_init: At 4009724C len 00008DB4 (35 KiB): IRAM[0m
[0;32mI (545) spi_flash: detected chip: generic[0m
[0;32mI (547) spi_flash: flash io: dio[0m
[0;33mW (550) spi_flash: Detected size(4096k) larger than the size in the binary image header(2048k). Using the size in the binary image header.[0m
[0;32mI (563) coexist: coex firmware version: e727207[0m
[0;32mI (567) main_task: Started on CPU0[0m
[0;32mI (577) main_task: Calling app_main()[0m
[0;32mI (577) BT_AV: ESP32 Bluetooth Audio Source starting[0m
[0;32mI (587) BT_AV: [BT DEBUG] Initializing Bluetooth...[0m
[0;32mI (587) BT_AV: [BT DEBUG] Configuring controller...[0m
[0;32mI (587) BTDM_INIT: BT controller compile version [dc1cd58][0m
[0;32mI (587) BTDM_INIT: Bluetooth MAC: a0:b7:65:2c:7f:56[0m
[0;32mI (597) BT_AV: [BT DEBUG] Enabling controller...[0m
[0;32mI (597) phy_init: phy_version 4860,6b7a6e5,Feb  6 2025,14:47:07[0m
[0;32mI (687) phy_init: Saving new calibration data due to checksum failure or outdated calibration data, mode(0)[0m
[0;32mI (1177) BT_AV: [BT DEBUG] Initializing Bluedroid...[0m
[0;32mI (1187) BT_AV: [BT DEBUG] Enabling Bluedroid...[0m
[0;32mI (1297) BT_AV: Own Bluetooth address: [a0:b7:65:2c:7f:56][0m

assert failed: xQueueReceive queue.c:1531 (( pxQueue ))


Backtrace: 0x40081bd5:0x3ffd6420 0x4008ed3d:0x3ffd6440 0x400953c1:0x3ffd6460 0x4008f466:0x3ffd6580 0x400da049:0x3ffd65c0 0x4008f761:0x3ffd6600




ELF file SHA256: 2f2abb93d

Rebooting...
ets Jul 29 2019 12:21:46

rst:0xc (SW_CPU_RESET),boot:0x13 (SPI_FAST_FLASH_BOOT)
configsip: 0, SPIWP:0xee
clk_drv:0x00,q_drv:0x00,d_drv:0x00,cs0_drv:0x00,hd_drv:0x00,wp_drv:0x00
mode:DIO, clock div:2
load:0x3fff0030,len:6276
load:0x40078000,len:15748
load:0x40080400,len:4
ho 8 tail 4 room 4
load:0x40080404,len:3860
entry 0x4008063c
[0;32mI (31) boot: ESP-IDF v5.4.1-dirty 2nd stage bootloader[0m
[0;32mI (31) boot: compile time May 31 2025 22:24:36[0m
[0;32mI (31) boot: Multicore bootloader[0m
[0;32mI (33) boot: chip revision: v3.1[0m
[0;32mI (36) boot.esp32: SPI Speed      : 40MHz[0m
[0;32mI (39) boot.esp32: SPI Mode       : DIO[0m
[0;32mI (43) boot.esp32: SPI Flash Size : 2MB[0m
[0;32mI (47) boot: Enabling RNG early entropy source...[0m
[0;32mI (51) boot: Partition Table:[0m
[0;32mI (54) boot: ## Label            Usage          Type ST Offset   Length[0m
[0;32mI (60) boot:  0 nvs              WiFi data        01 02 00009000 00006000[0m
[0;32mI (67) boot:  1 phy_init         RF data          01 01 0000f000 00001000[0m
[0;32mI (73) boot:  2 factory          factory app      00 00 00010000 001f0000[0m
[0;32mI (80) boot: End of partition table[0m
[0;32mI (83) esp_image: segment 0: paddr=00010020 vaddr=3f400020 size=290bch (168124) map[0m
[0;32mI (148) esp_image: segment 1: paddr=000390e4 vaddr=3ff80000 size=0001ch (    28) load[0m
[0;32mI (148) esp_image: segment 2: paddr=00039108 vaddr=3ffbdb60 size=04bc0h ( 19392) load[0m
[0;32mI (159) esp_image: segment 3: paddr=0003dcd0 vaddr=40080000 size=02348h (  9032) load[0m
[0;32mI (163) esp_image: segment 4: paddr=00040020 vaddr=400d0020 size=a7150h (684368) map[0m
[0;32mI (400) esp_image: segment 5: paddr=000e7178 vaddr=40082348 size=14f04h ( 85764) load[0m
[0;32mI (445) boot: Loaded app from partition at offset 0x10000[0m
[0;32mI (445) boot: Disabling RNG early entropy source...[0m
[0;32mI (456) cpu_start: Multicore app[0m
[0;32mI (464) cpu_start: Pro cpu start user code[0m
[0;32mI (464) cpu_start: cpu freq: 160000000 Hz[0m
[0;32mI (464) app_init: Application information:[0m
[0;32mI (464) app_init: Project name:     esp_bt_audio_source[0m
[0;32mI (469) app_init: App version:      v0.1.0-37-gbc4cd7ac-dirty[0m
[0;32mI (475) app_init: Compile time:     May 31 2025 22:24:29[0m
[0;32mI (480) app_init: ELF file SHA256:  2f2abb93d...[0m
[0;32mI (484) app_init: ESP-IDF:          v5.4.1-dirty[0m
[0;32mI (489) efuse_init: Min chip rev:     v0.0[0m
[0;32mI (492) efuse_init: Max chip rev:     v3.99 [0m
[0;32mI (496) efuse_init: Chip rev:         v3.1[0m
[0;32mI (501) heap_init: Initializing. RAM available for dynamic allocation:[0m
[0;32mI (507) heap_init: At 3FFAFF10 len 000000F0 (0 KiB): DRAM[0m
[0;32mI (512) heap_init: At 3FFB6388 len 00001C78 (7 KiB): DRAM[0m
[0;32mI (517) heap_init: At 3FFB9A20 len 00004108 (16 KiB): DRAM[0m
[0;32mI (522) heap_init: At 3FFCC528 len 00013AD8 (78 KiB): DRAM[0m
[0;32mI (527) heap_init: At 3FFE0440 len 00003AE0 (14 KiB): D/IRAM[0m
[0;32mI (533) heap_init: At 3FFE4350 len 0001BCB0 (111 KiB): D/IRAM[0m
[0;32mI (538) heap_init: At 4009724C len 00008DB4 (35 KiB): IRAM[0m
[0;32mI (545) spi_flash: detected chip: generic[0m
[0;32mI (547) spi_flash: flash io: dio[0m
[0;33mW (550) spi_flash: Detected size(4096k) larger than the size in the binary image header(2048k). Using the size in the binary image header.[0m
[0;32mI (563) coexist: coex firmware version: e727207[0m
[0;32mI (567) main_task: Started on CPU0[0m
[0;32mI (577) main_task: Calling app_main()[0m
[0;32mI (577) BT_AV: ESP32 Bluetooth Audio Source starting[0m
[0;32mI (587) BT_AV: [BT DEBUG] Initializing Bluetooth...[0m
[0;32mI (587) BT_AV: [BT DEBUG] Configuring controller...[0m
[0;32mI (587) BTDM_INIT: BT controller compile version [dc1cd58][0m
[0;32mI (587) BTDM_INIT: Bluetooth MAC: a0:b7:65:2c:7f:56[0m
[0;32mI (597) BT_AV: [BT DEBUG] Enabling controller...[0m
[0;32mI (597) phy_init: phy_version 4860,6b7a6e5,Feb  6 2025,14:47:07[0m
[0;32mI (687) phy_init: Saving new calibration data due to checksum failure or outdated calibration data, mode(0)[0m
[0;32mI (1177) BT_AV: [BT DEBUG] Initializing Bluedroid...[0m
[0;32mI (1187) BT_AV: [BT DEBUG] Enabling Bluedroid...[0m
[0;32mI (1297) BT_AV: Own Bluetooth address: [a0:b7:65:2c:7f:56][0m

assert failed: xQueueReceive queue.c:1531 (( pxQueue ))


Backtrace: 0x40081bd5:0x3ffd6490 0x4008ed3d:0x3ffd64b0 0x400953c1:0x3ffd64d0 0x4008f466:0x3ffd65f0 0x400da049:0x3ffd6630 0x4008f761:0x3ffd6670




ELF file SHA256: 2f2abb93d

Rebooting...
ets Jul 29 2019 12:21:46

rst:0xc (SW_CPU_RESET),boot:0x13 (SPI_FAST_FLASH_BOOT)
configsip: 0, SPIWP:0xee
clk_drv:0x00,q_drv:0x00,d_drv:0x00,cs0_drv:0x00,hd_drv:0x00,wp_drv:0x00
mode:DIO, clock div:2
load:0x3fff0030,len:6276
load:0x40078000,len:15748
load:0x40080400,len:4
ho 8 tail 4 room 4
load:0x40080404,len:3860
entry 0x4008063c
[0;32mI (31) boot: ESP-IDF v5.4.1-dirty 2nd stage bootloader[0m
[0;32mI (31) boot: compile time May 31 2025 22:24:36[0m
[0;32mI (31) boot: Multicore bootloader[0m
[0;32mI (33) boot: chip revision: v3.1[0m
[0;32mI (36) boot.esp32: SPI Speed      : 40MHz[0m
[0;32mI (39) boot.esp32: SPI Mode       : DIO[0m
[0;32mI (43) boot.esp32: SPI Flash Size : 2MB[0m
[0;32mI (47) boot: Enabling RNG early entropy source...[0m
[0;32mI (51) boot: Partition Table:[0m
[0;32mI (54) boot: ## Label            Usage          Type ST Offset   Length[0m
[0;32mI (60) boot:  0 nvs              WiFi data        01 02 00009000 00006000[0m
[0;32mI (67) boot:  1 phy_init         RF data          01 01 0000f000 00001000[0m
[0;32mI (73) boot:  2 factory          factory app      00 00 00010000 001f0000[0m
[0;32mI (80) boot: End of partition table[0m
[0;32mI (83) esp_image: segment 0: paddr=00010020 vaddr=3f400020 size=290bch (168124) map[0m
[0;32mI (148) esp_image: segment 1: paddr=000390e4 vaddr=3ff80000 size=0001ch (    28) load[0m
[0;32mI (148) esp_image: segment 2: paddr=00039108 vaddr=3ffbdb60 size=04bc0h ( 19392) load[0m
[0;32mI (159) esp_image: segment 3: paddr=0003dcd0 vaddr=40080000 size=02348h (  9032) load[0m
[0;32mI (163) esp_image: segment 4: paddr=00040020 vaddr=400d0020 size=a7150h (684368) map[0m
[0;32mI (400) esp_image: segment 5: paddr=000e7178 vaddr=40082348 size=14f04h ( 85764) load[0m
[0;32mI (445) boot: Loaded app from partition at offset 0x10000[0m
[0;32mI (445) boot: Disabling RNG early entropy source...[0m
[0;32mI (456) cpu_start: Multicore app[0m
[0;32mI (464) cpu_start: Pro cpu start user code[0m
[0;32mI (464) cpu_start: cpu freq: 160000000 Hz[0m
[0;32mI (464) app_init: Application information:[0m
[0;32mI (464) app_init: Project name:     esp_bt_audio_source[0m
I (469) app_init: App version:      v0.1.0-37-gbc4cd7ac-dirty
[0;32mI (475) app_init: Compile time:     May 31 2025 22:24:29[0m
[0;32mI (480) app_init: ELF file SHA256:  2f2abb93d...[0m
[0;32mI (484) app_init: ESP-IDF:          v5.4.1-dirty[0m
[0;32mI (489) efuse_init: Min chip rev:     v0.0[0m
[0;32mI (492) efuse_init: Max chip rev:     v3.99 [0m
[0;32mI (496) efuse_init: Chip rev:         v3.1[0m
[0;32mI (501) heap_init: Initializing. RAM available for dynamic allocation:[0m
[0;32mI (507) heap_init: At 3FFAFF10 len 000000F0 (0 KiB): DRAM[0m
[0;32mI (512) heap_init: At 3FFB6388 len 00001C78 (7 KiB): DRAM[0m
[0;32mI (517) heap_init: At 3FFB9A20 len 00004108 (16 KiB): DRAM[0m
[0;32mI (522) heap_init: At 3FFCC528 len 00013AD8 (78 KiB): DRAM[0m
[0;32mI (527) heap_init: At 3FFE0440 len 00003AE0 (14 KiB): D/IRAM[0m
[0;32mI (533) heap_init: At 3FFE4350 len 0001BCB0 (111 KiB): D/IRAM[0m
[0;32mI (538) heap_init: At 4009724C len 00008DB4 (35 KiB): IRAM[0m
[0;32mI (545) spi_flash: detected chip: generic[0m
[0;32mI (547) spi_flash: flash io: dio[0m
[0;33mW (550) spi_flash: Detected size(4096k) larger than the size in the binary image header(2048k). Using the size in the binary image header.[0m
[0;32mI (563) coexist: coex firmware version: e727207[0m
[0;32mI (567) main_task: Started on CPU0[0m
[0;32mI (577) main_task: Calling app_main()[0m
[0;32mI (577) BT_AV: ESP32 Bluetooth Audio Source starting[0m
[0;32mI (587) BT_AV: [BT DEBUG] Initializing Bluetooth...[0m
[0;32mI (587) BT_AV: [BT DEBUG] Configuring controller...[0m
[0;32mI (587) BTDM_INIT: BT controller compile version [dc1cd58][0m
[0;32mI (587) BTDM_INIT: Bluetooth MAC: a0:b7:65:2c:7f:56[0m
[0;32mI (597) BT_AV: [BT DEBUG] Enabling controller...[0m
[0;32mI (597) phy_init: phy_version 4860,6b7a6e5,Feb  6 2025,14:47:07[0m
[0;32mI (687) phy_init: Saving new calibration data due to checksum failure or outdated calibration data, mode(0)[0m
[0;32mI (1167) BT_AV: [BT DEBUG] Initializing Bluedroid...[0m
[0;32mI (1177) BT_AV: [BT DEBUG] Enabling Bluedroid...[0m
[0;32mI (1287) BT_AV: Own Bluetooth address: [a0:b7:65:2c:7f:56][0m

assert failed: xQueueReceive queue.c:1531 (( pxQueue ))


Backtrace: 0x40081bd5:0x3ffd6420 0x4008ed3d:0x3ffd6440 0x400953c1:0x3ffd6460 0x4008f466:0x3ffd6580 0x400da049:0x3ffd65c0 0x4008f761:0x3ffd6600




ELF file SHA256: 2f2abb93d

Rebooting...
ets Jul 29 2019 12:21:46

rst:0xc (SW_CPU_RESET),boot:0x13 (SPI_FAST_FLASH_BOOT)
configsip: 0, SPIWP:0xee
clk_drv:0x00,q_drv:0x00,d_drv:0x00,cs0_drv:0x00,hd_drv:0x00,wp_drv:0x00
mode:DIO, clock div:2
load:0x3fff0030,len:6276
load:0x40078000,len:15748
load:0x40080400,len:4
ho 8 tail 4 room 4
load:0x40080404,len:3860
entry 0x4008063c
[0;32mI (31) boot: ESP-IDF v5.4.1-dirty 2nd stage bootloader[0m
[0;32mI (31) boot: compile time May 31 2025 22:24:36[0m
[0;32mI (31) boot: Multicore bootloader[0m
[0;32mI (33) boot: chip revision: v3.1[0m
[0;32mI (36) boot.esp32: SPI Speed      : 40MHz[0m
[0;32mI (39) boot.esp32: SPI Mode       : DIO[0m
[0;32mI (43) boot.esp32: SPI Flash Size : 2MB[0m
[0;32mI (47) boot: Enabling RNG early entropy source...[0m
[0;32mI (51) boot: Partition Table:[0m
[0;32mI (54) boot: ## Label            Usage          Type ST Offset   Length[0m
[0;32mI (60) boot:  0 nvs              WiFi data        01 02 00009000 00006000[0m
[0;32mI (67) boot:  1 phy_init         RF data          01 01 0000f000 00001000[0m
[0;32mI (73) boot:  2 factory          factory app      00 00 00010000 001f0000[0m
[0;32mI (80) boot: End of partition table[0m
[0;32mI (83) esp_image: segment 0: paddr=00010020 vaddr=3f400020 size=290bch (168124) map[0m
[0;32mI (148) esp_image: segment 1: paddr=000390e4 vaddr=3ff80000 size=0001ch (    28) load[0m
[0;32mI (148) esp_image: segment 2: paddr=00039108 vaddr=3ffbdb60 size=04bc0h ( 19392) load[0m
[0;32mI (159) esp_image: segment 3: paddr=0003dcd0 vaddr=40080000 size=02348h (  9032) load[0m
[0;32mI (163) esp_image: segment 4: paddr=00040020 vaddr=400d0020 size=a7150h (684368) map[0m
[0;32mI (400) esp_image: segment 5: paddr=000e7178 vaddr=40082348 size=14f04h ( 85764) load[0m
[0;32mI (445) boot: Loaded app from partition at offset 0x10000[0m
[0;32mI (445) boot: Disabling RNG early entropy source...[0m
[0;32mI (456) cpu_start: Multicore app[0m
[0;32mI (464) cpu_start: Pro cpu start user code[0m
[0;32mI (464) cpu_start: cpu freq: 160000000 Hz[0m
[0;32mI (464) app_init: Application information:[0m
[0;32mI (464) app_init: Project name:     esp_bt_audio_source[0m
[0;32mI (469) app_init: App version:      v0.1.0-37-gbc4cd7ac-dirty[0m
[0;32mI (475) app_init: Compile time:     May 31 2025 22:24:29[0m
[0;32mI (480) app_init: ELF file SHA256:  2f2abb93d...[0m
[0;32mI (484) app_init: ESP-IDF:          v5.4.1-dirty[0m
[0;32mI (489) efuse_init: Min chip rev:     v0.0[0m
[0;32mI (492) efuse_init: Max chip rev:     v3.99 [0m
[0;32mI (496) efuse_init: Chip rev:         v3.1[0m
[0;32mI (501) heap_init: Initializing. RAM available for dynamic allocation:[0m
[0;32mI (507) heap_init: At 3FFAFF10 len 000000F0 (0 KiB): DRAM[0m
[0;32mI (512) heap_init: At 3FFB6388 len 00001C78 (7 KiB): DRAM[0m
[0;32mI (517) heap_init: At 3FFB9A20 len 00004108 (16 KiB): DRAM[0m
[0;32mI (522) heap_init: At 3FFCC528 len 00013AD8 (78 KiB): DRAM[0m
[0;32mI (527) heap_init: At 3FFE0440 len 00003AE0 (14 KiB): D/IRAM[0m
[0;32mI (533) heap_init: At 3FFE4350 len 0001BCB0 (111 KiB): D/IRAM[0m
[0;32mI (538) heap_init: At 4009724C len 00008DB4 (35 KiB): IRAM[0m
[0;32mI (545) spi_flash: detected chip: generic[0m
[0;32mI (547) spi_flash: flash io: dio[0m
[0;33mW (550) spi_flash: Detected size(4096k) larger than the size in the binary image header(2048k). Using the size in the binary image header.[0m
[0;32mI (563) coexist: coex firmware version: e727207[0m
[0;32mI (567) main_task: Started on CPU0[0m
[0;32mI (577) main_task: Calling app_main()[0m
[0;32mI (577) BT_AV: ESP32 Bluetooth Audio Source starting[0m
[0;32mI (587) BT_AV: [BT DEBUG] Initializing Bluetooth...[0m
[0;32mI (587) BT_AV: [BT DEBUG] Configuring controller...[0m
[0;32mI (587) BTDM_INIT: BT controller compile version [dc1cd58][0m
[0;32mI (587) BTDM_INIT: Bluetooth MAC: a0:b7:65:2c:7f:56[0m
[0;32mI (597) BT_AV: [BT DEBUG] Enabling controller...[0m
[0;32mI (597) phy_init: phy_version 4860,6b7a6e5,Feb  6 2025,14:47:07[0m
[0;32mI (1167) BT_AV: [BT DEBUG] Initializing Bluedroid...[0m
[0;32mI (1187) BT_AV: [BT DEBUG] Enabling Bluedroid...[0m
[0;32mI (1287) BT_AV: Own Bluetooth address: [a0:b7:65:2c:7f:56][0m

assert failed: xQueueReceive queue.c:1531 (( pxQueue ))


Backtrace: 0x40081bd5:0x3ffd6410 0x4008ed3d:0x3ffd6430 0x400953c1:0x3ffd6450 0x4008f466:0x3ffd6570 0x400da049:0x3ffd65b0 0x4008f761:0x3ffd65f0




ELF file SHA256: 2f2abb93d

Rebooting...
ets Jul 29 2019 12:21:46

rst:0xc (SW_CPU_RESET),boot:0x13 (SPI_FAST_FLASH_BOOT)
configsip: 0, SPIWP:0xee
clk_drv:0x00,q_drv:0x00,d_drv:0x00,cs0_drv:0x00,hd_drv:0x00,wp_drv:0x00
mode:DIO, clock div:2
load:0x3fff0030,len:6276
load:0x40078000,len:15748
load:0x40080400,len:4
ho 8 tail 4 room 4
load:0x40080404,len:3860
entry 0x4008063c
[0;32mI (31) boot: ESP-IDF v5.4.1-dirty 2nd stage bootloader[0m
[0;32mI (31) boot: compile time May 31 2025 22:24:36[0m
[0;32mI (31) boot: Multicore bootloader[0m
[0;32mI (33) boot: chip revision: v3.1[0m
[0;32mI (36) boot.esp32: SPI Speed      : 40MHz[0m
[0;32mI (39) boot.esp32: SPI Mode       : DIO[0m
[0;32mI (43) boot.esp32: SPI Flash Size : 2MB[0m
[0;32mI (47) boot: Enabling RNG early entropy source...[0m
[0;32mI (51) boot: Partition Table:[0m
[0;32mI (54) boot: ## Label            Usage          Type ST Offset   Length[0m
[0;32mI (60) boot:  0 nvs              WiFi data        01 02 00009000 00006000[0m
[0;32mI (67) boot:  1 phy_init         RF data          01 01 0000f000 00001000[0m
[0;32mI (73) boot:  2 factory          factory app      00 00 00010000 001f0000[0m
[0;32mI (80) boot: End of partition table[0m
[0;32mI (83) esp_image: segment 0: paddr=00010020 vaddr=3f400020 size=290bch (168124) map[0m
[0;32mI (148) esp_image: segment 1: paddr=000390e4 vaddr=3ff80000 size=0001ch (    28) load[0m
[0;32mI (148) esp_image: segment 2: paddr=00039108 vaddr=3ffbdb60 size=04bc0h ( 19392) load[0m
[0;32mI (159) esp_image: segment 3: paddr=0003dcd0 vaddr=40080000 size=02348h (  9032) load[0m
[0;32mI (163) esp_image: segment 4: paddr=00040020 vaddr=400d0020 size=a7150h (684368) map[0m
[0;32mI (400) esp_image: segment 5: paddr=000e7178 vaddr=40082348 size=14f04h ( 85764) load[0m
[0;32mI (445) boot: Loaded app from partition at offset 0x10000[0m
[0;32mI (445) boot: Disabling RNG early entropy source...[0m
[0;32mI (456) cpu_start: Multicore app[0m
[0;32mI (464) cpu_start: Pro cpu start user code[0m
[0;32mI (464) cpu_start: cpu freq: 160000000 Hz[0m
[0;32mI (464) app_init: Application information:[0m
[0;32mI (464) app_init: Project name:     esp_bt_audio_source[0m
[0;32mI (469) app_init: App version:      v0.1.0-37-gbc4cd7ac-dirty[0m
[0;32mI (475) app_init: Compile time:     May 31 2025 22:24:29[0m
[0;32mI (480) app_init: ELF file SHA256:  2f2abb93d...[0m
[0;32mI (484) app_init: ESP-IDF:          v5.4.1-dirty[0m
[0;32mI (489) efuse_init: Min chip rev:     v0.0[0m
[0;32mI (492) efuse_init: Max chip rev:     v3.99 [0m
I (496) efuse_init: Chip rev:         v3.1
[0;32mI (501) heap_init: Initializing. RAM available for dynamic allocation:[0m
[0;32mI (507) heap_init: At 3FFAFF10 len 000000F0 (0 KiB): DRAM[0m
[0;32mI (512) heap_init: At 3FFB6388 len 00001C78 (7 KiB): DRAM[0m
[0;32mI (517) heap_init: At 3FFB9A20 len 00004108 (16 KiB): DRAM[0m
[0;32mI (522) heap_init: At 3FFCC528 len 00013AD8 (78 KiB): DRAM[0m
[0;32mI (527) heap_init: At 3FFE0440 len 00003AE0 (14 KiB): D/IRAM[0m
[0;32mI (533) heap_init: At 3FFE4350 len 0001BCB0 (111 KiB): D/IRAM[0m
[0;32mI (538) heap_init: At 4009724C len 00008DB4 (35 KiB): IRAM[0m
[0;32mI (545) spi_flash: detected chip: generic[0m
[0;32mI (547) spi_flash: flash io: dio[0m
[0;33mW (550) spi_flash: Detected size(4096k) larger than the size in the binary image header(2048k). Using the size in the binary image header.[0m
[0;32mI (563) coexist: coex firmware version: e727207[0m
[0;32mI (567) main_task: Started on CPU0[0m
[0;32mI (577) main_task: Calling app_main()[0m
[0;32mI (577) BT_AV: ESP32 Bluetooth Audio Source starting[0m
[0;32mI (587) BT_AV: [BT DEBUG] Initializing Bluetooth...[0m
[0;32mI (587) BT_AV: [BT DEBUG] Configuring controller...[0m
[0;32mI (587) BTDM_INIT: BT controller compile version [dc1cd58][0m
[0;32mI (587) BTDM_INIT: Bluetooth MAC: a0:b7:65:2c:7f:56[0m
[0;32mI (597) BT_AV: [BT DEBUG] Enabling controller...[0m
[0;32mI (597) phy_init: phy_version 4860,6b7a6e5,Feb  6 2025,14:47:07[0m
[0;32mI (687) phy_init: Saving new calibration data due to checksum failure or outdated calibration data, mode(0)[0m
[0;32mI (1217) BT_AV: [BT DEBUG] Initializing Bluedroid...[0m
[0;32mI (1237) BT_AV: [BT DEBUG] Enabling Bluedroid...[0m
[0;32mI (1337) BT_AV: Own Bluetooth address: [a0:b7:65:2c:7f:56][0m

assert failed: xQueueReceive queue.c:1531 (( pxQueue ))


Backtrace: 0x40081bd5:0x3ffd6490 0x4008ed3d:0x3ffd64b0 0x400953c1:0x3ffd64d0 0x4008f466:0x3ffd65f0 0x400da049:0x3ffd6630 0x4008f761:0x3ffd6670




ELF file SHA256: 2f2abb93d

Rebooting...
ets Jul 29 2019 12:21:46

rst:0xc (SW_CPU_RESET),boot:0x13 (SPI_FAST_FLASH_BOOT)
configsip: 0, SPIWP:0xee
clk_drv:0x00,q_drv:0x00,d_drv:0x00,cs0_drv:0x00,hd_drv:0x00,wp_drv:0x00
mode:DIO, clock div:2
load:0x3fff0030,len:6276
load:0x40078000,len:15748
load:0x40080400,len:4
ho 8 tail 4 room 4
load:0x40080404,len:3860
entry 0x4008063c
[0;32mI (31) boot: ESP-IDF v5.4.1-dirty 2nd stage bootloader[0m
[0;32mI (31) boot: compile time May 31 2025 22:24:36[0m
[0;32mI (31) boot: Multicore bootloader[0m
[0;32mI (33) boot: chip revision: v3.1[0m
[0;32mI (36) boot.esp32: SPI Speed      : 40MHz[0m
[0;32mI (39) boot.esp32: SPI Mode       : DIO[0m
[0;32mI (43) boot.esp32: SPI Flash Size : 2MB[0m
[0;32mI (47) boot: Enabling RNG early entropy source...[0m
[0;32mI (51) boot: Partition Table:[0m
[0;32mI (54) boot: ## Label            Usage          Type ST Offset 