Executing action: monitor
Serial port /dev/ttyS9
/dev/ttyS9 failed to connect: Could not open /dev/ttyS9, the port is busy or doesn't exist.
(Could not configure port: (5, 'Input/output error'))

Serial port /dev/ttyS8
/dev/ttyS8 failed to connect: Could not open /dev/ttyS8, the port is busy or doesn't exist.
(Could not configure port: (5, 'Input/output error'))

Serial port /dev/ttyS7
/dev/ttyS7 failed to connect: Could not open /dev/ttyS7, the port is busy or doesn't exist.
(Could not configure port: (5, 'Input/output error'))

Serial port /dev/ttyS6
/dev/ttyS6 failed to connect: Could not open /dev/ttyS6, the port is busy or doesn't exist.
(Could not configure port: (5, 'Input/output error'))

Serial port /dev/ttyS5
/dev/ttyS5 failed to connect: Could not open /dev/ttyS5, the port is busy or doesn't exist.
(Could not configure port: (5, 'Input/output error'))

Serial port /dev/ttyS4
/dev/ttyS4 failed to connect: Could not open /dev/ttyS4, the port is busy or doesn't exist.
(Could not configure port: (5, 'Input/output error'))

Serial port /dev/ttyS31
/dev/ttyS31 failed to connect: Could not open /dev/ttyS31, the port is busy or doesn't exist.
(Could not configure port: (5, 'Input/output error'))

Serial port /dev/ttyS30
/dev/ttyS30 failed to connect: Could not open /dev/ttyS30, the port is busy or doesn't exist.
(Could not configure port: (5, 'Input/output error'))

Serial port /dev/ttyS3
/dev/ttyS3 failed to connect: Could not open /dev/ttyS3, the port is busy or doesn't exist.
(Could not configure port: (5, 'Input/output error'))

Serial port /dev/ttyS29
/dev/ttyS29 failed to connect: Could not open /dev/ttyS29, the port is busy or doesn't exist.
(Could not configure port: (5, 'Input/output error'))

Serial port /dev/ttyS28
/dev/ttyS28 failed to connect: Could not open /dev/ttyS28, the port is busy or doesn't exist.
(Could not configure port: (5, 'Input/output error'))

Serial port /dev/ttyS27
/dev/ttyS27 failed to connect: Could not open /dev/ttyS27, the port is busy or doesn't exist.
(Could not configure port: (5, 'Input/output error'))

Serial port /dev/ttyS26
/dev/ttyS26 failed to connect: Could not open /dev/ttyS26, the port is busy or doesn't exist.
(Could not configure port: (5, 'Input/output error'))

Serial port /dev/ttyS25
/dev/ttyS25 failed to connect: Could not open /dev/ttyS25, the port is busy or doesn't exist.
(Could not configure port: (5, 'Input/output error'))

Serial port /dev/ttyS24
/dev/ttyS24 failed to connect: Could not open /dev/ttyS24, the port is busy or doesn't exist.
(Could not configure port: (5, 'Input/output error'))

Serial port /dev/ttyS23
/dev/ttyS23 failed to connect: Could not open /dev/ttyS23, the port is busy or doesn't exist.
(Could not configure port: (5, 'Input/output error'))

Serial port /dev/ttyS22
/dev/ttyS22 failed to connect: Could not open /dev/ttyS22, the port is busy or doesn't exist.
(Could not configure port: (5, 'Input/output error'))

Serial port /dev/ttyS21
/dev/ttyS21 failed to connect: Could not open /dev/ttyS21, the port is busy or doesn't exist.
(Could not configure port: (5, 'Input/output error'))

Serial port /dev/ttyS20
/dev/ttyS20 failed to connect: Could not open /dev/ttyS20, the port is busy or doesn't exist.
(Could not configure port: (5, 'Input/output error'))

Serial port /dev/ttyS2
/dev/ttyS2 failed to connect: Could not open /dev/ttyS2, the port is busy or doesn't exist.
(Could not configure port: (5, 'Input/output error'))

Serial port /dev/ttyS19
/dev/ttyS19 failed to connect: Could not open /dev/ttyS19, the port is busy or doesn't exist.
(Could not configure port: (5, 'Input/output error'))

Serial port /dev/ttyS18
/dev/ttyS18 failed to connect: Could not open /dev/ttyS18, the port is busy or doesn't exist.
(Could not configure port: (5, 'Input/output error'))

Serial port /dev/ttyS17
/dev/ttyS17 failed to connect: Could not open /dev/ttyS17, the port is busy or doesn't exist.
(Could not configure port: (5, 'Input/output error'))

Serial port /dev/ttyS16
/dev/ttyS16 failed to connect: Could not open /dev/ttyS16, the port is busy or doesn't exist.
(Could not configure port: (5, 'Input/output error'))

Serial port /dev/ttyS15
/dev/ttyS15 failed to connect: Could not open /dev/ttyS15, the port is busy or doesn't exist.
(Could not configure port: (5, 'Input/output error'))

Serial port /dev/ttyS14
/dev/ttyS14 failed to connect: Could not open /dev/ttyS14, the port is busy or doesn't exist.
(Could not configure port: (5, 'Input/output error'))

Serial port /dev/ttyS13
/dev/ttyS13 failed to connect: Could not open /dev/ttyS13, the port is busy or doesn't exist.
(Could not configure port: (5, 'Input/output error'))

Serial port /dev/ttyS12
/dev/ttyS12 failed to connect: Could not open /dev/ttyS12, the port is busy or doesn't exist.
(Could not configure port: (5, 'Input/output error'))

Serial port /dev/ttyS11
/dev/ttyS11 failed to connect: Could not open /dev/ttyS11, the port is busy or doesn't exist.
(Could not configure port: (5, 'Input/output error'))

Serial port /dev/ttyS10
/dev/ttyS10 failed to connect: Could not open /dev/ttyS10, the port is busy or doesn't exist.
(Could not configure port: (5, 'Input/output error'))

Serial port /dev/ttyS1
/dev/ttyS1 failed to connect: Could not open /dev/ttyS1, the port is busy or doesn't exist.
(Could not configure port: (5, 'Input/output error'))

Serial port /dev/ttyS0
/dev/ttyS0 failed to connect: Could not open /dev/ttyS0, the port is busy or doesn't exist.
(Could not configure port: (5, 'Input/output error'))

Serial port /dev/ttyACM0
Connecting....
Detecting chip type... ESP32-S3
Running idf_monitor in directory /home/phil/work/esp32_btaudio/esp_i2s_source
Executing "/home/phil/.espressif/python_env/idf5.5_py3.12_env/bin/python /home/phil/esp/v5.5.1/esp-idf/tools/idf_monitor.py -p /dev/ttyACM0 -b 115200 --toolchain-prefix xtensa-esp32s3-elf- --target esp32s3 --revision 0 /home/phil/work/esp32_btaudio/esp_i2s_source/build/esp_i2s_source.elf /home/phil/work/esp32_btaudio/esp_i2s_source/build/bootloader/bootloader.elf -m '/home/phil/.espressif/python_env/idf5.5_py3.12_env/bin/python' '/home/phil/esp/v5.5.1/esp-idf/tools/idf.py'"...
ESP-ROM:esp32s3-20210327
Build:Mar 27 2021
rst:0x15 (USB_UART_CHIP_RESET),boot:0x8 (SPI_FAST_FLASH_BOOT)
Saved PC:0x40048e22
SPIWP:0xee
mode:DIO, clock div:1
load:0x3fce2820,len:0x158c
load:0x403c8700,len:0xc80
load:0x403cb700,len:0x2f40
entry 0x403c8910
[0;32mI (24) boot: ESP-IDF v5.5.1-dirty 2nd stage bootloader[0m
[0;32mI (24) boot: compile time Jul 15 2026 00:49:03[0m
[0;32mI (25) boot: Multicore bootloader[0m
[0;32mI (25) boot: chip revision: v0.2[0m
[0;32mI (25) boot: efuse block revision: v1.3[0m
[0;32mI (25) boot.esp32s3: Boot SPI Speed : 80MHz[0m
[0;32mI (25) boot.esp32s3: SPI Mode       : DIO[0m
[0;32mI (26) boot.esp32s3: SPI Flash Size : 16MB[0m
[0;32mI (26) boot: Enabling RNG early entropy source...[0m
[0;32mI (26) boot: Partition Table:[0m
[0;32mI (26) boot: ## Label            Usage          Type ST Offset   Length[0m
[0;32mI (26) boot:  0 nvs              WiFi data        01 02 00009000 00010000[0m
[0;32mI (27) boot:  1 phy_init         RF data          01 01 00019000 00001000[0m
[0;32mI (27) boot:  2 factory          factory app      00 00 00020000 00600000[0m
[0;32mI (28) boot: End of partition table[0m
[0;32mI (28) esp_image: segment 0: paddr=00020020 vaddr=3c120020 size=7cbc4h (510916) map[0m
[0;32mI (118) esp_image: segment 1: paddr=0009cbec vaddr=3fc9dc00 size=0342ch ( 13356) load[0m
[0;32mI (121) esp_image: segment 2: paddr=000a0020 vaddr=42000020 size=115aa0h (1137312) map[0m
[0;32mI (322) esp_image: segment 3: paddr=001b5ac8 vaddr=3fca102c size=01f50h (  8016) load[0m
[0;32mI (324) esp_image: segment 4: paddr=001b7a20 vaddr=40374000 size=19bb8h (105400) load[0m
[0;32mI (347) esp_image: segment 5: paddr=001d15e0 vaddr=50000000 size=00020h (    32) load[0m
[0;32mI (358) boot: Loaded app from partition at offset 0x20000[0m
[0;32mI (358) boot: Disabling RNG early entropy source...[0m
[0;32mI (359) octal_psram: vendor id    : 0x0d (AP)[0m
[0;32mI (359) octal_psram: dev id       : 0x02 (generation 3)[0m
[0;32mI (360) octal_psram: density      : 0x03 (64 Mbit)[0m
[0;32mI (360) octal_psram: good-die     : 0x01 (Pass)[0m
[0;32mI (360) octal_psram: Latency      : 0x01 (Fixed)[0m
[0;32mI (360) octal_psram: VCC          : 0x01 (3V)[0m
[0;32mI (361) octal_psram: SRF          : 0x01 (Fast Refresh)[0m
[0;32mI (361) octal_psram: BurstType    : 0x01 (Hybrid Wrap)[0m
[0;32mI (361) octal_psram: BurstLen     : 0x01 (32 Byte)[0m
[0;32mI (361) octal_psram: Readlatency  : 0x02 (10 cycles@Fixed)[0m
[0;32mI (361) octal_psram: DriveStrength: 0x00 (1/1)[0m
[0;32mI (362) MSPI Timing: PSRAM timing tuning index: 4[0m
[0;32mI (362) esp_psram: Found 8MB PSRAM device[0m
[0;32mI (363) esp_psram: Speed: 80MHz[0m
[0;32mI (363) cpu_start: Multicore app[0m
[0;32mI (789) esp_psram: SPI SRAM memory test OK[0m
[0;32mI (798) cpu_start: Pro cpu start user code[0m
[0;32mI (798) cpu_start: cpu freq: 160000000 Hz[0m
[0;32mI (798) app_init: Application information:[0m
[0;32mI (798) app_init: Project name:     esp_i2s_source[0m
[0;32mI (799) app_init: App version:      0.1.0[0m
[0;32mI (799) app_init: Compile time:     Jul 15 2026 00:48:54[0m
[0;32mI (799) app_init: ELF file SHA256:  7291180bc...[0m
[0;32mI (799) app_init: ESP-IDF:          v5.5.1-dirty[0m
[0;32mI (799) efuse_init: Min chip rev:     v0.0[0m
[0;32mI (799) efuse_init: Max chip rev:     v0.99 [0m
[0;32mI (800) efuse_init: Chip rev:         v0.2[0m
[0;32mI (800) heap_init: Initializing. RAM available for dynamic allocation:[0m
[0;32mI (800) heap_init: At 3FCB9EE0 len 0002F830 (190 KiB): RAM[0m
[0;32mI (800) heap_init: At 3FCE9710 len 00005724 (21 KiB): RAM[0m
[0;32mI (800) heap_init: At 3FCF0000 len 00008000 (32 KiB): DRAM[0m
[0;32mI (801) heap_init: At 600FE000 len 00001FE8 (7 KiB): RTCRAM[0m
[0;32mI (801) esp_psram: Adding pool of 8192K of PSRAM memory to heap allocator[0m
[0;32mI (802) spi_flash: detected chip: boya[0m
[0;32mI (802) spi_flash: flash io: dio[0m
[0;32mI (803) sleep_gpio: Configure to isolate all GPIO pins in sleep state[0m
[0;32mI (803) sleep_gpio: Enable automatic switching of GPIO sleep configuration[0m
[0;32mI (804) main_task: Started on CPU0[0m
[0;32mI (814) esp_psram: Reserving pool of 32K of internal memory for DMA/internal allocations[0m
[0;32mI (814) main_task: Calling app_main()[0m
[0;32mI (824) main: esp_i2s_source boot: idf=v5.5.1-dirty psram=8192 KB free_heap=8587856 B[0m
DIAG|BOOT|READY|psram_kb=8192,heap=8587856
[0;32mI (824) main: Bringing up WiFi...[0m
[0;32mI (824) pp: pp rom version: e7ae62f[0m
[0;32mI (824) net80211: net80211 rom version: e7ae62f[0m
[0;32mI (844) wifi:wifi driver task: 3fced86c, prio:23, stack:6656, core=0[0m
[0;32mI (844) wifi:wifi firmware version: 14da9b7[0m
[0;32mI (844) wifi:wifi certification version: v7.0[0m
[0;32mI (844) wifi:config NVS flash: enabled[0m
[0;32mI (844) wifi:config nano formatting: disabled[0m
[0;32mI (844) wifi:Init data frame dynamic rx buffer num: 32[0m
[0;32mI (844) wifi:Init static rx mgmt buffer num: 5[0m
[0;32mI (844) wifi:Init management short buffer num: 32[0m
[0;32mI (844) wifi:Init dynamic tx buffer num: 32[0m
[0;32mI (844) wifi:Init static tx FG buffer num: 2[0m
[0;32mI (844) wifi:Init static rx buffer size: 1600[0m
[0;32mI (844) wifi:Init static rx buffer num: 10[0m
[0;32mI (844) wifi:Init dynamic rx buffer num: 32[0m
[0;32mI (844) wifi_init: rx ba win: 6[0m
[0;32mI (844) wifi_init: accept mbox: 6[0m
[0;32mI (844) wifi_init: tcpip mbox: 32[0m
[0;32mI (844) wifi_init: udp mbox: 6[0m
[0;32mI (844) wifi_init: tcp mbox: 6[0m
[0;32mI (844) wifi_init: tcp tx win: 5760[0m
[0;32mI (844) wifi_init: tcp rx win: 5760[0m
[0;32mI (844) wifi_init: tcp mss: 1440[0m
[0;32mI (844) wifi_init: WiFi IRAM OP enabled[0m
[0;32mI (844) wifi_init: WiFi RX IRAM OP enabled[0m
[0;32mI (844) wifi:Set ps type: 0, coexist: 0[0m

[0;32mI (844) wifi_mgr: init: creds=none -> AP provisioning[0m
[0;32mI (934) phy_init: phy_version 701,f4f1da3a,Mar  3 2025,15:50:10[0m
[0;32mI (974) wifi:mode : sta (9c:13:9e:a8:77:38) + softAP (9c:13:9e:a8:77:39)[0m
[0;32mI (974) wifi:enable tsf[0m
[0;32mI (974) wifi:Total power save buffer number: 16[0m
[0;32mI (974) wifi:Init max length of beacon: 752/752[0m
[0;32mI (974) wifi:Init max length of beacon: 752/752[0m
[0;33mW (984) wifi_mgr: control AP up: SSID="ESP32-S3-Audio"  (join and open http://192.168.4.1)[0m
DIAG|WIFI|AP|ssid=ESP32-S3-Audio,pass=<redacted>
[0;32mI (984) esp_netif_lwip: DHCP server started on interface WIFI_AP_DEF with IP: 192.168.4.1[0m
[0;32mI (984) wifi_mgr: SoftAP started[0m
[0;32mI (984) main: WiFi init done[0m
[0;32mI (984) bt_link: init: UART1 tx=17 rx=18 @115200, timeout=2000ms[0m
DIAG|BTLINK|cmd=VERSION,state=TIMEOUT,result=
DIAG|BTLINK|cmd=STATUS,state=TIMEOUT,result=
DIAG|BTLINK|cmd=VOLUME 40,state=TIMEOUT,result=
DIAG|BTLINK|SELFTEST|ok=0/3
[1;31mE (7044) uart: UART driver already installed[0m
DIAG|BTLINK|INIT_FAIL|err=ESP_FAIL
[1;31mE (7044) esp_netif_lwip: esp_netif_new_api: Failed to configure netif with config=0x3fcbd540 (config or if_key is NULL or duplicate key)[0m

assert failed: esp_netif_create_default_wifi_sta wifi_default.c:422 (netif)


Backtrace: 0x4037f195:0x3fcbd3e0 0x4037f15d:0x3fcbd400 0x403878a5:0x3fcbd420 0x4208f753:0x3fcbd540 0x4201028d:0x3fcbd570 0x4200b0aa:0x3fcbd640 0x4211497c:0x3fcbd6a0 0x4037ff09:0x3fcbd6d0




ELF file SHA256: 7291180bc

Rebooting...
ESP-ROM:esp32s3-20210327
Build:Mar 27 2021
rst:0xc (RTC_SW_CPU_RST),boot:0x8 (SPI_FAST_FLASH_BOOT)
Saved PC:0x4037f335
SPIWP:0xee
mode:DIO, clock div:1
load:0x3fce2820,len:0x158c
load:0x403c8700,len:0xc80
load:0x403cb700,len:0x2f40
entry 0x403c8910
[0;32mI (24) boot: ESP-IDF v5.5.1-dirty 2nd stage bootloader[0m
[0;32mI (24) boot: compile time Jul 15 2026 00:49:03[0m
[0;32mI (24) boot: Multicore bootloader[0m
[0;32mI (24) boot: chip revision: v0.2[0m
[0;32mI (24) boot: efuse block revision: v1.3[0m
[0;32mI (25) boot.esp32s3: Boot SPI Speed : 80MHz[0m
[0;32mI (25) boot.esp32s3: SPI Mode       : DIO[0m
[0;32mI (25) boot.esp32s3: SPI Flash Size : 16MB[0m
[0;32mI (25) boot: Enabling RNG early entropy source...[0m
[0;32mI (25) boot: Partition Table:[0m
[0;32mI (25) boot: ## Label            Usage          Type ST Offset   Length[0m
[0;32mI (26) boot:  0 nvs              WiFi data        01 02 00009000 00010000[0m
[0;32mI (26) boot:  1 phy_init         RF data          01 01 00019000 00001000[0m
[0;32mI (27) boot:  2 factory          factory app      00 00 00020000 00600000[0m
[0;32mI (27) boot: End of partition table[0m
[0;32mI (27) esp_image: segment 0: paddr=00020020 vaddr=3c120020 size=7cbc4h (510916) map[0m
[0;32mI (118) esp_image: segment 1: paddr=0009cbec vaddr=3fc9dc00 size=0342ch ( 13356) load[0m
[0;32mI (121) esp_image: segment 2: paddr=000a0020 vaddr=42000020 size=115aa0h (1137312) map[0m
[0;32mI (322) esp_image: segment 3: paddr=001b5ac8 vaddr=3fca102c size=01f50h (  8016) load[0m
[0;32mI (324) esp_image: segment 4: paddr=001b7a20 vaddr=40374000 size=19bb8h (105400) load[0m
[0;32mI (347) esp_image: segment 5: paddr=001d15e0 vaddr=50000000 size=00020h (    32) load[0m
[0;32mI (357) boot: Loaded app from partition at offset 0x20000[0m
[0;32mI (358) boot: Disabling RNG early entropy source...[0m
[0;32mI (359) octal_psram: vendor id    : 0x0d (AP)[0m
[0;32mI (359) octal_psram: dev id       : 0x02 (generation 3)[0m
[0;32mI (359) octal_psram: density      : 0x03 (64 Mbit)[0m
[0;32mI (359) octal_psram: good-die     : 0x01 (Pass)[0m
[0;32mI (360) octal_psram: Latency      : 0x01 (Fixed)[0m
[0;32mI (360) octal_psram: VCC          : 0x01 (3V)[0m
[0;32mI (360) octal_psram: SRF          : 0x01 (Fast Refresh)[0m
[0;32mI (360) octal_psram: BurstType    : 0x01 (Hybrid Wrap)[0m
[0;32mI (360) octal_psram: BurstLen     : 0x01 (32 Byte)[0m
[0;32mI (361) octal_psram: Readlatency  : 0x02 (10 cycles@Fixed)[0m
[0;32mI (361) octal_psram: DriveStrength: 0x00 (1/1)[0m
[0;32mI (362) MSPI Timing: PSRAM timing tuning index: 4[0m
[0;32mI (362) esp_psram: Found 8MB PSRAM device[0m
[0;32mI (362) esp_psram: Speed: 80MHz[0m
[0;32mI (362) cpu_start: Multicore app[0m
[0;32mI (789) esp_psram: SPI SRAM memory test OK[0m
[0;32mI (797) cpu_start: Pro cpu start user code[0m
[0;32mI (798) cpu_start: cpu freq: 160000000 Hz[0m
[0;32mI (798) app_init: Application information:[0m
[0;32mI (798) app_init: Project name:     esp_i2s_source[0m
[0;32mI (798) app_init: App version:      0.1.0[0m
[0;32mI (798) app_init: Compile time:     Jul 15 2026 00:48:54[0m
[0;32mI (798) app_init: ELF file SHA256:  7291180bc...[0m
[0;32mI (798) app_init: ESP-IDF:          v5.5.1-dirty[0m
[0;32mI (799) efuse_init: Min chip rev:     v0.0[0m
[0;32mI (799) efuse_init: Max chip rev:     v0.99 [0m
[0;32mI (799) efuse_init: Chip rev:         v0.2[0m
[0;32mI (799) heap_init: Initializing. RAM available for dynamic allocation:[0m
[0;32mI (800) heap_init: At 3FCB9EE0 len 0002F830 (190 KiB): RAM[0m
[0;32mI (800) heap_init: At 3FCE9710 len 00005724 (21 KiB): RAM[0m
[0;32mI (800) heap_init: At 3FCF0000 len 00008000 (32 KiB): DRAM[0m
[0;32mI (800) heap_init: At 600FE000 len 00001FE8 (7 KiB): RTCRAM[0m
[0;32mI (800) esp_psram: Adding pool of 8192K of PSRAM memory to heap allocator[0m
[0;32mI (802) spi_flash: detected chip: boya[0m
[0;32mI (802) spi_flash: flash io: dio[0m
[0;32mI (802) sleep_gpio: Configure to isolate all GPIO pins in sleep state[0m
[0;32mI (803) sleep_gpio: Enable automatic switching of GPIO sleep configuration[0m
[0;32mI (804) main_task: Started on CPU0[0m
[0;32mI (814) esp_psram: Reserving pool of 32K of internal memory for DMA/internal allocations[0m
[0;32mI (814) main_task: Calling app_main()[0m
[0;32mI (824) main: esp_i2s_source boot: idf=v5.5.1-dirty psram=8192 KB free_heap=8587856 B[0m
DIAG|BOOT|READY|psram_kb=8192,heap=8587856
[0;32mI (824) main: Bringing up WiFi...[0m
[0;32mI (824) pp: pp rom version: e7ae62f[0m
[0;32mI (824) net80211: net80211 rom version: e7ae62f[0m
[0;32mI (844) wifi:wifi driver task: 3fced86c, prio:23, stack:6656, core=0[0m
[0;32mI (844) wifi:wifi firmware version: 14da9b7[0m
[0;32mI (844) wifi:wifi certification version: v7.0[0m
[0;32mI (844) wifi:config NVS flash: enabled[0m
[0;32mI (844) wifi:config nano formatting: disabled[0m
[0;32mI (844) wifi:Init data frame dynamic rx buffer num: 32[0m
[0;32mI (844) wifi:Init static rx mgmt buffer num: 5[0m
[0;32mI (844) wifi:Init management short buffer num: 32[0m
[0;32mI (844) wifi:Init dynamic tx buffer num: 32[0m
[0;32mI (844) wifi:Init static tx FG buffer num: 2[0m
[0;32mI (844) wifi:Init static rx buffer size: 1600[0m
[0;32mI (844) wifi:Init static rx buffer num: 10[0m
[0;32mI (844) wifi:Init dynamic rx buffer num: 32[0m
[0;32mI (844) wifi_init: rx ba win: 6[0m
[0;32mI (844) wifi_init: accept mbox: 6[0m
[0;32mI (844) wifi_init: tcpip mbox: 32[0m
[0;32mI (844) wifi_init: udp mbox: 6[0m
[0;32mI (844) wifi_init: tcp mbox: 6[0m
[0;32mI (844) wifi_init: tcp tx win: 5760[0m
[0;32mI (844) wifi_init: tcp rx win: 5760[0m
[0;32mI (844) wifi_init: tcp mss: 1440[0m
[0;32mI (844) wifi_init: WiFi IRAM OP enabled[0m
[0;32mI (844) wifi_init: WiFi RX IRAM OP enabled[0m
[0;32mI (844) wifi:Set ps type: 0, coexist: 0[0m

[0;32mI (844) wifi_mgr: init: creds=none -> AP provisioning[0m
[0;32mI (934) phy_init: phy_version 701,f4f1da3a,Mar  3 2025,15:50:10[0m
[0;32mI (974) wifi:mode : sta (9c:13:9e:a8:77:38) + softAP (9c:13:9e:a8:77:39)[0m
[0;32mI (984) wifi:enable tsf[0m
[0;32mI (984) wifi:Total power save buffer number: 16[0m
[0;32mI (984) wifi:Init max length of beacon: 752/752[0m
[0;32mI (984) wifi:Init max length of beacon: 752/752[0m
[0;33mW (984) wifi_mgr: control AP up: SSID="ESP32-S3-Audio"  (join and open http://192.168.4.1)[0m
DIAG|WIFI|AP|ssid=ESP32-S3-Audio,pass=<redacted>
[0;32mI (984) esp_netif_lwip: DHCP server started on interface WIFI_AP_DEF with IP: 192.168.4.1[0m
[0;32mI (984) wifi_mgr: SoftAP started[0m
[0;32mI (984) main: WiFi init done[0m
[0;32mI (984) bt_link: init: UART1 tx=17 rx=18 @115200, timeout=2000ms[0m
DIAG|BTLINK|cmd=VERSION,state=TIMEOUT,result=
DIAG|BTLINK|cmd=STATUS,state=TIMEOUT,result=
DIAG|BTLINK|cmd=VOLUME 40,state=TIMEOUT,result=
DIAG|BTLINK|SELFTEST|ok=0/3
[1;31mE (7044) uart: UART driver already installed[0m
DIAG|BTLINK|INIT_FAIL|err=ESP_FAIL
[1;31mE (7044) esp_netif_lwip: esp_netif_new_api: Failed to configure netif with config=0x3fcbd540 (config or if_key is NULL or duplicate key)[0m

assert failed: esp_netif_create_default_wifi_sta wifi_default.c:422 (netif)


Backtrace: 0x4037f195:0x3fcbd3e0 0x4037f15d:0x3fcbd400 0x403878a5:0x3fcbd420 0x4208f753:0x3fcbd540 0x4201028d:0x3fcbd570 0x4200b0aa:0x3fcbd640 0x4211497c:0x3fcbd6a0 0x4037ff09:0x3fcbd6d0




ELF file SHA256: 7291180bc

Rebooting...
ESP-ROM:esp32s3-20210327
Build:Mar 27 2021
rst:0xc (RTC_SW_CPU_RST),boot:0x8 (SPI_FAST_FLASH_BOOT)
Saved PC:0x4037f335
SPIWP:0xee
mode:DIO, clock div:1
load:0x3fce2820,len:0x158c
load:0x403c8700,len:0xc80
load:0x403cb700,len:0x2f40
entry 0x403c8910
[0;32mI (24) boot: ESP-IDF v5.5.1-dirty 2nd stage bootloader[0m
[0;32mI (24) boot: compile time Jul 15 2026 00:49:03[0m
[0;32mI (24) boot: Multicore bootloader[0m
[0;32mI (24) boot: chip revision: v0.2[0m
[0;32mI (24) boot: efuse block revision: v1.3[0m
[0;32mI (25) boot.esp32s3: Boot SPI Speed : 80MHz[0m
[0;32mI (25) boot.esp32s3: SPI Mode       : DIO[0m
[0;32mI (25) boot.esp32s3: SPI Flash Size : 16MB[0m
[0;32mI (25) boot: Enabling RNG early entropy source...[0m
[0;32mI (25) boot: Partition Table:[0m
[0;32mI (25) boot: ## Label            Usage          Type ST Offset   Length[0m
[0;32mI (26) boot:  0 nvs              WiFi data        01 02 00009000 00010000[0m
[0;32mI (26) boot:  1 phy_init         RF data          01 01 00019000 00001000[0m
[0;32mI (27) boot:  2 factory          factory app      00 00 00020000 00600000[0m
[0;32mI (27) boot: End of partition table[0m
[0;32mI (27) esp_image: segment 0: paddr=00020020 vaddr=3c120020 size=7cbc4h (510916) map[0m
[0;32mI (118) esp_image: segment 1: paddr=0009cbec vaddr=3fc9dc00 size=0342ch ( 13356) load[0m
[0;32mI (121) esp_image: segment 2: paddr=000a0020 vaddr=42000020 size=115aa0h (1137312) map[0m
[0;32mI (322) esp_image: segment 3: paddr=001b5ac8 vaddr=3fca102c size=01f50h (  8016) load[0m
[0;32mI (324) esp_image: segment 4: paddr=001b7a20 vaddr=40374000 size=19bb8h (105400) load[0m
[0;32mI (347) esp_image: segment 5: paddr=001d15e0 vaddr=50000000 size=00020h (    32) load[0m
[0;32mI (357) boot: Loaded app from partition at offset 0x20000[0m
[0;32mI (358) boot: Disabling RNG early entropy source...[0m
[0;32mI (359) octal_psram: vendor id    : 0x0d (AP)[0m
[0;32mI (359) octal_psram: dev id       : 0x02 (generation 3)[0m
[0;32mI (359) octal_psram: density      : 0x03 (64 Mbit)[0m
[0;32mI (359) octal_psram: good-die     : 0x01 (Pass)[0m
[0;32mI (360) octal_psram: Latency      : 0x01 (Fixed)[0m
[0;32mI (360) octal_psram: VCC          : 0x01 (3V)[0m
[0;32mI (360) octal_psram: SRF          : 0x01 (Fast Refresh)[0m
[0;32mI (360) octal_psram: BurstType    : 0x01 (Hybrid Wrap)[0m
[0;32mI (360) octal_psram: BurstLen     : 0x01 (32 Byte)[0m
[0;32mI (361) octal_psram: Readlatency  : 0x02 (10 cycles@Fixed)[0m
[0;32mI (361) octal_psram: DriveStrength: 0x00 (1/1)[0m
[0;32mI (362) MSPI Timing: PSRAM timing tuning index: 4[0m
[0;32mI (362) esp_psram: Found 8MB PSRAM device[0m
[0;32mI (362) esp_psram: Speed: 80MHz[0m
[0;32mI (363) cpu_start: Multicore app[0m
[0;32mI (789) esp_psram: SPI SRAM memory test OK[0m
[0;32mI (798) cpu_start: Pro cpu start user code[0m
[0;32mI (798) cpu_start: cpu freq: 160000000 Hz[0m
[0;32mI (798) app_init: Application information:[0m
[0;32mI (798) app_init: Project name:     esp_i2s_source[0m
[0;32mI (798) app_init: App version:      0.1.0[0m
[0;32mI (798) app_init: Compile time:     Jul 15 2026 00:48:54[0m
[0;32mI (798) app_init: ELF file SHA256:  7291180bc...[0m
[0;32mI (799) app_init: ESP-IDF:          v5.5.1-dirty[0m
[0;32mI (799) efuse_init: Min chip rev:     v0.0[0m
[0;32mI (799) efuse_init: Max chip rev:     v0.99 [0m
[0;32mI (799) efuse_init: Chip rev:         v0.2[0m
[0;32mI (799) heap_init: Initializing. RAM available for dynamic allocation:[0m
[0;32mI (800) heap_init: At 3FCB9EE0 len 0002F830 (190 KiB): RAM[0m
[0;32mI (800) heap_init: At 3FCE9710 len 00005724 (21 KiB): RAM[0m
[0;32mI (800) heap_init: At 3FCF0000 len 00008000 (32 KiB): DRAM[0m
[0;32mI (800) heap_init: At 600FE000 len 00001FE8 (7 KiB): RTCRAM[0m
[0;32mI (801) esp_psram: Adding pool of 8192K of PSRAM memory to heap allocator[0m
[0;32mI (802) spi_flash: detected chip: boya[0m
[0;32mI (802) spi_flash: flash io: dio[0m
[0;32mI (802) sleep_gpio: Configure to isolate all GPIO pins in sleep state[0m
[0;32mI (803) sleep_gpio: Enable automatic switching of GPIO sleep configuration[0m
[0;32mI (804) main_task: Started on CPU0[0m
[0;32mI (814) esp_psram: Reserving pool of 32K of internal memory for DMA/internal allocations[0m
[0;32mI (814) main_task: Calling app_main()[0m
[0;32mI (824) main: esp_i2s_source boot: idf=v5.5.1-dirty psram=8192 KB free_heap=8587856 B[0m
DIAG|BOOT|READY|psram_kb=8192,heap=8587856
[0;32mI (824) main: Bringing up WiFi...[0m
[0;32mI (824) pp: pp rom version: e7ae62f[0m
[0;32mI (824) net80211: net80211 rom version: e7ae62f[0m
[0;32mI (844) wifi:wifi driver task: 3fced86c, prio:23, stack:6656, core=0[0m
[0;32mI (844) wifi:wifi firmware version: 14da9b7[0m
[0;32mI (844) wifi:wifi certification version: v7.0[0m
[0;32mI (844) wifi:config NVS flash: enabled[0m
[0;32mI (844) wifi:config nano formatting: disabled[0m
[0;32mI (844) wifi:Init data frame dynamic rx buffer num: 32[0m
[0;32mI (844) wifi:Init static rx mgmt buffer num: 5[0m
[0;32mI (844) wifi:Init management short buffer num: 32[0m
[0;32mI (844) wifi:Init dynamic tx buffer num: 32[0m
[0;32mI (844) wifi:Init static tx FG buffer num: 2[0m
[0;32mI (844) wifi:Init static rx buffer size: 1600[0m
[0;32mI (844) wifi:Init static rx buffer num: 10[0m
[0;32mI (844) wifi:Init dynamic rx buffer num: 32[0m
[0;32mI (844) wifi_init: rx ba win: 6[0m
[0;32mI (844) wifi_init: accept mbox: 6[0m
[0;32mI (844) wifi_init: tcpip mbox: 32[0m
[0;32mI (844) wifi_init: udp mbox: 6[0m
[0;32mI (844) wifi_init: tcp mbox: 6[0m
[0;32mI (844) wifi_init: tcp tx win: 5760[0m
[0;32mI (844) wifi_init: tcp rx win: 5760[0m
[0;32mI (844) wifi_init: tcp mss: 1440[0m
[0;32mI (844) wifi_init: WiFi IRAM OP enabled[0m
[0;32mI (844) wifi_init: WiFi RX IRAM OP enabled[0m
[0;32mI (844) wifi:Set ps type: 0, coexist: 0[0m

[0;32mI (844) wifi_mgr: init: creds=none -> AP provisioning[0m
[0;32mI (934) phy_init: phy_version 701,f4f1da3a,Mar  3 2025,15:50:10[0m
[0;32mI (974) wifi:mode : sta (9c:13:9e:a8:77:38) + softAP (9c:13:9e:a8:77:39)[0m
[0;32mI (974) wifi:enable tsf[0m
[0;32mI (984) wifi:Total power save buffer number: 16[0m
[0;32mI (984) wifi:Init max length of beacon: 752/752[0m
[0;32mI (984) wifi:Init max length of beacon: 752/752[0m
[0;33mW (984) wifi_mgr: control AP up: SSID="ESP32-S3-Audio"  (join and open http://192.168.4.1)[0m
DIAG|WIFI|AP|ssid=ESP32-S3-Audio,pass=<redacted>
[0;32mI (984) esp_netif_lwip: DHCP server started on interface WIFI_AP_DEF with IP: 192.168.4.1[0m
[0;32mI (984) wifi_mgr: SoftAP started[0m
[0;32mI (984) main: WiFi init done[0m
[0;32mI (984) bt_link: init: UART1 tx=17 rx=18 @115200, timeout=2000ms[0m
DIAG|BTLINK|cmd=VERSION,state=TIMEOUT,result=
