Executing action: flash
Running ninja in directory /home/phil/work/esp32/esp32_btaudio/esp_bt_audio_source/build
Executing "ninja flash"...
[1/6] cd /home/phil/work/esp32/esp32_btaudio/esp_bt_audio_source/build/esp-idf/esptool_py && /home/phil/.espressif/python_env/idf5.5_py3.10_env/bin/python /home/phil/esp/v5.5.1/esp-idf/components/partition_table/check_sizes.py --offset 0x8000 partition --type app /home/phil/work/esp32/esp32_btaudio/esp_bt_audio_source/build/partition_table/partition-table.bin /home/phil/work/esp32/esp32_btaudio/esp_bt_audio_source/build/esp_bt_audio_source.bin
esp_bt_audio_source.bin binary size 0xe2670 bytes. Smallest app partition is 0x1b0000 bytes. 0xcd990 bytes (48%) free.
[2/6] cd /home/phil/work/esp32/esp32_btaudio/esp_bt_audio_source/build && /home/phil/.espressif/python_env/idf5.5_py3.10_env/bin/python /home/phil/esp/v5.5.1/esp-idf/components/spiffs/spiffsgen.py 0x40000 /home/phil/work/esp32/esp32_btaudio/esp_bt_audio_source/spiffs /home/phil/work/esp32/esp32_btaudio/esp_bt_audio_source/build/spiffs.bin --page-size=256 --obj-name-len=32 --meta-len=4 --use-magic --use-magic-len
[3/6] Performing build step for 'bootloader'
[1/1] cd /home/phil/work/esp32/esp32_btaudio/esp_bt_audio_source/build/bootloader/esp-idf/esptool_py && /home/phil/.espressif/python_env/idf5.5_py3.10_env/bin/python /home/phil/esp/v5.5.1/esp-idf/components/partition_table/check_sizes.py --offset 0x8000 bootloader 0x1000 /home/phil/work/esp32/esp32_btaudio/esp_bt_audio_source/build/bootloader/bootloader.bin
Bootloader binary size 0x6680 bytes. 0x980 bytes (8%) free.
[3/4] cd /home/phil/esp/v5.5.1/esp-idf/components/esptool_py && /usr/bin/cmake -D IDF_PATH=/home/phil/esp/v5.5.1/esp-idf -D "SERIAL_TOOL=/home/phil/.espressif/python_env/idf5.5_py3.10_env/bin/python;;/home/phil/esp/v5.5.1/esp-idf/components/esptool_py/esptool/esptool.py;--chip;esp32" -D "SERIAL_TOOL_ARGS=--before=default_reset;--after=hard_reset;write_flash;@flash_args" -D WORKING_DIRECTORY=/home/phil/work/esp32/esp32_btaudio/esp_bt_audio_source/build -P /home/phil/esp/v5.5.1/esp-idf/components/esptool_py/run_serial_tool.cmake
esptool.py --chip esp32 -p /dev/ttyUSB0 -b 460800 --before=default_reset --after=hard_reset write_flash --flash_mode dio --flash_freq 40m --flash_size 2MB 0x1000 bootloader/bootloader.bin 0x10000 esp_bt_audio_source.bin 0x8000 partition_table/partition-table.bin 0x1c0000 spiffs.bin
esptool.py v4.11.dev2
Serial port /dev/ttyUSB0
Connecting....
Chip is ESP32-D0WD-V3 (revision v3.1)
Features: WiFi, BT, Dual Core, 240MHz, VRef calibration in efuse, Coding Scheme None
Crystal is 40MHz
MAC: a0:b7:65:2b:e6:5c
Uploading stub...
Running stub...
Stub running...
Changing baud rate to 460800
Changed.
Configuring flash size...
Flash will be erased from 0x00001000 to 0x00007fff...
Flash will be erased from 0x00010000 to 0x000f2fff...
Flash will be erased from 0x00008000 to 0x00008fff...
Flash will be erased from 0x001c0000 to 0x001fffff...
SHA digest in image updated
Compressed 26240 bytes to 16494...
Writing at 0x00001000... (50 %)
Writing at 0x000075ef... (100 %)
Wrote 26240 bytes (16494 compressed) at 0x00001000 in 0.9 seconds (effective 240.1 kbit/s)...
Hash of data verified.
Compressed 927344 bytes to 552214...
Writing at 0x00010000... (2 %)
Writing at 0x0001ce3f... (5 %)
Writing at 0x0002afe6... (8 %)
Writing at 0x00034d9c... (11 %)
Writing at 0x0003eb4a... (14 %)
Writing at 0x00044c10... (17 %)
Writing at 0x0004aaed... (20 %)
Writing at 0x000506e0... (23 %)
Writing at 0x000563b0... (26 %)
Writing at 0x0005c3e6... (29 %)
Writing at 0x000626b1... (32 %)
Writing at 0x00068620... (35 %)
Writing at 0x0006e564... (38 %)
Writing at 0x00074334... (41 %)
Writing at 0x0007a26f... (44 %)
Writing at 0x000802a5... (47 %)
Writing at 0x000865bc... (50 %)
Writing at 0x0008c0f0... (52 %)
Writing at 0x00091ddd... (55 %)
Writing at 0x0009792e... (58 %)
Writing at 0x0009d885... (61 %)
Writing at 0x000a3cf9... (64 %)
Writing at 0x000a95d0... (67 %)
Writing at 0x000af1e6... (70 %)
Writing at 0x000b4da3... (73 %)
Writing at 0x000ba6b5... (76 %)
Writing at 0x000c00a0... (79 %)
Writing at 0x000c5ef4... (82 %)
Writing at 0x000cf9a2... (85 %)
Writing at 0x000d6775... (88 %)
Writing at 0x000dcd81... (91 %)
Writing at 0x000e2392... (94 %)
Writing at 0x000e8047... (97 %)
Writing at 0x000ee2bf... (100 %)
Wrote 927344 bytes (552214 compressed) at 0x00010000 in 12.8 seconds (effective 577.6 kbit/s)...
Hash of data verified.
Compressed 3072 bytes to 120...
Writing at 0x00008000... (100 %)
Wrote 3072 bytes (120 compressed) at 0x00008000 in 0.1 seconds (effective 463.3 kbit/s)...
Hash of data verified.
Compressed 262144 bytes to 13486...
Writing at 0x001c0000... (100 %)
Wrote 262144 bytes (13486 compressed) at 0x001c0000 in 1.8 seconds (effective 1140.9 kbit/s)...
Hash of data verified.

Leaving...
Hard resetting via RTS pin...
[0;33m--- esp-idf-monitor 1.8.0 on /dev/ttyUSB0 115200[0m
[0;33m--- Quit: Ctrl+] | Menu: Ctrl+T | Help: Ctrl+T followed by Ctrl+H[0m
Executing action: monitor
Running idf_monitor in directory /home/phil/work/esp32/esp32_btaudio/esp_bt_audio_source
Executing "/home/phil/.espressif/python_env/idf5.5_py3.10_env/bin/python /home/phil/esp/v5.5.1/esp-idf/tools/idf_monitor.py -p /dev/ttyUSB0 -b 115200 --toolchain-prefix xtensa-esp32-elf- --target esp32 --revision 0 /home/phil/work/esp32/esp32_btaudio/esp_bt_audio_source/build/esp_bt_audio_source.elf /home/phil/work/esp32/esp32_btaudio/esp_bt_audio_source/build/bootloader/bootloader.elf -m '/home/phil/.espressif/python_env/idf5.5_py3.10_env/bin/python' '/home/phil/esp/v5.5.1/esp-idf/tools/idf.py' '-p' '/dev/ttyUSB0'"...
ets Jul 29 2019 12:21:46

rst:0x1 (POWERON_RESET),boot:0x13 (SPI_FAST_FLASH_BOOT)
configsip: 0, SPIWP:0xee
clk_drv:0x00,q_drv:0x00,d_drv:0x00,cs0_drv:0x00,hd_drv:0x00,wp_drv:0x00
mode:DIO, clock div:2
load:0x3fff0030,len:6380
ho 0 tail 12 room 4
load:0x40078000,len:15916
load:0x40080400,len:3860
[0m--- 0x40080400: [0;33m_invalid_pc_placeholder[0m[0m at [0;32m/home/phil/esp/v5.5.1/esp-idf/components/xtensa/xtensa_vectors.S[0m[0m:[1;31m2235[0m
entry 0x40080638
[0m--- 0x40080638: [0;33mcall_start_cpu0[0m[0m at [0;32m/home/phil/esp/v5.5.1/esp-idf/components/bootloader/subproject/main/bootloader_start.c[0m[0m:[1;31m25[0m
[0;32mI (29) boot: ESP-IDF v5.5.1-dirty 2nd stage bootloader[0m
[0;32mI (29) boot: compile time Jan 30 2026 10:37:55[0m
[0;32mI (29) boot: Multicore bootloader[0m
[0;32mI (31) boot: chip revision: v3.1[0m
[0;32mI (34) boot.esp32: SPI Speed      : 40MHz[0m
[0;32mI (38) boot.esp32: SPI Mode       : DIO[0m
[0;32mI (41) boot.esp32: SPI Flash Size : 2MB[0m
[0;32mI (45) boot: Enabling RNG early entropy source...[0m
[0;32mI (49) boot: Partition Table:[0m
[0;32mI (52) boot: ## Label            Usage          Type ST Offset   Length[0m
[0;32mI (58) boot:  0 nvs              WiFi data        01 02 00009000 00006000[0m
[0;32mI (65) boot:  1 phy_init         RF data          01 01 0000f000 00001000[0m
[0;32mI (71) boot:  2 factory          factory app      00 00 00010000 001b0000[0m
[0;32mI (78) boot:  3 spiffs           Unknown data     01 82 001c0000 00040000[0m
[0;32mI (84) boot: End of partition table[0m
[0;32mI (88) esp_image: segment 0: paddr=00010020 vaddr=3f400020 size=257d0h (153552) map[0m
[0;32mI (147) esp_image: segment 1: paddr=000357f8 vaddr=3ffbdb60 size=0536ch ( 21356) load[0m
[0;32mI (156) esp_image: segment 2: paddr=0003ab6c vaddr=40080000 size=054ach ( 21676) load[0m
[0;32mI (164) esp_image: segment 3: paddr=00040020 vaddr=400d0020 size=9c55ch (640348) map[0m
[0;32mI (383) esp_image: segment 4: paddr=000dc584 vaddr=400854ac size=160a0h ( 90272) load[0m
[0;32mI (419) esp_image: segment 5: paddr=000f262c vaddr=50000000 size=00020h (    32) load[0m
[0;32mI (432) boot: Loaded app from partition at offset 0x10000[0m
[0;32mI (432) boot: Disabling RNG early entropy source...[0m
[0;32mI (443) cpu_start: Multicore app[0m
[0;32mI (452) cpu_start: Pro cpu start user code[0m
[0;32mI (452) cpu_start: cpu freq: 160000000 Hz[0m
[0;32mI (452) app_init: Application information:[0m
[0;32mI (452) app_init: Project name:     esp_bt_audio_source[0m
[0;32mI (457) app_init: App version:      v0.1.0-382-gdfc74ad0-dirty[0m
[0;32mI (462) app_init: Compile time:     Jan 30 2026 10:37:47[0m
[0;32mI (467) app_init: ELF file SHA256:  7d71f5441...[0m
[0;32mI (472) app_init: ESP-IDF:          v5.5.1-dirty[0m
[0;32mI (476) efuse_init: Min chip rev:     v0.0[0m
[0;32mI (480) efuse_init: Max chip rev:     v3.99 [0m
[0;32mI (484) efuse_init: Chip rev:         v3.1[0m
[0;32mI (488) heap_init: Initializing. RAM available for dynamic allocation:[0m
[0;32mI (494) heap_init: At 3FFAFF10 len 000000F0 (0 KiB): DRAM[0m
[0;32mI (499) heap_init: At 3FFB6388 len 00001C78 (7 KiB): DRAM[0m
[0;32mI (504) heap_init: At 3FFB9A20 len 00004108 (16 KiB): DRAM[0m
[0;32mI (509) heap_init: At 3FFCBC38 len 000143C8 (80 KiB): DRAM[0m
[0;32mI (514) heap_init: At 3FFE0440 len 00003AE0 (14 KiB): D/IRAM[0m
[0;32mI (520) heap_init: At 3FFE4350 len 0001BCB0 (111 KiB): D/IRAM[0m
[0;32mI (525) heap_init: At 4009B54C len 00004AB4 (18 KiB): IRAM[0m
[0;33mW (532) spi_flash: Detected boya flash chip but using generic driver. For optimal functionality, enable `SPI_FLASH_SUPPORT_BOYA_CHIP` in menuconfig[0m
[0;32mI (544) spi_flash: detected chip: generic[0m
[0;32mI (547) spi_flash: flash io: dio[0m
[0;33mW (550) spi_flash: Detected size(4096k) larger than the size in the binary image header(2048k). Using the size in the binary image header.[0m
[0;32mI (563) coexist: coex firmware version: b0bcc39[0m
[0;32mI (567) main_task: Started on CPU0[0m
[0;32mI (577) main_task: Calling app_main()[0m
DIAG|BOOT|EARLY_BOOT_MARKER
[0;32mI (577) BT_AV: ESP32 Bluetooth Audio Source starting[0m
[0;32mI (577) uart: ALREADY NULL[0m
DIAG|BOOT|EARLY_UART_INSTALL|ret=0,installed=1
DIAG|BOOT|UART_READY_FOR_CMD_LAYER
[0;32mI (637) BTDM_INIT: BT controller compile version [722c907][0m
[0;32mI (637) BTDM_INIT: Using main XTAL as clock source[0m
[0;32mI (637) BTDM_INIT: Bluetooth MAC: a0:b7:65:2b:e6:5e[0m
[0;32mI (637) BT_MGR: Controller initialized via bt_manager: mode=2 target_mode=0x2[0m
[0;32mI (647) phy_init: phy_version 4861,b71b5ad,Aug  5 2025,11:16:06[0m
[0;32mI (727) phy_init: Saving new calibration data due to checksum failure or outdated calibration data, mode(0)[0m
[0;32mI (1217) BT_MGR: Controller enabled via bt_manager: mode=CLASSIC_BT[0m
[0;33mW (1307) BT_BTC: A2DP Enable with AVRC[0m
[0;33mW (1307) BT_AVRC: For AVRCP Target Cateory 1 and 3, SDP record shall contain additional protocol list[0m
[0;32mI (1327) BT_MGR: Bluetooth manager initialized with name: ESP_A2DP_SRC[0m
[0;32mI (1337) BT_MGR: Loaded 1 persisted paired devices[0m
[0;32mI (1337) BT_AV: Bluetooth manager initialized[0m
INFO|CMD_IF|BOOT_DIAG|CMD_INIT_CALLED
INFO|CMD_IF|BOOT_DIAG|CMD_INIT_CALLED
INFO|CMD_IF|CMD_TASK_STARTED
INFO|CMD_IF|CMD_TASK_STARTED
DIAG|CMD_IF|UART_DRIVER_INSTALLED|uart=0|installed=1
[0;32mI (1357) audio_queue: audio_chunk_pool_init: queue ready (32 blocks)[0m
[0;32mI (1357) i2s_manager: i2s_manager task started[0m
DIAG|AUDIO|STATUS|initialized=1|running=1|volume=80|mute=0|rate=44100|bits=16|ch=2
[0;32mI (1367) BT_AV: ====================================================[0m
[0;32mI (1377) BT_AV: Bluetooth will scan for and connect to audio devices[0m
[0;32mI (1377) BT_AV: Will play a short beep once per minute[0m
[0;32mI (1387) BT_AV: ====================================================[0m
