Executing action: monitor
Serial port /dev/ttyUSB0
Connecting....
Detecting chip type... ESP32
[0;33m--- esp-idf-monitor 1.8.0 on /dev/ttyUSB0 115200[0m
[0;33m--- Quit: Ctrl+] | Menu: Ctrl+T | Help: Ctrl+T followed by Ctrl+H[0m
Running idf_monitor in directory /home/phil/work/esp32/esp32_btaudio/esp_bt_audio_source
Executing "/home/phil/.espressif/python_env/idf5.5_py3.10_env/bin/python /home/phil/esp/v5.5.1/esp-idf/tools/idf_monitor.py -p /dev/ttyUSB0 -b 115200 --toolchain-prefix xtensa-esp32-elf- --target esp32 --revision 0 /home/phil/work/esp32/esp32_btaudio/esp_bt_audio_source/build/esp_bt_audio_source.elf /home/phil/work/esp32/esp32_btaudio/esp_bt_audio_source/build/bootloader/bootloader.elf -m '/home/phil/.espressif/python_env/idf5.5_py3.10_env/bin/python' '/home/phil/esp/v5.5.1/esp-idf/tools/idf.py'"...
ets Jul 29 2019 12:21:46

rst:0x1 (POWERON_RESET),boot:0x13 (SPI_FAST_FLASH_BOOT)
configsip: 0, SPIWP:0xee
clk_drv:0x00,q_drv:0x00,d_drv:0x00,cs0_drv:0x00,hd_drv:0x00,wp_drv:0x00
mode:DIO, clock div:2
load:0x3fff0030,len:6380
ho 0 tail 12 room 4
load:0x40078000,len:15916
load:0x40080400,len:3860
[0m--- 0x40080400: [0;33m_invalid_pc_placeholder[0m[0m at [0;32m/home/phil/esp/v5.5.1/esp-idf/components/xtensa/xtensa_vectors.S[0m[0m:[1;31m2235[0m
entry 0x40080638
[0m--- 0x40080638: [0;33mcall_start_cpu0[0m[0m at [0;32m/home/phil/esp/v5.5.1/esp-idf/components/bootloader/subproject/main/bootloader_start.c[0m[0m:[1;31m25[0m
[0;32mI (29) boot: ESP-IDF v5.5.1-dirty 2nd stage bootloader[0m
[0;32mI (29) boot: compile time Feb  8 2026 08:58:17[0m
[0;32mI (29) boot: Multicore bootloader[0m
[0;32mI (31) boot: chip revision: v3.1[0m
[0;32mI (34) boot.esp32: SPI Speed      : 40MHz[0m
[0;32mI (38) boot.esp32: SPI Mode       : DIO[0m
[0;32mI (41) boot.esp32: SPI Flash Size : 2MB[0m
[0;32mI (45) boot: Enabling RNG early entropy source...[0m
[0;32mI (49) boot: Partition Table:[0m
[0;32mI (52) boot: ## Label            Usage          Type ST Offset   Length[0m
[0;32mI (58) boot:  0 nvs              WiFi data        01 02 00009000 00006000[0m
[0;32mI (65) boot:  1 phy_init         RF data          01 01 0000f000 00001000[0m
[0;32mI (71) boot:  2 factory          factory app      00 00 00010000 001b0000[0m
[0;32mI (78) boot: End of partition table[0m
[0;32mI (81) esp_image: segment 0: paddr=00010020 vaddr=3f400020 size=255c0h (153024) map[0m
[0;32mI (141) esp_image: segment 1: paddr=000355e8 vaddr=3ffbdb60 size=0537ch ( 21372) load[0m
[0;32mI (149) esp_image: segment 2: paddr=0003a96c vaddr=40080000 size=056ach ( 22188) load[0m
[0;32mI (158) esp_image: segment 3: paddr=00040020 vaddr=400d0020 size=9b340h (635712) map[0m
[0;32mI (375) esp_image: segment 4: paddr=000db368 vaddr=400856ac size=15e68h ( 89704) load[0m
[0;32mI (410) esp_image: segment 5: paddr=000f11d8 vaddr=50000000 size=00020h (    32) load[0m
[0;32mI (424) boot: Loaded app from partition at offset 0x10000[0m
[0;32mI (424) boot: Disabling RNG early entropy source...[0m
[0;32mI (435) cpu_start: Multicore app[0m
[0;32mI (443) cpu_start: Pro cpu start user code[0m
[0;32mI (443) cpu_start: cpu freq: 160000000 Hz[0m
[0;32mI (443) app_init: Application information:[0m
[0;32mI (443) app_init: Project name:     esp_bt_audio_source[0m
[0;32mI (448) app_init: App version:      v0.2.0-mainc-stable-144-ge6e3f3[0m
[0;32mI (454) app_init: Compile time:     Feb  8 2026 09:08:40[0m
[0;32mI (459) app_init: ELF file SHA256:  c1dde3b2f...[0m
[0;32mI (464) app_init: ESP-IDF:          v5.5.1-dirty[0m
[0;32mI (468) efuse_init: Min chip rev:     v0.0[0m
[0;32mI (472) efuse_init: Max chip rev:     v3.99 [0m
[0;32mI (476) efuse_init: Chip rev:         v3.1[0m
[0;32mI (480) heap_init: Initializing. RAM available for dynamic allocation:[0m
[0;32mI (486) heap_init: At 3FFAFF10 len 000000F0 (0 KiB): DRAM[0m
[0;32mI (491) heap_init: At 3FFB6388 len 00001C78 (7 KiB): DRAM[0m
[0;32mI (496) heap_init: At 3FFB9A20 len 00004108 (16 KiB): DRAM[0m
[0;32mI (501) heap_init: At 3FFCBC98 len 00014368 (80 KiB): DRAM[0m
[0;32mI (507) heap_init: At 3FFE0440 len 00003AE0 (14 KiB): D/IRAM[0m
[0;32mI (512) heap_init: At 3FFE4350 len 0001BCB0 (111 KiB): D/IRAM[0m
[0;32mI (517) heap_init: At 4009B514 len 00004AEC (18 KiB): IRAM[0m
[0;33mW (524) spi_flash: Detected boya flash chip but using generic driver. For optimal functionality, enable `SPI_FLASH_SUPPORT_BOYA_CHIP` in menuconfig[0m
[0;32mI (536) spi_flash: detected chip: generic[0m
[0;32mI (539) spi_flash: flash io: dio[0m
[0;33mW (542) spi_flash: Detected size(4096k) larger than the size in the binary image header(2048k). Using the size in the binary image header.[0m
[0;32mI (555) coexist: coex firmware version: b0bcc39[0m
[0;32mI (560) main_task: Started on CPU0[0m
[0;32mI (570) main_task: Calling app_main()[0m
DIAG|BOOT|EARLY_BOOT_MARKER
DIAG|BOOT|EARLY_BOOT_MARKER
[0;32mI (570) BT_AV: ESP32 Bluetooth Audio Source starting[0m
DIAG|BOOT|UART_INSTALL_SUCCESS|installed=1
DIAG|BOOT|UART_INSTALL_SUCCESS|installed=1
DIAG|BOOT|UART_READY_FOR_CMD_LAYER
INFO|CMD_IF|BOOT_DIAG|CMD_INIT_SUCCESS
INFO|CMD_IF|BOOT_DIAG|CMD_INIT_SUCCESS
INFO|CMD_IF|CMD_TASK_STARTED
INFO|CMD_IF|CMD_TASK_STARTED
[0;32mI (630) BTDM_INIT: BT controller compile version [722c907][0m
[0;32mI (640) BTDM_INIT: Using main XTAL as clock source[0m
[0;32mI (640) BTDM_INIT: Bluetooth MAC: a0:b7:65:2b:e6:5e[0m
[0;32mI (650) BT_MGR: Controller initialized via bt_manager: mode=2 target_mode=0x2[0m
[0;32mI (650) phy_init: phy_version 4861,b71b5ad,Aug  5 2025,11:16:06[0m
[0;32mI (740) phy_init: Saving new calibration data due to checksum failure or outdated calibration data, mode(0)[0m
[0;32mI (1290) BT_MGR: Controller enabled via bt_manager: mode=CLASSIC_BT[0m
[0;33mW (1380) BT_BTC: A2DP Enable with AVRC[0m
[0;33mW (1390) BT_AVRC: For AVRCP Target Cateory 1 and 3, SDP record shall contain additional protocol list[0m
[0;32mI (1400) BT_MGR: Bluetooth manager initialized with name: ESP_A2DP_SRC[0m
[0;32mI (1410) BT_MGR: Loaded 1 persisted paired devices[0m
[0;32mI (1410) BT_AV: Bluetooth manager initialized - SCAN/PAIR commands ready[0m
[0;33mW (1410) BT_AV: Failed to read audio_autostart from NVS (ESP_ERR_NVS_NOT_FOUND), using Kconfig default: enabled[0m
DIAG|AUDIO|NVS_READ_ERROR|key=autostart|err=ESP_ERR_NVS_NOT_FOUND|fallback=kconfig_default
[0;32mI (1430) audio_rb: Ring buffer initialized: 32768 bytes (DRAM)[0m
DIAG|AUDIO|STATUS|initialized=1|running=1|autostart=1|volume=80|mute=0|rate=44100|bits=16|ch=2
DIAG|BOOT|SUBSYSTEM_STATUS|cmd=1|bt=1|audio=1
DIAG|BOOT|SUBSYSTEM_STATUS|cmd=1|bt=1|audio=1
[0;32mI (3340) BT_AV: ====================================================[0m
[0;32mI (3350) BT_AV: ESP32 Bluetooth Audio Source - Ready[0m
[0;32mI (3350) BT_AV: Use SCAN/PAIR/CONNECT commands to control BT[0m
[0;32mI (3360) BT_AV: Use PLAY/VOLUME commands to control audio[0m
[0;32mI (3360) BT_AV: ====================================================[0m
[0;32mI (3370) main_task: Returned from app_main()[0m
[1;31mE (8370) task_wdt: Task watchdog got triggered. The following tasks/users did not reset the watchdog in time:[0m
[1;31mE (8370) task_wdt:  - IDLE1 (CPU 1)[0m
[1;31mE (8370) task_wdt: Tasks currently running:[0m
[1;31mE (8370) task_wdt: CPU 0: IDLE0[0m
[1;31mE (8370) task_wdt: CPU 1: audio_engine[0m
[1;31mE (8370) task_wdt: Print CPU 1 backtrace[0m


Backtrace: 0x40084726:0x3FFBFD80 0x40083635:0x3FFBFDA0 0x40094BDA:0x3FFD95C0 0x40125927:0x3FFD95E0 0x40093139:0x3FFD9610
